	(Comment
		(Time 05/29/14,18:40:44)
		(User phdgc)
		(MsgId ECO_081)
		(Text "Symbol sym_9 added to cell")
		(Param1 "sym_9")
	)
	(Comment
		(Time 05/29/14,18:40:44)
		(User phdgc)
		(MsgId ECO_081)
		(Text "Symbol sym_10 added to cell")
		(Param1 "sym_10")
	)
	(Comment
		(Time 05/29/14,18:40:44)
		(User phdgc)
		(MsgId ECO_081)
		(Text "Symbol sym_11 added to cell")
		(Param1 "sym_11")
	)
	(Comment
		(Time 05/29/14,18:40:44)
		(User phdgc)
		(MsgId ECO_081)
		(Text "Symbol sym_12 added to cell")
		(Param1 "sym_12")
	)
	(Comment
		(Time 05/29/14,18:40:44)
		(User phdgc)
		(MsgId ECO_081)
		(Text "Symbol sym_13 added to cell")
		(Param1 "sym_13")
	)
	(Comment
		(Time 05/29/14,18:40:44)
		(User phdgc)
		(MsgId ECO_081)
		(Text "Symbol sym_14 added to cell")
		(Param1 "sym_14")
	)
	(Comment
		(Time 05/29/14,18:40:44)
		(User phdgc)
		(MsgId ECO_081)
		(Text "Symbol sym_15 added to cell")
		(Param1 "sym_15")
	)
	(Comment
		(Time 05/29/14,18:40:44)
		(User phdgc)
		(MsgId ECO_081)
		(Text "Symbol sym_16 added to cell")
		(Param1 "sym_16")
	)
	(Comment
		(Time 05/29/14,18:44:15)
		(User phdgc)
		(MsgId ECO_081)
		(Text "Symbol sym_17 added to cell")
		(Param1 "sym_17")
	)
	(Comment
		(Time 05/29/14,18:44:15)
		(User phdgc)
		(MsgId ECO_081)
		(Text "Symbol sym_18 added to cell")
		(Param1 "sym_18")
	)
	(Comment
		(Time 05/29/14,18:44:15)
		(User phdgc)
		(MsgId ECO_081)
		(Text "Symbol sym_19 added to cell")
		(Param1 "sym_19")
	)
	(Comment
		(Time 05/29/14,18:44:15)
		(User phdgc)
		(MsgId ECO_081)
		(Text "Symbol sym_20 added to cell")
		(Param1 "sym_20")
	)
	(Comment
		(Time 05/29/14,18:44:15)
		(User phdgc)
		(MsgId ECO_081)
		(Text "Symbol sym_21 added to cell")
		(Param1 "sym_21")
	)
	(Comment
		(Time 05/29/14,18:44:15)
		(User phdgc)
		(MsgId ECO_081)
		(Text "Symbol sym_22 added to cell")
		(Param1 "sym_22")
	)
	(Comment
		(Time 05/29/14,18:44:15)
		(User phdgc)
		(MsgId ECO_081)
		(Text "Symbol sym_23 added to cell")
		(Param1 "sym_23")
	)
	(Comment
		(Time 05/29/14,18:44:15)
		(User phdgc)
		(MsgId ECO_081)
		(Text "Symbol sym_24 added to cell")
		(Param1 "sym_24")
	)
	(Comment
		(Time 05/29/14,18:45:09)
		(User phdgc)
		(MsgId ECO_082)
		(Text "Symbol sym_9 deleted from cell")
		(Param1 "sym_9")
	)
	(Comment
		(Time 05/29/14,18:46:01)
		(User phdgc)
		(MsgId ECO_082)
		(Text "Symbol sym_24 deleted from cell")
		(Param1 "sym_24")
	)
	(Comment
		(Time 05/29/14,18:46:15)
		(User phdgc)
		(MsgId ECO_082)
		(Text "Symbol sym_23 deleted from cell")
		(Param1 "sym_23")
	)
	(Comment
		(Time 05/29/14,18:46:29)
		(User phdgc)
		(MsgId ECO_082)
		(Text "Symbol sym_22 deleted from cell")
		(Param1 "sym_22")
	)
	(Comment
		(Time 05/29/14,18:46:43)
		(User phdgc)
		(MsgId ECO_082)
		(Text "Symbol sym_21 deleted from cell")
		(Param1 "sym_21")
	)
	(Comment
		(Time 05/29/14,18:47:01)
		(User phdgc)
		(MsgId ECO_082)
		(Text "Symbol sym_20 deleted from cell")
		(Param1 "sym_20")
	)
	(Comment
		(Time 05/29/14,18:47:15)
		(User phdgc)
		(MsgId ECO_082)
		(Text "Symbol sym_19 deleted from cell")
		(Param1 "sym_19")
	)
	(Comment
		(Time 05/29/14,18:47:31)
		(User phdgc)
		(MsgId ECO_082)
		(Text "Symbol sym_18 deleted from cell")
		(Param1 "sym_18")
	)
	(Comment
		(Time 05/29/14,18:47:43)
		(User phdgc)
		(MsgId ECO_082)
		(Text "Symbol sym_17 deleted from cell")
		(Param1 "sym_17")
	)
	(Comment
		(Time 05/29/14,18:48:21)
		(User phdgc)
		(MsgId ECO_082)
		(Text "Symbol sym_16 deleted from cell")
		(Param1 "sym_16")
	)
	(Comment
		(Time 05/29/14,18:48:33)
		(User phdgc)
		(MsgId ECO_082)
		(Text "Symbol sym_15 deleted from cell")
		(Param1 "sym_15")
	)
	(Comment
		(Time 05/29/14,18:48:48)
		(User phdgc)
		(MsgId ECO_082)
		(Text "Symbol sym_14 deleted from cell")
		(Param1 "sym_14")
	)
	(Comment
		(Time 05/29/14,18:48:58)
		(User phdgc)
		(MsgId ECO_082)
		(Text "Symbol sym_13 deleted from cell")
		(Param1 "sym_13")
	)
	(Comment
		(Time 05/29/14,18:49:11)
		(User phdgc)
		(MsgId ECO_082)
		(Text "Symbol sym_12 deleted from cell")
		(Param1 "sym_12")
	)
	(Comment
		(Time 05/29/14,18:49:23)
		(User phdgc)
		(MsgId ECO_082)
		(Text "Symbol sym_11 deleted from cell")
		(Param1 "sym_11")
	)
	(Comment
		(Time 05/29/14,18:49:36)
		(User phdgc)
		(MsgId ECO_082)
		(Text "Symbol sym_10 deleted from cell")
		(Param1 "sym_10")
	)
