(---------------------------------------------------------------------)
(                                                                     )
(    NC DRILL Log                                                     )
(                                                                     )
(    Drawing          : #Taaaaaa32191.tmp                             )
(    Software Version : 16.6S014                                      )
(    Date/Time        : Mon Feb 23 12:24:05 2015                      )
(                                                                     )
(---------------------------------------------------------------------)



 Processing NC Parameters file 'nc_param.txt' ...

 NC PARAMETERS
 -------------

 FORMAT   		3.5
 MACHINE-OFFSET		x:0.000000	y:0.000000
 FEEDRATE		1
 COORDINATES		ABSOLUTE
 OUTPUT-UNITS		METRIC
 TOOL-ORDER		INCREASING
 REPEAT-CODES		YES
 SUPPRESS-LEAD-ZEROES	NO
 SUPPRESS-TRAIL-ZEROES	NO
 SUPPRESS-EQUAL		NO
 TOOL-SELECT		YES
 HEADER			none
 LEADER			12
 CODE			ASCII
 SEPARATE		NO
 SEPARATE-ROUTING	NO
 OPTIMIZE_DRILLING	NO
 ENHANCED_EXCELLON	YES
 SCALE			1.000000

 WARNING(SPMHMF-368): Cannot find NC Drill tool file 'nc_tools.txt'
 WARNING(SPMHMF-369): ... will auto-generate tool file 'nc_tools_auto.txt'.


     Auto-generating tool file 'nc_tools_auto.txt' ...

           Size  Plating  Tool        + Tolerance  - Tolerance

         0.3000  P        T01            0.000000     0.000000
         0.3302  P        T02            0.000000     0.000000
         0.4000  P        T03            0.000000     0.000000
         0.8128  P        T04            0.000000     0.000000
         0.8500  P        T05            0.000000     0.000000
         0.9000  P        T06            0.000000     0.000000
         0.9144  P        T07            0.000000     0.000000
         0.9500  P        T08            0.000000     0.000000
         1.0000  P        T09            0.000000     0.000000
         1.0160  P        T10            0.000000     0.000000
         1.0500  P        T11            0.000000     0.000000
         1.3500  P        T12            0.000000     0.000000
         1.4986  P        T13            0.000000     0.000000
         2.8000  P        T14            0.000000     0.000000
         3.5560  P        T15            0.000000     0.000000
         1.5500  N        T16            0.000000     0.000000
         4.2672  N        T17            0.000000     0.000000


 Drill files being output to directory '/projects/HEP_Instrumentation/cad/designs/uob-hep-pc049a/trunk/design_files/worklib/pc049a_toplevel/physical' ...



     'pc049a_toplevel_51-1-10.drl' created for holes connecting TOP and BOTTOM
     -------------------------------------------------------------------------

     Tool  Num     Size      +/- Tolerance     Plating   Quantity

     T01    1.   0.3000    0.0000/  0.0000      PLATED       1716
     T02    2.   0.3302    0.0000/  0.0000      PLATED         69
     T03    3.   0.4000    0.0000/  0.0000      PLATED          1
     T04    4.   0.8128    0.0000/  0.0000      PLATED         77
     T05    5.   0.8500    0.0000/  0.0000      PLATED          2
     T06    6.   0.9000    0.0000/  0.0000      PLATED          6
     T07    7.   0.9144    0.0000/  0.0000      PLATED         20
     T08    8.   0.9500    0.0000/  0.0000      PLATED         18
     T09    9.   1.0000    0.0000/  0.0000      PLATED        192
     T10   10.   1.0160    0.0000/  0.0000      PLATED          2
     T11   11.   1.0500    0.0000/  0.0000      PLATED         20
     T12   12.   1.3500    0.0000/  0.0000      PLATED          4
     T13   13.   1.4986    0.0000/  0.0000      PLATED          2
     T14   14.   2.8000    0.0000/  0.0000      PLATED          4
     T15   15.   3.5560    0.0000/  0.0000      PLATED          8
     T16   16.   1.5500    0.0000/  0.0000  NON_PLATED          4
     T17   17.   4.2672    0.0000/  0.0000  NON_PLATED          2

     ---- Total holes:                                       2147

     ---- Total head travel:              109.58 feet (33.40 meters)

