(---------------------------------------------------------------------)
(                                                                     )
(    QUICKPLACE LOG                                                   )
(                                                                     )
(    Drawing          : pc049a_toplevel_19.brd                        )
(    Software Version : 16.6S014                                      )
(    Date/Time        : Tue Jun  3 14:38:10 2014                      )
(                                                                     )
(---------------------------------------------------------------------)


State: Placing on layer TOP

         Placed symbol:  IC14 / LTM4606EV#PBF / LGA133S127P12X12_05-08-1766 at (-46.9968 87.0032)
         Placed symbol:  J8 / CON14P-MOLEX_87831 / CON14MD_2MM at (-36.8436 93.5282)
         Placed symbol:  J10 / CON12P-TSM-106-01-S-DV / SAMTEC_TSM-106-01-X-DV at (-22.0304 83.8772)
         Placed symbol:  IC15 / 24AA64T-I/MC / SON50P300X200X100-9N-R175X155 at (-14.2972 80.4532)
         Placed symbol:  LC1 / BNX022-01 / MURATA_BNX02 at (-4.2440 84.6532)
         Placed symbol:  IC18 / SN74AUP1T57DCK-GND=GND_SIGNAL,A / SOP65P210X110-6N at (5.4592 80.5032)
         Placed symbol:  IC17 / SN74AUP1T57DCK-GND=GND_SIGNAL,A / SOP65P210X110-6N at (9.2624 80.5032)
         Placed symbol:  QZ2 / OSC_6P_VCTRL_ENDIS_OUT_124-CFPB / OSCSC254P490X696X180-6N at (14.5656 83.0732)
         Placed symbol:  LC3 / BNX022-01 / MURATA_BNX02 at (25.7688 84.6532)
         Placed symbol:  IC19 / SN74AUP1T57DCK-GND=GND_SIGNAL,A / SOP65P210X110-6N at (35.4720 80.5032)
         Placed symbol:  IC21 / LP3874_ADJ_SOT223 / SOT223_5 at (38.6752 80.0922)
         Placed symbol:  IC16 / SN74LVC1G06DBVT / SOT23_5 at (45.1284 79.8382)
         Placed symbol:  IC20 / LP3874_ADJ_SOT223 / SOT223_5 at (48.9816 80.0922)
         Placed symbol:  C136 / CAPCERSMDCL2_1206-100UF,6.3V / C1206 at (-52.1918 97.2064)
         Placed symbol:  C139 / CAPCERSMDCL2_1206-100UF,6.3V / C1206 at (-47.0336 97.2064)
         Placed symbol:  C142 / CAPCERSMDCL2_1206-100UF,6.3V / C1206 at (-41.8754 97.2064)
         Placed symbol:  C97 / CAPCERSMDCL2_1206-100UF_X5R,6.A / C1206 at (-36.7172 97.2064)
         Placed symbol:  C96 / CAPCERSMDCL2_1206-100UF_X5R,6.A / C1206 at (-31.5590 97.2064)
         Placed symbol:  C126 / CAPCERSMDCL2_1206-100UF,6.3V / C1206 at (-26.4008 97.2064)
         Placed symbol:  C133 / CAPCERSMDCL2_1206-100UF,6.3V / C1206 at (-21.2426 97.2064)
         Placed symbol:  R66 / RSMD0603_1/10W-16K,1% / C0603 at (-16.8344 96.8064)
         Placed symbol:  C116 / CAPCERSMDCL2_1206-100UF,6.3V / C1206 at (-12.5762 97.2064)
         Placed symbol:  R69 / RSMD0603_1/10W-62K,1% / C0603 at (-8.1680 96.8064)
         Placed symbol:  C127 / CAPCERSMDCL2_0402-4.7UF,4V / C0402 at (-5.3098 97.2994)
         Placed symbol:  C138 / CAPCERSMDCL2_0402-4.7UF,4V / C0402 at (-2.1240 97.2994)
         Placed symbol:  C145 / CAPCERSMDCL2_0402-4.7UF,4V / C0402 at (1.0618 97.2994)
         Placed symbol:  C148 / CAPCERSMDCL2_0402-4.7UF,4V / C0402 at (4.2476 97.2994)
         Placed symbol:  C151 / CAPCERSMDCL2_0402-4.7UF,4V / C0402 at (7.4334 97.2994)
         Placed symbol:  R68 / RSMD0603_1/10W-33K,1% / C0603 at (11.2692 96.8064)
         Placed symbol:  C155 / CAPCERSMDCL2_0402-4.7UF,4V / C0402 at (14.1274 97.2994)
         Placed symbol:  C157 / CAPCERSMDCL2_0402-4.7UF,4V / C0402 at (17.3132 97.2994)
         Placed symbol:  C117 / CAPCERSMDCL2_0402-4.7UF,4V / C0402 at (20.4990 97.2994)
         Placed symbol:  C115 / CAPCERSMDCL2_1206-100UF,6.3V / C1206 at (25.0848 97.2064)
         Placed symbol:  R49 / RSMD0603_1/10W-51K,1% / C0603 at (29.4930 96.8064)
         Placed symbol:  C162 / CAPCERSMDCL1_0603-56PF,50V / C0603 at (33.0012 96.8064)
         Placed symbol:  C153 / CAPCERSMDCL2_0402-4.7UF,4V / C0402 at (35.8594 97.2994)
         Placed symbol:  C107 / CAPCERSMDCL2_0402-1UF,16V / C0402 at (39.0452 97.2994)
         Placed symbol:  C110 / CAPCERSMDCL2_0402-1UF,16V / C0402 at (42.2310 97.2994)
         Placed symbol:  C74 / CAPCERSMDCL2_0805-22UF,6.3V / C0805 at (46.2168 97.0064)
         Placed symbol:  C99 / CAPCERSMDCL2_0805-22UF,6.3V / C0805 at (50.1750 97.0064)
         Placed symbol:  C43 / CAPCERSMDCL2_0805-22UF,6.3V / C0805 at (-52.7918 99.5096)
         Placed symbol:  C98 / CAPCERSMDCL2_0805-22UF,6.3V / C0805 at (-48.8336 99.5096)
         Placed symbol:  C129 / CAPCERSMDCL2_0805-22UF,6.3V / C0805 at (-44.8754 99.5096)
         Placed symbol:  C135 / CAPCERSMDCL2_0805-22UF,6.3V / C0805 at (-40.9172 99.5096)
         Placed symbol:  C104 / CAPCERSMDCL2_0805-22UF,6.3V / C0805 at (-36.9590 99.5096)
         Placed symbol:  LD7 / LED-HSMG-C150 / D1206 at (-34.1803 99.7661)
         Placed symbol:  LD6 / LED-HSMG-C150 / D1206 at (-29.1261 99.7661)
         Placed symbol:  LD4 / LED-HSMG-C150 / D1206 at (-24.0719 99.7661)
         Placed symbol:  LD3 / LED-HSMY-C150 / D1206 at (-19.0177 99.7661)
         Placed symbol:  R63 / RSMD0603_1/10W-2.4K,1% / C0603 at (-12.9340 99.3096)
         Placed symbol:  R61 / RSMD0603_1/10W-330,1% / C0603 at (-9.4258 99.3096)
         Placed symbol:  C118 / CAPCERSMDCL2_0402-4.7UF,4V / C0402 at (-6.5676 99.8026)
         Placed symbol:  R67 / RSMD0603_1/10W-4.7K,1% / C0603 at (-2.7318 99.3096)
         Placed symbol:  R7 / RSMD0603_1/10W-4.7K,1% / C0603 at (0.7764 99.3096)
         Placed symbol:  R56 / RSMD0603_1/10W-4.7K,1% / C0603 at (4.2846 99.3096)
         Placed symbol:  R57 / RSMD0603_1/10W-4.7K,1% / C0603 at (7.7928 99.3096)
         Placed symbol:  J9 / CON2P-MSTBA2,5/2-G-5,08 / CON2MC_508 at (19.5460 107.1596)
         Placed symbol:  R59 / RSMD0603_1/10W-4.7K,1% / C0603 at (23.5542 99.3096)
         Placed symbol:  C119 / CAPCERSMDCL2_0402-4.7UF,4V / C0402 at (26.4124 99.8026)
         Placed symbol:  R62 / RSMD0603_1/10W-4.7K,1% / C0603 at (30.2482 99.3096)
         Placed symbol:  C161 / CAPCERSMDCL1_0603-220PF,50V / C0603 at (33.7564 99.3096)
         Placed symbol:  R64 / RSMD0402_-00, / C0402 at (36.6146 99.8026)
         Placed symbol:  R71 / RSMD0603_1/10W-3.3K,1% / C0603 at (40.4504 99.3096)
         Placed symbol:  R65 / RSMD0402_-00, / C0402 at (43.3086 99.8026)
         Placed symbol:  R53 / RSMD0603_1/10W-51,1% / C0603 at (47.1444 99.3096)
         Placed symbol:  R11 / RSMD0603_1/16W-9K,1% / C0603 at (50.6526 99.3096)
         Placed symbol:  R48 / RSMD0603_1/10W-4.7K,1% / C0603 at (-52.9418 111.5628)
         Placed symbol:  LD2 / LED-HSMH-C150 / D1206 at (-50.4631 112.0193)
         Placed symbol:  LD5 / LED-HSMH-C150 / D1206 at (-45.4089 112.0193)
         Placed symbol:  LD1 / LED-HSMH-C150 / D1206 at (-40.3547 112.0193)
         Placed symbol:  R70 / RSMD0603_1/10W-150,1% / C0603 at (-34.2710 111.5628)
         Placed symbol:  R52 / RSMD0603_1/10W-150,1% / C0603 at (-30.7628 111.5628)
         Placed symbol:  R50 / RSMD0603_1/10W-180,1% / C0603 at (-27.2546 111.5628)
         Placed symbol:  C34 / CAPCERSMDCL2_0603-XX,50V / C0603 at (-23.7464 111.5628)
         Placed symbol:  C88 / CAPCERSMDCL2_0603-XX,50V / C0603 at (-20.2382 111.5628)
         Placed symbol:  R44 / RSMD0603_1/10W-11K,1% / C0603 at (-16.7300 111.5628)
         Placed symbol:  R51 / RSMD0603_1/10W-120,1% / C0603 at (-13.2218 111.5628)
         Placed symbol:  R46 / RSMD0603_1/10W-120,1% / C0603 at (-9.7136 111.5628)
         Placed symbol:  R47 / RSMD0603_1/10W-120,1% / C0603 at (-6.2054 111.5628)
         Placed symbol:  C3 / CAPCERSMDCL2_0603-1.0UF,6.3V / C0603 at (-2.6972 111.5628)
         Placed symbol:  R32 / RSMD0603_1/16W-1.2K,1% / C0603 at (0.8110 111.5628)
         Placed symbol:  R34 / RSMD0603_1/16W-1.2K,1% / C0603 at (4.3192 111.5628)
         Placed symbol:  R26 / RSMD0603_1/16W-1.2K,1% / C0603 at (7.8274 111.5628)
         Placed symbol:  R28 / RSMD0603_1/16W-1.2K,1% / C0603 at (11.3356 111.5628)
         Placed symbol:  R30 / RSMD0603_1/16W-1.2K,1% / C0603 at (14.8438 111.5628)
         Placed symbol:  R33 / RSMD0603_1/16W-2.4K,1% / C0603 at (18.3520 111.5628)
         Placed symbol:  R35 / RSMD0603_1/16W-2.4K,1% / C0603 at (21.8602 111.5628)
         Placed symbol:  R3 / RSMD0603_1/16W-2.4K,1% / C0603 at (25.3684 111.5628)
         Placed symbol:  R25 / RSMD0603_1/16W-2.4K,1% / C0603 at (28.8766 111.5628)
         Placed symbol:  R27 / RSMD0603_1/16W-2.4K,1% / C0603 at (32.3848 111.5628)
         Placed symbol:  R29 / RSMD0603_1/16W-2.4K,1% / C0603 at (35.8930 111.5628)
         Placed symbol:  R31 / RSMD0603_1/16W-2.4K,1% / C0603 at (39.4012 111.5628)
         Placed symbol:  C165 / CAPCERSMDCL1_0603-100PF,50V / C0603 at (42.9094 111.5628)
         Placed symbol:  L5 / FERRITE_SMD-220Z,ILBB_0603 / C0603 at (46.4176 111.5628)
         Placed symbol:  L6 / FERRITE_SMD-220Z,ILBB_0603 / C0603 at (49.9258 111.5628)
         Placed symbol:  C164 / CAPCERSMDCL1_0603-100PF,50V / C0603 at (53.4340 111.5628)
         Placed symbol:  L8 / FERRITE_SMD-220Z,ILBB_0603 / C0603 at (-52.9418 114.1790)
         Placed symbol:  R60 / RSMD0603_1/10W-4.7K,1% / C0603 at (-49.4336 114.1790)
         Placed symbol:  R54 / RSMD0603_-00, / C0603 at (-45.9254 114.1790)
         Placed symbol:  R55 / RSMD0603_-00, / C0603 at (-42.4172 114.1790)
         Placed symbol:  R18 / RSMD0603_-00, / C0603 at (-38.9090 114.1790)
         Placed symbol:  R19 / RSMD0603_-00, / C0603 at (-35.4008 114.1790)
         Placed symbol:  R20 / RSMD0603_-00, / C0603 at (-31.8926 114.1790)
         Placed symbol:  R21 / RSMD0603_-00, / C0603 at (-28.3844 114.1790)
         Placed symbol:  R22 / RSMD0603_-00, / C0603 at (-24.8762 114.1790)
         Placed symbol:  R23 / RSMD0603_-00, / C0603 at (-21.3680 114.1790)
         Placed symbol:  R24 / RSMD0603_-00, / C0603 at (-17.8598 114.1790)
         Placed symbol:  R14 / RSMD0603_1/10W-240,1% / C0603 at (-14.3516 114.1790)
         Placed symbol:  R15 / RSMD0603_1/10W-240,1% / C0603 at (-10.8434 114.1790)
         Placed symbol:  R16 / RSMD0603_1/10W-240,1% / C0603 at (-7.3352 114.1790)
         Placed symbol:  R17 / RSMD0603_1/10W-33,1% / C0603 at (-3.8270 114.1790)
         Placed symbol:  R58 / RSMD0603_1/10W-4.7K,1% / C0603 at (-0.3188 114.1790)
         Placed symbol:  C163 / CAPCERSMDCL1_0603-100PF,50V / C0603 at (3.1894 114.1790)
         Placed symbol:  C14 / CAPCERSMDCL2_0402-100NF,10V / C0402 at (6.0476 114.6720)
         Placed symbol:  C15 / CAPCERSMDCL2_0402-100NF,10V / C0402 at (9.2334 114.6720)
         Placed symbol:  C16 / CAPCERSMDCL2_0402-100NF,10V / C0402 at (12.4192 114.6720)
         Placed symbol:  C17 / CAPCERSMDCL2_0402-100NF,10V / C0402 at (15.6050 114.6720)
         Placed symbol:  C18 / CAPCERSMDCL2_0402-100NF,10V / C0402 at (18.7908 114.6720)
         Placed symbol:  C19 / CAPCERSMDCL2_0402-100NF,10V / C0402 at (21.9766 114.6720)
         Placed symbol:  C20 / CAPCERSMDCL2_0402-100NF,10V / C0402 at (25.1624 114.6720)
         Placed symbol:  C21 / CAPCERSMDCL2_0402-100NF,10V / C0402 at (28.3482 114.6720)
         Placed symbol:  C45 / CAPCERSMDCL2_0402-10NF,16V_GEN / C0402 at (31.5340 114.6720)
         Placed symbol:  C44 / CAPCERSMDCL2_0402-1NF_X7R,50V / C0402 at (34.7198 114.6720)
         Placed symbol:  C59 / CAPCERSMDCL2_0402-1UF,10V / C0402 at (37.9056 114.6720)
         Placed symbol:  C71 / CAPCERSMDCL2_0402-1UF,10V / C0402 at (41.0914 114.6720)
         Placed symbol:  C9 / CAPCERSMDCL2_0402-1UF,10V / C0402 at (44.2772 114.6720)
         Placed symbol:  C10 / CAPCERSMDCL2_0402-1UF,10V / C0402 at (47.4630 114.6720)
         Placed symbol:  C12 / CAPCERSMDCL2_0402-1UF,10V / C0402 at (50.6488 114.6720)
         Placed symbol:  C24 / CAPCERSMDCL2_0402-1UF,10V / C0402 at (-53.5918 116.6182)
         Placed symbol:  C25 / CAPCERSMDCL2_0402-1UF,10V / C0402 at (-50.4060 116.6182)
         Placed symbol:  C27 / CAPCERSMDCL2_0402-1UF,10V / C0402 at (-47.2202 116.6182)
         Placed symbol:  C101 / CAPCERSMDCL2_0603-100NF,16V / C0603 at (-43.3844 116.1252)
         Placed symbol:  L7 / FERRITE_SMD-220Z,ILBB_0603 / C0603 at (-39.8762 116.1252)
         Placed symbol:  C103 / CAPCERSMDCL2_0603-100NF,16V / C0603 at (-36.3680 116.1252)
         Placed symbol:  C100 / CAPCERSMDCL2_0603-100NF,16V / C0603 at (-32.8598 116.1252)
         Placed symbol:  C49 / CAPCERSMDCL2_0603-100NF,16V / C0603 at (-29.3516 116.1252)
         Placed symbol:  C60 / CAPCERSMDCL2_0603-100NF,16V / C0603 at (-25.8434 116.1252)
         Placed symbol:  C61 / CAPCERSMDCL2_0603-100NF,16V / C0603 at (-22.3352 116.1252)
         Placed symbol:  C1 / CAPCERSMDCL2_0603-100NF,16V / C0603 at (-18.8270 116.1252)
         Placed symbol:  C2 / CAPCERSMDCL2_0603-100NF,16V / C0603 at (-15.3188 116.1252)
         Placed symbol:  C4 / CAPCERSMDCL2_0603-100NF,16V / C0603 at (-11.8106 116.1252)
         Placed symbol:  C5 / CAPCERSMDCL2_0603-100NF,16V / C0603 at (-8.3024 116.1252)
         Placed symbol:  C6 / CAPCERSMDCL2_0603-100NF,16V / C0603 at (-4.7942 116.1252)
         Placed symbol:  C7 / CAPCERSMDCL2_0603-100NF,16V / C0603 at (-1.2860 116.1252)
         Placed symbol:  C8 / CAPCERSMDCL2_0603-100NF,16V / C0603 at (2.2222 116.1252)
         Placed symbol:  C31 / CAPCERSMDCL2_0603-100NF,16V / C0603 at (5.7304 116.1252)
         Placed symbol:  C77 / CAPCERSMDCL2_0603-100NF,16V / C0603 at (9.2386 116.1252)
         Placed symbol:  C48 / CAPCERSMDCL2_0603-10UF,6.3V / C0603 at (12.7468 116.1252)
         Placed symbol:  C41 / CAPCERSMDCL2_0603-2.2UF,10V / C0603 at (16.2550 116.1252)
         Placed symbol:  C95 / CAPCERSMDCL2_0603-2.2UF,10V / C0603 at (19.7632 116.1252)
         Placed symbol:  C84 / CAPCERSMDCL2_0603-2.2UF,10V / C0603 at (23.2714 116.1252)
         Placed symbol:  C42 / CAPCERSMDCL2_0603-2.2UF,10V / C0603 at (26.7796 116.1252)
         Placed symbol:  C46 / CAPCERSMDCL2_0603-2.2UF,10V / C0603 at (30.2878 116.1252)
         Placed symbol:  C51 / CAPCERSMDCL2_0603-22UF,4V / C0603 at (33.7960 116.1252)
         Placed symbol:  C52 / CAPCERSMDCL2_0603-22UF,4V / C0603 at (37.3042 116.1252)
         Placed symbol:  C53 / CAPCERSMDCL2_0603-22UF,4V / C0603 at (40.8124 116.1252)
         Placed symbol:  C54 / CAPCERSMDCL2_0603-22UF,4V / C0603 at (44.3206 116.1252)
         Placed symbol:  C55 / CAPCERSMDCL2_0603-22UF,4V / C0603 at (47.8288 116.1252)
         Placed symbol:  C65 / CAPCERSMDCL2_0603-22UF,4V / C0603 at (51.3370 116.1252)
         Placed symbol:  C67 / CAPCERSMDCL2_0603-22UF,4V / C0603 at (-52.9418 118.0714)
         Placed symbol:  C13 / CAPCERSMDCL2_0603-22UF,4V / C0603 at (-49.4336 118.0714)
         Placed symbol:  C23 / CAPCERSMDCL2_0603-22UF,4V / C0603 at (-45.9254 118.0714)
         Placed symbol:  C28 / CAPCERSMDCL2_0603-22UF,4V / C0603 at (-42.4172 118.0714)
         Placed symbol:  C30 / CAPCERSMDCL2_0603-22UF,4V / C0603 at (-38.9090 118.0714)
         Placed symbol:  C47 / CAPCERSMDCL2_0603-4.7UF,6.3V_GA / C0603 at (-35.4008 118.0714)
         Placed symbol:  C33 / CAPCERSMDCL2_1210-10UF,50V / CAPC3225X279N at (-31.3976 118.9214)
         Placed symbol:  C35 / CAPCERSMDCL2_1210-10UF,50V / CAPC3225X279N at (-26.4944 118.9214)
         Placed symbol:  C36 / CAPCERSMDCL2_1210-10UF,50V / CAPC3225X279N at (-21.5912 118.9214)
         Placed symbol:  C37 / CAPCERSMDCL2_1210-10UF,50V / CAPC3225X279N at (-16.6880 118.9214)
         Placed symbol:  C87 / CAPCERSMDCL2_1210-10UF,50V / CAPC3225X279N at (-11.7848 118.9214)
         Placed symbol:  C89 / CAPCERSMDCL2_1210-10UF,50V / CAPC3225X279N at (-6.8816 118.9214)
         Placed symbol:  C90 / CAPCERSMDCL2_1210-10UF,50V / CAPC3225X279N at (-1.9784 118.9214)
         Placed symbol:  C91 / CAPCERSMDCL2_1210-10UF,50V / CAPC3225X279N at (2.9248 118.9214)
         Placed symbol:  C76 / CAPCERSMDCL2_1210-10UF,50V / CAPC3225X279N at (7.8280 118.9214)
         Placed symbol:  C78 / CAPCERSMDCL2_1210-10UF,50V / CAPC3225X279N at (12.7312 118.9214)
         Placed symbol:  C79 / CAPCERSMDCL2_1210-10UF,50V / CAPC3225X279N at (17.6344 118.9214)
         Placed symbol:  C80 / CAPCERSMDCL2_1210-10UF,50V / CAPC3225X279N at (22.5376 118.9214)
         Placed symbol:  C38 / CAPCERSMDCL2_1210-47UF_X5R,6.3V / C1210 at (27.6958 118.9214)
         Placed symbol:  C39 / CAPCERSMDCL2_1210-47UF_X5R,6.3V / C1210 at (32.8540 118.9214)
         Placed symbol:  C92 / CAPCERSMDCL2_1210-47UF_X5R,6.3V / C1210 at (38.0122 118.9214)
         Placed symbol:  C93 / CAPCERSMDCL2_1210-47UF_X5R,6.3V / C1210 at (43.1704 118.9214)
         Placed symbol:  C81 / CAPCERSMDCL2_1210-47UF_X5R,6.3V / C1210 at (48.3286 118.9214)
         Placed symbol:  C82 / CAPCERSMDCL2_1210-47UF_X5R,6.3V / C1210 at (-52.1918 122.3246)
         Placed symbol:  C32 / ELCAPTAN_SMD-150UF,20V / C7343POL at (-48.4886 122.9246)
         Placed symbol:  C86 / ELCAPTAN_SMD-150UF,20V / C7343POL at (-39.9924 122.9246)
         Placed symbol:  C75 / ELCAPTAN_SMD-150UF,20V / C7343POL at (-31.4962 122.9246)
         Placed symbol:  C40 / ELCAPTAN_SMD-220UF,6.3V / POSCAP_D3 at (-22.8800 122.9746)
         Placed symbol:  C94 / ELCAPTAN_SMD-220UF,6.3V / POSCAP_D3 at (-14.0368 122.9746)
         Placed symbol:  C83 / ELCAPTAN_SMD-220UF,6.3V / POSCAP_D3 at (-5.1936 122.9746)
         Placed symbol:  C85 / ELCAPTAN_SMD-220UF,6.3V / POSCAP_D3 at (3.6496 122.9746)
         Placed symbol:  L9 / FERRITE_C0805-LI0805H121R-10,LA / INDC2012X90N at (13.0728 121.8746)
         Placed symbol:  C102 / CAPCERSMDCL2_0603-100NF,16V / C0603 at (16.9810 121.4746)
         Placed symbol:  R13 / RSMD0402_1/16W-47K,1% / C0402 at (19.8392 121.9676)
         Placed symbol:  R72 / RSMD0603_1/10W-100K,1% / C0603 at (23.6750 121.4746)
         Placed symbol:  R73 / RSMD0603_1/10W-100K,1% / C0603 at (27.1832 121.4746)
         Placed symbol:  R74 / RSMD0603_1/10W-100K,1% / C0603 at (30.6914 121.4746)
         Placed symbol:  R10 / RSMD0603_1/10W-100K,1% / C0603 at (34.1996 121.4746)
         Placed symbol:  R43 / RSMD0603_1/10W-100K,1% / C0603 at (37.7078 121.4746)
         Placed symbol:  R38 / RSMD0603_1/10W-100K,1% / C0603 at (41.2160 121.4746)
         Placed symbol:  R12 / RSMD0603_1/10W-390K,1% / C0603 at (44.7242 121.4746)
         Placed symbol:  R45 / RSMD0603_1/10W-390K,1% / C0603 at (48.2324 121.4746)
         Placed symbol:  R40 / RSMD0603_1/10W-390K,1% / C0603 at (51.7406 121.4746)
         Placed symbol:  R8 / RSMD0603_1/10W-XX,1% / C0603 at (-52.9418 126.5778)
         Placed symbol:  R9 / RSMD0603_1/10W-XX,1% / C0603 at (-49.4336 126.5778)
         Placed symbol:  R41 / RSMD0603_1/10W-XX,1% / C0603 at (-45.9254 126.5778)
         Placed symbol:  R42 / RSMD0603_1/10W-XX,1% / C0603 at (-42.4172 126.5778)
         Placed symbol:  R36 / RSMD0603_1/10W-XX,1% / C0603 at (-38.9090 126.5778)
         Placed symbol:  R37 / RSMD0603_1/10W-XX,1% / C0603 at (-35.4008 126.5778)
         Placed symbol:  R39 / RSMD0603_1/16W-40.2K,1% / C0603 at (-31.8926 126.5778)
         Placed symbol:  C128 / CAPCERSMDCL2_0402-100NF,16V_GEN / C0402 at (-29.0344 127.0708)
         Placed symbol:  C130 / CAPCERSMDCL2_0402-100NF,16V_GEN / C0402 at (-25.8486 127.0708)
         Placed symbol:  C131 / CAPCERSMDCL2_0402-100NF,16V_GEN / C0402 at (-22.6628 127.0708)
         Placed symbol:  C132 / CAPCERSMDCL2_0402-100NF,16V_GEN / C0402 at (-19.4770 127.0708)
         Placed symbol:  C134 / CAPCERSMDCL2_0402-100NF,16V_GEN / C0402 at (-16.2912 127.0708)
         Placed symbol:  C137 / CAPCERSMDCL2_0402-100NF,16V_GEN / C0402 at (-13.1054 127.0708)
         Placed symbol:  C140 / CAPCERSMDCL2_0402-100NF,16V_GEN / C0402 at (-9.9196 127.0708)
         Placed symbol:  C141 / CAPCERSMDCL2_0402-100NF,16V_GEN / C0402 at (-6.7338 127.0708)
         Placed symbol:  C143 / CAPCERSMDCL2_0402-100NF,16V_GEN / C0402 at (-3.5480 127.0708)
         Placed symbol:  C144 / CAPCERSMDCL2_0402-100NF,16V_GEN / C0402 at (-0.3622 127.0708)
         Placed symbol:  C146 / CAPCERSMDCL2_0402-100NF,16V_GEN / C0402 at (2.8236 127.0708)
         Placed symbol:  C147 / CAPCERSMDCL2_0402-100NF,16V_GEN / C0402 at (6.0094 127.0708)
         Placed symbol:  C149 / CAPCERSMDCL2_0402-100NF,16V_GEN / C0402 at (9.1952 127.0708)
         Placed symbol:  C150 / CAPCERSMDCL2_0402-100NF,16V_GEN / C0402 at (12.3810 127.0708)
         Placed symbol:  C152 / CAPCERSMDCL2_0402-100NF,16V_GEN / C0402 at (15.5668 127.0708)
         Placed symbol:  C154 / CAPCERSMDCL2_0402-100NF,16V_GEN / C0402 at (18.7526 127.0708)
         Placed symbol:  C156 / CAPCERSMDCL2_0402-100NF,16V_GEN / C0402 at (21.9384 127.0708)
         Placed symbol:  C158 / CAPCERSMDCL2_0402-100NF,16V_GEN / C0402 at (25.1242 127.0708)
         Placed symbol:  C159 / CAPCERSMDCL2_0402-100NF,16V_GEN / C0402 at (28.3100 127.0708)
         Placed symbol:  C160 / CAPCERSMDCL2_0402-100NF,16V_GEN / C0402 at (31.4958 127.0708)
         Placed symbol:  C120 / CAPCERSMDCL2_0402-100NF,16V_GEN / C0402 at (34.6816 127.0708)
         Placed symbol:  C121 / CAPCERSMDCL2_0402-100NF,16V_GEN / C0402 at (37.8674 127.0708)
         Placed symbol:  C122 / CAPCERSMDCL2_0402-100NF,16V_GEN / C0402 at (41.0532 127.0708)
         Placed symbol:  C123 / CAPCERSMDCL2_0402-100NF,16V_GEN / C0402 at (44.2390 127.0708)
         Placed symbol:  C124 / CAPCERSMDCL2_0402-100NF,16V_GEN / C0402 at (47.4248 127.0708)
         Placed symbol:  C125 / CAPCERSMDCL2_0402-100NF,16V_GEN / C0402 at (50.6106 127.0708)
         Placed symbol:  C105 / CAPCERSMDCL2_0402-100NF,16V_GEN / C0402 at (-53.5918 129.0170)
         Placed symbol:  C106 / CAPCERSMDCL2_0402-100NF,16V_GEN / C0402 at (-50.4060 129.0170)
         Placed symbol:  C108 / CAPCERSMDCL2_0402-100NF,16V_GEN / C0402 at (-47.2202 129.0170)
         Placed symbol:  C109 / CAPCERSMDCL2_0402-100NF,16V_GEN / C0402 at (-44.0344 129.0170)
         Placed symbol:  C111 / CAPCERSMDCL2_0402-100NF,16V_GEN / C0402 at (-40.8486 129.0170)
         Placed symbol:  C112 / CAPCERSMDCL2_0402-100NF,16V_GEN / C0402 at (-37.6628 129.0170)
         Placed symbol:  C113 / CAPCERSMDCL2_0402-100NF,16V_GEN / C0402 at (-34.4770 129.0170)
         Placed symbol:  C114 / CAPCERSMDCL2_0402-100NF,16V_GEN / C0402 at (-31.2912 129.0170)
         Placed symbol:  C50 / CAPCERSMDCL2_0402-100NF,16V_GEN / C0402 at (-28.1054 129.0170)
         Placed symbol:  C56 / CAPCERSMDCL2_0402-100NF,16V_GEN / C0402 at (-24.9196 129.0170)
         Placed symbol:  C57 / CAPCERSMDCL2_0402-100NF,16V_GEN / C0402 at (-21.7338 129.0170)
         Placed symbol:  C58 / CAPCERSMDCL2_0402-100NF,16V_GEN / C0402 at (-18.5480 129.0170)
         Placed symbol:  C62 / CAPCERSMDCL2_0402-100NF,16V_GEN / C0402 at (-15.3622 129.0170)
         Placed symbol:  C63 / CAPCERSMDCL2_0402-100NF,16V_GEN / C0402 at (-12.1764 129.0170)
         Placed symbol:  C64 / CAPCERSMDCL2_0402-100NF,16V_GEN / C0402 at (-8.9906 129.0170)
         Placed symbol:  C66 / CAPCERSMDCL2_0402-100NF,16V_GEN / C0402 at (-5.8048 129.0170)
         Placed symbol:  C68 / CAPCERSMDCL2_0402-100NF,16V_GEN / C0402 at (-2.6190 129.0170)
         Placed symbol:  C69 / CAPCERSMDCL2_0402-100NF,16V_GEN / C0402 at (0.5668 129.0170)
         Placed symbol:  C70 / CAPCERSMDCL2_0402-100NF,16V_GEN / C0402 at (3.7526 129.0170)
         Placed symbol:  C72 / CAPCERSMDCL2_0402-100NF,16V_GEN / C0402 at (6.9384 129.0170)
         Placed symbol:  C73 / CAPCERSMDCL2_0402-100NF,16V_GEN / C0402 at (10.1242 129.0170)
         Placed symbol:  C11 / CAPCERSMDCL2_0402-100NF,16V_GEN / C0402 at (13.3100 129.0170)
         Placed symbol:  C22 / CAPCERSMDCL2_0402-100NF,16V_GEN / C0402 at (16.4958 129.0170)
         Placed symbol:  C26 / CAPCERSMDCL2_0402-100NF,16V_GEN / C0402 at (19.6816 129.0170)
         Placed symbol:  C29 / CAPCERSMDCL2_0402-100NF,16V_GEN / C0402 at (22.8674 129.0170)
         Placed symbol:  R1 / RSMD0402_1/16W-100,1% / C0402 at (26.0532 129.0170)
         Placed symbol:  R2 / RSMD0402_1/16W-100,1% / C0402 at (29.2390 129.0170)
         Placed symbol:  R6 / RSMD0402_1/16W-100,1% / C0402 at (32.4248 129.0170)
         Placed symbol:  R4 / RSMD0402_1/16W-51,1% / C0402 at (35.6106 129.0170)
         Placed symbol:  R5 / RSMD0402_1/16W-51,1% / C0402 at (38.7964 129.0170)


Placed 265 of 265 applicable (265 total) symbols.

-----------------------------------------------------------------------

