(---------------------------------------------------------------------)
(                                                                     )
(    Auto Silkscreen Log File                                         )
(                                                                     )
(    Drawing          : pc049a_lemo_db_11.brd                         )
(    Software Version : 16.6S014                                      )
(    Date/Time        : Wed Mar  4 13:44:38 2015                      )
(                                                                     )
(---------------------------------------------------------------------)


Generating Auto Silkscreen for both sides of the board.

Copying all elements.

Element to Pad clearance is 0.1000
Max Text displacement is 5.0000
Min Line Length is 0.0000
Allowing 0 and 90 degree text rotations.
No Text Allowed Under Components.
Subclass Selections:
 Board Geometry       : None
 Component Value      : None
 Device Type          : None
 Package Geometry     : Silkscreen
 Reference Designator : Silkscreen
 Tolerance            : None
 User Part Number     : None


     ----- Top Silkscreen -----

Problem processing line @ (58.7000, -61.6500)
Problem processing line @ (61.3000, -62.7500)
Problem processing line @ (18.7000, -71.6500)
Problem processing line @ (21.3000, -72.7500)
Problem processing line @ (-21.3000, -71.6500)
Problem processing line @ (-18.7000, -72.7500)
Problem processing line @ (-61.3000, -61.6500)
Problem processing line @ (-58.7000, -62.7500)
Problem processing line @ (61.6500, -21.3000)
Problem processing line @ (62.7500, -18.7000)
Problem processing line @ (18.7000, -31.6500)
Problem processing line @ (21.3000, -32.7500)
Problem processing line @ (-21.3000, -31.6500)
Problem processing line @ (-18.7000, -32.7500)
Problem processing line @ (-61.6500, -18.7000)
Problem processing line @ (-62.7500, -21.3000)
Problem processing line @ (61.6500, 18.7000)
Problem processing line @ (62.7500, 21.3000)
Problem processing line @ (-61.6500, 21.3000)
Problem processing line @ (-62.7500, 18.7000)
Problem processing line @ (21.3000, 31.6500)
Problem processing line @ (18.7000, 32.7500)
Problem processing line @ (-18.7000, 31.6500)
Problem processing line @ (-21.3000, 32.7500)
Problem processing line @ (61.3000, 61.6500)
Problem processing line @ (58.7000, 62.7500)
Problem processing line @ (21.3000, 71.6500)
Problem processing line @ (18.7000, 72.7500)
Problem processing line @ (-18.7000, 71.6500)
Problem processing line @ (-21.3000, 72.7500)
Problem processing line @ (-58.7000, 61.6500)
Problem processing line @ (-61.3000, 62.7500)

     ----- Bottom Silkscreen -----


Total Failures: 32

Log End

