(---------------------------------------------------------------------)
(                                                                     )
(    NC DRILL Log                                                     )
(                                                                     )
(    Drawing          : #Taaaaao23350.tmp                             )
(    Software Version : 16.6S014                                      )
(    Date/Time        : Wed Mar  4 14:03:23 2015                      )
(                                                                     )
(---------------------------------------------------------------------)



 Processing NC Parameters file 'nc_param.txt' ...

 NC PARAMETERS
 -------------

 FORMAT   		3.5
 MACHINE-OFFSET		x:0.000000	y:0.000000
 FEEDRATE		1
 COORDINATES		ABSOLUTE
 OUTPUT-UNITS		METRIC
 TOOL-ORDER		INCREASING
 REPEAT-CODES		YES
 SUPPRESS-LEAD-ZEROES	NO
 SUPPRESS-TRAIL-ZEROES	NO
 SUPPRESS-EQUAL		NO
 TOOL-SELECT		YES
 HEADER			none
 LEADER			12
 CODE			ASCII
 SEPARATE		NO
 SEPARATE-ROUTING	NO
 OPTIMIZE_DRILLING	NO
 ENHANCED_EXCELLON	YES
 SCALE			1.000000

 WARNING(SPMHMF-368): Cannot find NC Drill tool file 'nc_tools.txt'
 WARNING(SPMHMF-369): ... will auto-generate tool file 'nc_tools_auto.txt'.


     Auto-generating tool file 'nc_tools_auto.txt' ...

           Size  Plating  Tool        + Tolerance  - Tolerance

         0.3302  P        T01            0.000000     0.000000
         0.8128  P        T02            0.000000     0.000000
         1.0160  P        T03            0.000000     0.000000
         3.5560  P        T04            0.000000     0.000000
         4.2400  N        T05            0.000000     0.000000


 Drill files being output to directory '/projects/HEP_Instrumentation/cad/designs/uob-hep-pc049a/trunk/design_files/worklib/pc049a_db/physical' ...



     'pc049a_lemo_db_12-1-2.drl' created for holes connecting TOP and BOTTOM
     -----------------------------------------------------------------------

     Tool  Num     Size      +/- Tolerance     Plating   Quantity

     T01    1.   0.3302    0.0000/  0.0000      PLATED        176
     T02    2.   0.8128    0.0000/  0.0000      PLATED        320
     T03    3.   1.0160    0.0000/  0.0000      PLATED          2
     T04    4.   3.5560    0.0000/  0.0000      PLATED         16
     T05    5.   4.2400    0.0000/  0.0000  NON_PLATED          2

     ---- Total holes:                                        516

     ---- Total head travel:              32.23 feet (9.82 meters)

