(---------------------------------------------------------------------)
(                                                                     )
(    ARTWORK LOG                                                      )
(                                                                     )
(    Drawing          : pc049a_lemo_db_12.brd                         )
(    Software Version : 16.6S014                                      )
(    Date/Time        : Wed Mar  4 14:55:25 2015                      )
(                                                                     )
(---------------------------------------------------------------------)


 ---- Photoplot outline rectangle not found; using drawing extents.



Results from parameter file ...
    DEVICE-TYPE           GERBER_RS274X
    OUTPUT-UNITS          MM
    FILM-SIZE             2400000 1600000
    FORMAT                3.5
    ABORT-ON-ERROR        NO
    SCALE                 1
    SUPPRESS-LEAD-ZEROES  YES
    SUPPRESS-TRAIL-ZEROES NO
    SUPPRESS-EQUAL        YES
    UNDEF-APT-CONT        NO


================================================================
     PROCESSING FILM < PASTEMASK_TOP >
     TO FILE < /projects/HEP_Instrumentation/cad/designs/uob-hep-pc049a/trunk/design_files/worklib/pc049a_db/physical/pc049a_lemo_db_PASTEMASK_TOP.art > ...
================================================================

  FILM PARAMETERS :
  ---------------------------------------------------------
  Undefined line width                0.0000
  Suppress shape fill on neg film     NO
  Mirror code                         NONE
  Rotate angle                        NONE
  Offset x:                           0.0000
  Offset y:                           0.0000
  Plot negative                       NO
  Suppress unconnected internal pads  NO
  Draw holes only                     NO



  APERTURES USED:
  ---------------------------------------------------------
  TYPE       SIZE/NAME                   ROT   MIRROR MODE 
  ---------------------------------------------------------
  RECTANGLE  0.43180     x 2.79400      90.000 NO     DARK 
  RECTANGLE  0.43180     x 4.69900      90.000 NO     DARK 
  RECTANGLE  0.50800     x 0.81280       0.000 NO     DARK 
  RECTANGLE  0.50800     x 0.81280      90.000 NO     DARK 
  RECTANGLE  0.70000     x 0.20000       0.000 NO     DARK 
  RECTANGLE  0.70000     x 0.20000      90.000 NO     DARK 
  RECTANGLE  0.70000     x 0.40000       0.000 NO     DARK 
  RECTANGLE  0.70000     x 0.40000      90.000 NO     DARK 
  RECTANGLE  0.80000     x 0.35000       0.000 NO     DARK 
  RECTANGLE  0.80000     x 0.35000      90.000 NO     DARK 
  RECTANGLE  2.28600     x 0.30000      90.000 NO     DARK 

     pc049a_lemo_db_PASTEMASK_TOP created.


------------------------------------------------------
 SUMMARY:
        pc049a_lemo_db_PASTEMASK_TOP created.

 ARTWORK finished
