(---------------------------------------------------------------------)
(                                                                     )
(    RENAME REFDES                                                    )
(                                                                     )
(    Drawing          : pc049a_lemo_db_11.brd                         )
(    Software Version : 16.6S014                                      )
(    Date/Time        : Wed Mar  4 12:52:35 2015                      )
(                                                                     )
(---------------------------------------------------------------------)


Renaming components on TOP_SIDE on entire BOARD
    Extents: (-282.8899,-252.0700) (517.3901,248.3300)

Sequencing the reference designators SEQUENTIALLY
Row processing direction : to the RIGHT, from the top down.

OLD RZ1    NEW RZ1
OLD RZ2    NEW RZ2
OLD D1    NEW D1
OLD D2    NEW D2
OLD CN1    NEW CN1
OLD CN2    NEW CN2
OLD RZ3    NEW RZ3
OLD RZ4    NEW RZ4
OLD D3    NEW D3
OLD D4    NEW D4
OLD CN3    NEW CN3
OLD CN4    NEW CN4
OLD RZ5    NEW RZ5
OLD RZ6    NEW RZ6
OLD D5    NEW D5
OLD D6    NEW D6
OLD CN5    NEW CN5
OLD CN6    NEW CN6
OLD RZ7    NEW RZ7
OLD D7    NEW D7
OLD CN7    NEW CN7
OLD CN8    NEW CN8
OLD D8    NEW D8
OLD RZ8    NEW RZ8
OLD J1    NEW J1
OLD RZ9    NEW RZ9
OLD D9    NEW D9
OLD CN9    NEW CN9
OLD CN10    NEW CN10
OLD D10    NEW D10
OLD RZ10    NEW RZ10
OLD CN11    NEW CN11
OLD CN12    NEW CN12
OLD D11    NEW D11
OLD D12    NEW D12
OLD RZ11    NEW RZ11
OLD RZ12    NEW RZ12
OLD CN13    NEW CN13
OLD CN14    NEW CN14
OLD D13    NEW D13
OLD D14    NEW D14
OLD RZ13    NEW RZ13
OLD RZ14    NEW RZ14
OLD CN15    NEW CN15
OLD CN16    NEW CN16
OLD D15    NEW D15
OLD D16    NEW D16
OLD RZ15    NEW RZ15
OLD RZ16    NEW RZ16
