Thu Jan 26 16:14:26 2012				Page     1


 
Update Symbols/Modules Logfile
	Thu Jan 26 16:14:26 2012

------ Module Refresh Messages ------

SUMMARY:    Updated 0 out of 0 modules

------ End Module Messages     ------



(---------------------------------------------------------------------)
(                                                                     )
(    Refresh Symbol                                                   )
(                                                                     )
(    Drawing          : pc043b_single_maroc_22.brd                    )
(    Software Version : 16.3S013                                      )
(    Date/Time        : Thu Jan 26 16:14:27 2012                      )
(                                                                     )
(---------------------------------------------------------------------)


Thu Jan 26 16:14:27 2012				Page     1


------ Symbol Refresh Directives ------

OLD_LAYOUT_NAME = '/afs/phy.bris.ac.uk/cad/designs/uob-hep-pc043a/trunk/design_files/worklib/pc043b_single_maroc/physical/pc043b_s~
ingle_maroc_22.brd';
NEW_LAYOUT_NAME = '';
REFRESH_MECHANICAL_SYMBOLS = 'NO';
REFRESH_FORMAT_SYMBOLS = 'NO';
REFRESH_PACKAGE_SYMBOLS = 'YES';
REFRESH_SHAPE_SYMBOLS = 'NO';
REFRESH_SYMBOL_PAD_STACKS = 'NO';
REFRESH_SYMBOL_TEXT_LOCATIONS = 'NO';
REFRESH_CUSTOM_DRILL_DATA = 'NO';


------ Library Paths ------
PSMPATH =  . 
           symbols 
           .. 
           ../symbols 
           /afs/phy.bris.ac.uk/cad/bris_cdslib/lib_psd14.x/symbols 
           /afs/phy.bris.ac.uk/cad/bris_cdslib/lib_psd14.x/formats 
           /afs/phy.bris.ac.uk/cad/cern_cdslib/lib_psd16.x/allegro_libs/pe16/symbols/connector 
           /afs/phy.bris.ac.uk/cad/cern_cdslib/lib_psd16.x/allegro_libs/pe16/symbols/soic 
           /afs/phy.bris.ac.uk/cad/cern_cdslib/lib_psd16.x/allegro_libs/pe16/symbols/discrete 
           /afs/phy.bris.ac.uk/cad/cern_cdslib/lib_psd16.x/allegro_libs/pe16/symbols/dip 
           /afs/phy.bris.ac.uk/cad/cern_cdslib/lib_psd16.x/allegro_libs/pe16/symbols/so 
           /afs/phy.bris.ac.uk/cad/cern_cdslib/lib_psd16.x/allegro_libs/pe16/symbols/bga 
           /afs/phy.bris.ac.uk/cad/cern_cdslib/lib_psd16.x/allegro_libs/pe16/symbols/qfp 
           /afs/phy.bris.ac.uk/cad/cern_cdslib/lib_psd16.x/allegro_libs/pe16/symbols/cap 
           /afs/phy.bris.ac.uk/cad/cern_cdslib/lib_psd16.x/allegro_libs/pe16/symbols/res 
           /software/CAD/Cadence/SPB_16.30/share/pcb/pcb_lib/symbols 
           /afs/phy.bris.ac.uk/cad/ral_cdslib/lib_psd15.x/symbols 
           /afs/phy.bris.ac.uk/cad/ral_cdslib/lib_psd15.x/formats 
           /afs/phy.bris.ac.uk/cad/cern_cdslib/lib_psd16.x/allegro_libs/pe16/padstacks/mechanical 
           /afs/phy.bris.ac.uk/cad/cern_cdslib/lib_psd16.x/allegro_libs/pe16/padstacks/orgmechanical 
           /afs/phy.bris.ac.uk/cad/cern_cdslib/lib_psd16.x/allegro_libs/pe16/symbols/sp 

PADPATH =  . 
           symbols 
           .. 
           ../symbols 
           /afs/phy.bris.ac.uk/cad/bris_cdslib/lib_psd14.x/pads 
           /opt/CAD/Cadence/SPB15.2/share/pcb/pcb_lib/symbols 
           /afs/phy.bris.ac.uk/cad/cern_cdslib/lib_psd16.x/allegro_libs/pe16/padstacks/padstack_smd 
           /afs/phy.bris.ac.uk/cad/cern_cdslib/lib_psd16.x/allegro_libs/pe16/padstacks/padstack5 
           /afs/phy.bris.ac.uk/cad/cern_cdslib/lib_psd16.x/allegro_libs/pe16/padstacks/padstackm 
           /afs/phy.bris.ac.uk/cad/designs/uob-hep-pc036a/trunk/design_files/worklib/cbc_symbol/physical 
           /afs/phy.bris.ac.uk/cad/ral_cdslib/lib_psd15.x/pads 
           /afs/phy.bris.ac.uk/cad/cern_cdslib/lib_psd16.x/allegro_libs/pe16/padstacks/orgmechanical 
           /afs/phy.bris.ac.uk/cad/cern_cdslib/lib_psd16.x/allegro_libs/pe16/padstacks/mechanical 


------ Symbol Refresh Messages ------

'1-HOLE_0-8P'  symbol refreshed successfully.
'SOD80C'  symbol refreshed successfully.
'HEADER2X2_STR'  symbol refreshed successfully.
'CAPCAF80P160X320X110-8N'  symbol refreshed successfully.
'SOT552-1'  symbol refreshed successfully.
'C0603'  symbol refreshed successfully.
'CONHE13D2X32M'  symbol refreshed successfully.
'CONHE13D3X1M'  symbol refreshed successfully.
'C0402'  symbol refreshed successfully.
'SOIC127P598X200-8N'  symbol refreshed successfully.
'PQFP240_050'  symbol refreshed successfully.


----- Symbol Update Summary ----

Completed refreshing all symbols successfully.
