(---------------------------------------------------------------------)
(                                                                     )
(    Technology File READ                                             )
(                                                                     )
(    Drawing          : pc049a_lemo_daughter_board_blank.brd          )
(    Software Version : 16.5S030                                      )
(    Date/Time        : Mon Mar 17 14:12:14 2014                      )
(                                                                     )
(---------------------------------------------------------------------)


techfile name: /software/CAD/Cadence/SPB_16.50.030/share/local/pcb/tech/6layer_pcbtrain_parameters.tcf
  layout name: pc049a_lemo_daughter_board_blank.brd

Technology Difference Report
============================

Design        : pc049a_lemo_daughter_board_blank
Input File    : /software/CAD/Cadence/SPB_16.50.030/share/local/pcb/tech/6layer_pcbtrain_parameters.tcf
Update Mode   : Merge (no deletions will be done)
Constraint Information : CrossSection, Electrical, Physical, Spacing, Same Net Spacing, NetClasses, Assembly, Properties
Notes:
------
  - Attribute updates are reported as additions, deletions, or changes.
  - Association updates are reported as additions or deletions. Associations
    are the members of a MatchGroup, Constraint Set references, the PinPairs
    of a Net, the members of a Differential Pair, etc.
  - Clearing an object implies that the object does not exist so all attributes
    and associations for the object will be deleted. These attribute and association
    deletions are not included in the Summary totals. Objects are Constraint Sets,
    Buses, XNets, Nets, etc.


---------------------------------------------------------
Layer: TOP
     Changing : CDS_LAYER_DIELECTRIC_CONSTANT to "1.000" from "4.500"
---------------------------------------------------------
Create Layer: L2
     Adding   : CDS_LAYER_IS_NAMED value "1"
     Adding   : CDS_LAYER_TYPE value "PLANE"
     Adding   : CDS_LAYER_MATERIAL value "COPPER"
     Adding   : CDS_LAYER_NEGATIVE_ARTWORK value "FALSE"
     Adding   : CDS_LAYER_IS_SHIELD value "TRUE"
     Adding   : CDS_LAYER_THICKNESS value "0.0305"
     Adding   : CDS_LAYER_ELECTRICAL_CONDUCTIVITY value "595900"
     Adding   : CDS_LAYER_DIELECTRIC_CONSTANT value "1.000"
     Adding   : CDS_LAYER_LOSS_TANGENT value "0.03500"
     Adding   : CDS_LAYER_THERMAL_CONDUCTIVITY value "0.01200"
     Adding   : CDS_LAYER_ETCH_FACTOR value "90.00"
---------------------------------------------------------
Create Layer: DIELECTRIC_BELOW_L2
     Adding   : CDS_LAYER_TYPE value "DIELECTRIC"
     Adding   : CDS_LAYER_MATERIAL value "FR-4"
     Adding   : CDS_LAYER_NEGATIVE_ARTWORK value "FALSE"
     Adding   : CDS_LAYER_IS_SHIELD value "FALSE"
     Adding   : CDS_LAYER_THICKNESS value "0.4032"
     Adding   : CDS_LAYER_ELECTRICAL_CONDUCTIVITY value "0.0000"
     Adding   : CDS_LAYER_DIELECTRIC_CONSTANT value "4.500"
     Adding   : CDS_LAYER_LOSS_TANGENT value "0.03500"
     Adding   : CDS_LAYER_THERMAL_CONDUCTIVITY value "0.01200"
---------------------------------------------------------
Create Layer: L3
     Adding   : CDS_LAYER_IS_NAMED value "1"
     Adding   : CDS_LAYER_TYPE value "PLANE"
     Adding   : CDS_LAYER_MATERIAL value "COPPER"
     Adding   : CDS_LAYER_NEGATIVE_ARTWORK value "FALSE"
     Adding   : CDS_LAYER_IS_SHIELD value "TRUE"
     Adding   : CDS_LAYER_THICKNESS value "0.0305"
     Adding   : CDS_LAYER_ELECTRICAL_CONDUCTIVITY value "595900"
     Adding   : CDS_LAYER_DIELECTRIC_CONSTANT value "1.000"
     Adding   : CDS_LAYER_LOSS_TANGENT value "0.03500"
     Adding   : CDS_LAYER_THERMAL_CONDUCTIVITY value "0.01200"
     Adding   : CDS_LAYER_ETCH_FACTOR value "90.00"
---------------------------------------------------------
Create Layer: DIELECTRIC_BELOW_L3
     Adding   : CDS_LAYER_TYPE value "DIELECTRIC"
     Adding   : CDS_LAYER_MATERIAL value "FR-4"
     Adding   : CDS_LAYER_NEGATIVE_ARTWORK value "FALSE"
     Adding   : CDS_LAYER_IS_SHIELD value "FALSE"
     Adding   : CDS_LAYER_THICKNESS value "0.2032"
     Adding   : CDS_LAYER_ELECTRICAL_CONDUCTIVITY value "0.0000"
     Adding   : CDS_LAYER_DIELECTRIC_CONSTANT value "4.500"
     Adding   : CDS_LAYER_LOSS_TANGENT value "0.03500"
     Adding   : CDS_LAYER_THERMAL_CONDUCTIVITY value "0.01200"
---------------------------------------------------------
Create Layer: L4
     Adding   : CDS_LAYER_IS_NAMED value "1"
     Adding   : CDS_LAYER_TYPE value "PLANE"
     Adding   : CDS_LAYER_MATERIAL value "COPPER"
     Adding   : CDS_LAYER_NEGATIVE_ARTWORK value "FALSE"
     Adding   : CDS_LAYER_IS_SHIELD value "TRUE"
     Adding   : CDS_LAYER_THICKNESS value "0.0305"
     Adding   : CDS_LAYER_ELECTRICAL_CONDUCTIVITY value "595900"
     Adding   : CDS_LAYER_DIELECTRIC_CONSTANT value "1.000"
     Adding   : CDS_LAYER_LOSS_TANGENT value "0.03500"
     Adding   : CDS_LAYER_THERMAL_CONDUCTIVITY value "0.01200"
     Adding   : CDS_LAYER_ETCH_FACTOR value "90.00"
---------------------------------------------------------
Create Layer: DIELECTRIC_BELOW_L4
     Adding   : CDS_LAYER_TYPE value "DIELECTRIC"
     Adding   : CDS_LAYER_MATERIAL value "FR-4"
     Adding   : CDS_LAYER_NEGATIVE_ARTWORK value "FALSE"
     Adding   : CDS_LAYER_IS_SHIELD value "FALSE"
     Adding   : CDS_LAYER_THICKNESS value "0.4032"
     Adding   : CDS_LAYER_ELECTRICAL_CONDUCTIVITY value "0.0000"
     Adding   : CDS_LAYER_DIELECTRIC_CONSTANT value "4.500"
     Adding   : CDS_LAYER_LOSS_TANGENT value "0.03500"
     Adding   : CDS_LAYER_THERMAL_CONDUCTIVITY value "0.01200"
---------------------------------------------------------
Create Layer: L5
     Adding   : CDS_LAYER_IS_NAMED value "1"
     Adding   : CDS_LAYER_TYPE value "PLANE"
     Adding   : CDS_LAYER_MATERIAL value "COPPER"
     Adding   : CDS_LAYER_NEGATIVE_ARTWORK value "FALSE"
     Adding   : CDS_LAYER_IS_SHIELD value "TRUE"
     Adding   : CDS_LAYER_THICKNESS value "0.0305"
     Adding   : CDS_LAYER_ELECTRICAL_CONDUCTIVITY value "595900"
     Adding   : CDS_LAYER_DIELECTRIC_CONSTANT value "4.500"
     Adding   : CDS_LAYER_LOSS_TANGENT value "0.03500"
     Adding   : CDS_LAYER_THERMAL_CONDUCTIVITY value "0.01200"
     Adding   : CDS_LAYER_ETCH_FACTOR value "90.00"
---------------------------------------------------------
Create Layer: DIELECTRIC_BELOW_L5
     Adding   : CDS_LAYER_TYPE value "DIELECTRIC"
     Adding   : CDS_LAYER_MATERIAL value "FR-4"
     Adding   : CDS_LAYER_NEGATIVE_ARTWORK value "FALSE"
     Adding   : CDS_LAYER_IS_SHIELD value "FALSE"
     Adding   : CDS_LAYER_THICKNESS value "0.2032"
     Adding   : CDS_LAYER_ELECTRICAL_CONDUCTIVITY value "0.0000"
     Adding   : CDS_LAYER_DIELECTRIC_CONSTANT value "4.500"
     Adding   : CDS_LAYER_LOSS_TANGENT value "0.03500"
     Adding   : CDS_LAYER_THERMAL_CONDUCTIVITY value "0.01200"
---------------------------------------------------------
Layer: BOTTOM
     Changing : CDS_LAYER_DIELECTRIC_CONSTANT to "1.000" from "4.500"
---------------------------------------------------------
Design: pc049a_lemo_daughter_board_blank
     Changing : DRAWING_LOWER_LEFT to "-182.8900,-152.0700" from "-182.8899,-152.0700"
     Changing : MVIA_TO_MVIA_SPACING_VMODE to "OFF" from "ON"
     Changing : MVIA_TO_THRUPIN_SPACING_VMODE to "OFF" from "ON"
     Changing : MVIA_TO_SMDPIN_SPACING_VMODE to "OFF" from "ON"
     Changing : MVIA_TO_THRUVIA_SPACING_VMODE to "OFF" from "ON"
     Changing : MVIA_TO_BBV_SPACING_VMODE to "OFF" from "ON"
     Changing : MVIA_TO_LINE_SPACING_VMODE to "OFF" from "ON"
     Changing : MVIA_TO_SHAPE_SPACING_VMODE to "OFF" from "ON"
     Changing : MVIA_TO_TESTPIN_SPACING_VMODE to "OFF" from "ON"
     Changing : MVIA_TO_TESTVIA_SPACING_VMODE to "OFF" from "ON"
     Changing : BONDPAD_TO_MVIA_SPACING_VMODE to "OFF" from "ON"
---------------------------------------------------------
PhysicalCSet: DEFAULT
     Changing : MIN_LINE_WIDTH to "0.2257,0.2257,0.2257,0.2257,0.2257,0.2257" from "0.1270,0.1270,0.1270,0.1270,0.1270,0.1270"
     Changing : MIN_NECK_WIDTH to "0.1800,0.1800,0.1800,0.1800,0.1800,0.1800" from "0.1270,0.1270,0.1270,0.1270,0.1270,0.1270"
     Changing : DIFFP_PRIMARY_GAP to "0.2000,0.2000,0.2000,0.2000,0.2000,0.2000" from "0.0000,0.0000,0.0000,0.0000,0.0000,0.0000"
     Changing : DIFFP_NECK_GAP to "0.1800,0.1800,0.1800,0.1800,0.1800,0.1800" from "0.0000,0.0000,0.0000,0.0000,0.0000,0.0000"
     Changing : MAXIMUM_NECK_LENGTH to "5.0000,5.0000,5.0000,5.0000,5.0000,5.0000" from "0.0000,0.0000,0.0000,0.0000,0.0000,0.0000"
---------------------------------------------------------
SpacingCSet: DEFAULT
     Changing : LINE_TO_THRUPIN_SPACING to "0.2000,0.2000,0.2000,0.2000,0.2000,0.2000" from "0.1270,0.1270,0.1270,0.1270,0.1270,0.1270"
     Changing : LINE_TO_SMDPIN_SPACING to "0.1800,0.2000,0.2000,0.2000,0.2000,0.2000" from "0.1270,0.1270,0.1270,0.1270,0.1270,0.1270"
     Changing : LINE_TO_THRUVIA_SPACING to "0.2000,0.2000,0.2000,0.2000,0.2000,0.2000" from "0.1270,0.1270,0.1270,0.1270,0.1270,0.1270"
     Changing : LINE_TO_LINE_SPACING to "0.2570,0.2000,0.2000,0.2000,0.2000,0.2570" from "0.1270,0.1270,0.1270,0.1270,0.1270,0.1270"
     Changing : LINE_TO_SHAPE_SPACING to "0.2000,0.2000,0.2000,0.2000,0.2000,0.2000" from "0.1270,0.1270,0.1270,0.1270,0.1270,0.1270"
     Changing : BBV_TO_LINE_SPACING to "0.2000,0.2000,0.2000,0.2000,0.2000,0.2000" from "0.1270,0.1270,0.1270,0.1270,0.1270,0.1270"
     Changing : LINE_TO_TESTPIN_SPACING to "0.2000,0.2000,0.2000,0.2000,0.2000,0.2000" from "0.1270,0.1270,0.1270,0.1270,0.1270,0.1270"
     Changing : LINE_TO_TESTVIA_SPACING to "0.2000,0.2000,0.2000,0.2000,0.2000,0.2000" from "0.1270,0.1270,0.1270,0.1270,0.1270,0.1270"
     Changing : BONDPAD_TO_LINE_SPACING to "0.2000,0.2000,0.2000,0.2000,0.2000,0.2000" from "0.1270,0.1270,0.1270,0.1270,0.1270,0.1270"
     Changing : MVIA_TO_LINE_SPACING to "0.2000,0.2000,0.2000,0.2000,0.2000,0.2000" from "0.1270,0.1270,0.1270,0.1270,0.1270,0.1270"
---------------------------------------------------------
SameNetSpacingCSet: DEFAULT
     Changing : SAME_NET to "FALSE,FALSE,FALSE,FALSE,FALSE,FALSE" from "TRUE,TRUE,TRUE,TRUE,TRUE,TRUE"
---------------------------------------------------------

Summary:

Constraint changes found: 80 additions, 0 deletions, 29 changes.

No association changes done.




