FILE_TYPE=LIBRARY_PARTS;
primitive 'PC049A_FPGA';
  pin
    'CCLK':
      PIN_NUMBER='(Y20,0,0,0,0,0,0,0)';
      OUTPUT_LOAD='(1.0,-1.0)';
    'CMPCS_B_2':
      PIN_NUMBER='(V18,0,0,0,0,0,0,0)';
      BIDIRECTIONAL='TRUE';
      INPUT_LOAD='(-0.01,0.01)';
      OUTPUT_LOAD='(1.0,-1.0)';
    'CSO_B':
      PIN_NUMBER='(AA3,0,0,0,0,0,0,0)';
      BIDIRECTIONAL='TRUE';
      INPUT_LOAD='(-0.01,0.01)';
      OUTPUT_LOAD='(1.0,-1.0)';
    'DIN':
      PIN_NUMBER='(AA20,0,0,0,0,0,0,0)';
      INPUT_LOAD='(-0.01,0.01)';
    'DONE_2':
      PIN_NUMBER='(AB21,0,0,0,0,0,0,0)';
      BIDIRECTIONAL='TRUE';
      INPUT_LOAD='(-0.01,0.01)';
      OUTPUT_LOAD='(1.0,-1.0)';
    'INIT_B':
      PIN_NUMBER='(Y4,0,0,0,0,0,0,0)';
      INPUT_LOAD='(-0.01,0.01)';
    'M0':
      PIN_NUMBER='(AA21,0,0,0,0,0,0,0)';
      INPUT_LOAD='(-0.01,0.01)';
    'M1':
      PIN_NUMBER='(Y19,0,0,0,0,0,0,0)';
      INPUT_LOAD='(-0.01,0.01)';
    'MOSI':
      PIN_NUMBER='(AB20,0,0,0,0,0,0,0)';
      OUTPUT_LOAD='(1.0,-1.0)';
    'PROGRAM_B_2':
      PIN_NUMBER='(AB2,0,0,0,0,0,0,0)';
      BIDIRECTIONAL='TRUE';
      INPUT_LOAD='(-0.01,0.01)';
      OUTPUT_LOAD='(1.0,-1.0)';
    'RFUSE':
      PIN_NUMBER='(P15,0,0,0,0,0,0,0)';
      BIDIRECTIONAL='TRUE';
      INPUT_LOAD='(-0.01,0.01)';
      OUTPUT_LOAD='(1.0,-1.0)';
    'SUSPEND':
      PIN_NUMBER='(AA22,0,0,0,0,0,0,0)';
      BIDIRECTIONAL='TRUE';
      INPUT_LOAD='(-0.01,0.01)';
      OUTPUT_LOAD='(1.0,-1.0)';
    'TCK':
      PIN_NUMBER='(A21,0,0,0,0,0,0,0)';
      INPUT_LOAD='(-0.01,0.01)';
    'TDI':
      PIN_NUMBER='(E18,0,0,0,0,0,0,0)';
      INPUT_LOAD='(-0.01,0.01)';
    'TDO':
      PIN_NUMBER='(G17,0,0,0,0,0,0,0)';
      OUTPUT_LOAD='(1.0,-1.0)';
    'TMS':
      PIN_NUMBER='(D20,0,0,0,0,0,0,0)';
      INPUT_LOAD='(-0.01,0.01)';
    'FPGA_PLL_REF_CLK_101_N_I':
      PIN_NUMBER='(0,F12,0,0,0,0,0,0)';
      CONSTRAINT='LOCATED';
      IO_REGISTER='NO';
      SIGNAL_INTEGRITY='NONE';
      IOB_DELAY='NONE';
      INPUT_LOAD='(-0.01,0.01)';
    'FPGA_PLL_REF_CLK_101_P_I':
      PIN_NUMBER='(0,E12,0,0,0,0,0,0)';
      CONSTRAINT='LOCATED';
      IO_REGISTER='NO';
      SIGNAL_INTEGRITY='NONE';
      IOB_DELAY='NONE';
      INPUT_LOAD='(-0.01,0.01)';
    'FPGA_PLL_REF_CLK_123_N_I':
      PIN_NUMBER='(0,D11,0,0,0,0,0,0)';
      CONSTRAINT='LOCATED';
      IO_REGISTER='NO';
      SIGNAL_INTEGRITY='NONE';
      IOB_DELAY='NONE';
      INPUT_LOAD='(-0.01,0.01)';
    'FPGA_PLL_REF_CLK_123_P_I':
      PIN_NUMBER='(0,C11,0,0,0,0,0,0)';
      CONSTRAINT='LOCATED';
      IO_REGISTER='NO';
      SIGNAL_INTEGRITY='NONE';
      IOB_DELAY='NONE';
      INPUT_LOAD='(-0.01,0.01)';
    'MGTAVCCPLL0_101':
      PIN_NUMBER='(0,B9,0,0,0,0,0,0)';
      BIDIRECTIONAL='TRUE';
      INPUT_LOAD='(-0.01,0.01)';
      OUTPUT_LOAD='(1.0,-1.0)';
    'MGTAVCCPLL0_123':
      PIN_NUMBER='(0,B13,0,0,0,0,0,0)';
      BIDIRECTIONAL='TRUE';
      INPUT_LOAD='(-0.01,0.01)';
      OUTPUT_LOAD='(1.0,-1.0)';
    'MGTAVCCPLL1_101':
      PIN_NUMBER='(0,D12,0,0,0,0,0,0)';
      BIDIRECTIONAL='TRUE';
      INPUT_LOAD='(-0.01,0.01)';
      OUTPUT_LOAD='(1.0,-1.0)';
    'MGTAVCCPLL1_123':
      PIN_NUMBER='(0,E13,0,0,0,0,0,0)';
      BIDIRECTIONAL='TRUE';
      INPUT_LOAD='(-0.01,0.01)';
      OUTPUT_LOAD='(1.0,-1.0)';
    'MGTAVCC_101':
      PIN_NUMBER='(0,C10,0,0,0,0,0,0)';
      BIDIRECTIONAL='TRUE';
      INPUT_LOAD='(-0.01,0.01)';
      OUTPUT_LOAD='(1.0,-1.0)';
    'MGTAVCC_123':
      PIN_NUMBER='(0,E10,0,0,0,0,0,0)';
      BIDIRECTIONAL='TRUE';
      INPUT_LOAD='(-0.01,0.01)';
      OUTPUT_LOAD='(1.0,-1.0)';
    'MGTAVTTRCAL_101':
      PIN_NUMBER='(0,E8,0,0,0,0,0,0)';
      BIDIRECTIONAL='TRUE';
      INPUT_LOAD='(-0.01,0.01)';
      OUTPUT_LOAD='(1.0,-1.0)';
    'MGTAVTTRX_101':
      PIN_NUMBER='(0,D8,0,0,0,0,0,0)';
      BIDIRECTIONAL='TRUE';
      INPUT_LOAD='(-0.01,0.01)';
      OUTPUT_LOAD='(1.0,-1.0)';
    'MGTAVTTRX_123':
      PIN_NUMBER='(0,D14,0,0,0,0,0,0)';
      BIDIRECTIONAL='TRUE';
      INPUT_LOAD='(-0.01,0.01)';
      OUTPUT_LOAD='(1.0,-1.0)';
    'MGTAVTTTX_101':
      PIN_NUMBER='(0,A7,0,0,0,0,0,0)';
      BIDIRECTIONAL='TRUE';
      INPUT_LOAD='(-0.01,0.01)';
      OUTPUT_LOAD='(1.0,-1.0)';
    'MGTAVTTTX_123':
      PIN_NUMBER='(0,A15,0,0,0,0,0,0)';
      BIDIRECTIONAL='TRUE';
      INPUT_LOAD='(-0.01,0.01)';
      OUTPUT_LOAD='(1.0,-1.0)';
    'MGTRREF_101':
      PIN_NUMBER='(0,E9,0,0,0,0,0,0)';
      BIDIRECTIONAL='TRUE';
      INPUT_LOAD='(-0.01,0.01)';
      OUTPUT_LOAD='(1.0,-1.0)';
    'SATA_RXN_I'<0>:
      PIN_NUMBER='(0,D13,0,0,0,0,0,0)';
      CONSTRAINT='LOCATED';
      IO_REGISTER='NO';
      SIGNAL_INTEGRITY='NONE';
      IOB_DELAY='NONE';
      INPUT_LOAD='(-0.01,0.01)';
    'SATA_RXN_I'<1>:
      PIN_NUMBER='(0,C9,0,0,0,0,0,0)';
      CONSTRAINT='LOCATED';
      IO_REGISTER='NO';
      SIGNAL_INTEGRITY='NONE';
      IOB_DELAY='NONE';
      INPUT_LOAD='(-0.01,0.01)';
    'SATA_RXP_I'<0>:
      PIN_NUMBER='(0,C13,0,0,0,0,0,0)';
      CONSTRAINT='LOCATED';
      IO_REGISTER='NO';
      SIGNAL_INTEGRITY='NONE';
      IOB_DELAY='NONE';
      INPUT_LOAD='(-0.01,0.01)';
    'SATA_RXP_I'<1>:
      PIN_NUMBER='(0,D9,0,0,0,0,0,0)';
      CONSTRAINT='LOCATED';
      IO_REGISTER='NO';
      SIGNAL_INTEGRITY='NONE';
      IOB_DELAY='NONE';
      INPUT_LOAD='(-0.01,0.01)';
    'SATA_TXN_O'<0>:
      PIN_NUMBER='(0,B14,0,0,0,0,0,0)';
      CONSTRAINT='LOCATED';
      IO_REGISTER='NO';
      SIGNAL_INTEGRITY='NONE';
      OUTPUT_LOAD='(1.0,-1.0)';
    'SATA_TXN_O'<1>:
      PIN_NUMBER='(0,A8,0,0,0,0,0,0)';
      CONSTRAINT='LOCATED';
      IO_REGISTER='NO';
      SIGNAL_INTEGRITY='NONE';
      OUTPUT_LOAD='(1.0,-1.0)';
    'SATA_TXP_O'<0>:
      PIN_NUMBER='(0,A14,0,0,0,0,0,0)';
      CONSTRAINT='LOCATED';
      IO_REGISTER='NO';
      SIGNAL_INTEGRITY='NONE';
      OUTPUT_LOAD='(1.0,-1.0)';
    'SATA_TXP_O'<1>:
      PIN_NUMBER='(0,B8,0,0,0,0,0,0)';
      CONSTRAINT='LOCATED';
      IO_REGISTER='NO';
      SIGNAL_INTEGRITY='NONE';
      OUTPUT_LOAD='(1.0,-1.0)';
    'SFP_LOS_I'<0>:
      PIN_NUMBER='(0,P3,0,0,0,0,0,0)';
      CONSTRAINT='LOCATED';
      IO_REGISTER='NO';
      SIGNAL_INTEGRITY='NONE';
      IOB_DELAY='NONE';
      IO_STANDARD='LVCMOS33';
      IO_BANK_NUMBER='3';
      INPUT_LOAD='(-0.01,0.01)';
    'SFP_LOS_I'<1>:
      PIN_NUMBER='(0,N4,0,0,0,0,0,0)';
      CONSTRAINT='LOCATED';
      IO_REGISTER='NO';
      SIGNAL_INTEGRITY='NONE';
      IOB_DELAY='NONE';
      IO_STANDARD='LVCMOS33';
      IO_BANK_NUMBER='3';
      INPUT_LOAD='(-0.01,0.01)';
    'SFP_MOD_DEF0_B'<0>:
      PIN_NUMBER='(0,K4,0,0,0,0,0,0)';
      CONSTRAINT='LOCATED';
      IO_REGISTER='NO';
      SIGNAL_INTEGRITY='NONE';
      IOB_DELAY='NONE';
      IO_STANDARD='LVCMOS33';
      IO_BANK_NUMBER='3';
      OUTPUT_LOAD='(1.0,-1.0)';
    'SFP_MOD_DEF0_B'<1>:
      PIN_NUMBER='(0,K2,0,0,0,0,0,0)';
      CONSTRAINT='LOCATED';
      IO_REGISTER='NO';
      SIGNAL_INTEGRITY='NONE';
      IOB_DELAY='NONE';
      IO_STANDARD='LVCMOS33';
      IO_BANK_NUMBER='3';
      OUTPUT_LOAD='(1.0,-1.0)';
    'SFP_MOD_DEF1_B'<0>:
      PIN_NUMBER='(0,N3,0,0,0,0,0,0)';
      CONSTRAINT='LOCATED';
      IO_REGISTER='NO';
      SIGNAL_INTEGRITY='NONE';
      IOB_DELAY='NONE';
      IO_STANDARD='LVCMOS33';
      IO_BANK_NUMBER='3';
      DRIVE__MA_='12';
      SLEW_RATE='SLOW';
      OUTPUT_LOAD='(1.0,-1.0)';
    'SFP_MOD_DEF1_B'<1>:
      PIN_NUMBER='(0,M2,0,0,0,0,0,0)';
      CONSTRAINT='LOCATED';
      IO_REGISTER='NO';
      SIGNAL_INTEGRITY='NONE';
      IO_STANDARD='LVCMOS33';
      IO_BANK_NUMBER='3';
      DRIVE__MA_='12';
      SLEW_RATE='SLOW';
      OUTPUT_LOAD='(1.0,-1.0)';
    'SFP_MOD_DEF2_B'<0>:
      PIN_NUMBER='(0,N1,0,0,0,0,0,0)';
      CONSTRAINT='LOCATED';
      IO_REGISTER='NO';
      SIGNAL_INTEGRITY='NONE';
      IOB_DELAY='NONE';
      IO_STANDARD='LVCMOS33';
      IO_BANK_NUMBER='3';
      DRIVE__MA_='12';
      SLEW_RATE='SLOW';
      OUTPUT_LOAD='(1.0,-1.0)';
    'SFP_MOD_DEF2_B'<1>:
      PIN_NUMBER='(0,M1,0,0,0,0,0,0)';
      CONSTRAINT='LOCATED';
      IO_REGISTER='NO';
      SIGNAL_INTEGRITY='NONE';
      IO_STANDARD='LVCMOS33';
      IO_BANK_NUMBER='3';
      DRIVE__MA_='12';
      SLEW_RATE='SLOW';
      OUTPUT_LOAD='(1.0,-1.0)';
    'SFP_RATE_SELECT_B'<0>:
      PIN_NUMBER='(0,P5,0,0,0,0,0,0)';
      CONSTRAINT='LOCATED';
      IO_REGISTER='NO';
      SIGNAL_INTEGRITY='NONE';
      IO_STANDARD='LVCMOS33';
      IO_BANK_NUMBER='3';
      DRIVE__MA_='12';
      SLEW_RATE='SLOW';
      OUTPUT_LOAD='(1.0,-1.0)';
    'SFP_RATE_SELECT_B'<1>:
      PIN_NUMBER='(0,P4,0,0,0,0,0,0)';
      CONSTRAINT='LOCATED';
      IO_REGISTER='NO';
      SIGNAL_INTEGRITY='NONE';
      IO_STANDARD='LVCMOS33';
      IO_BANK_NUMBER='3';
      DRIVE__MA_='12';
      SLEW_RATE='SLOW';
      OUTPUT_LOAD='(1.0,-1.0)';
    'SFP_RXN_I'<0>:
      PIN_NUMBER='(0,C15,0,0,0,0,0,0)';
      CONSTRAINT='LOCATED';
      IO_REGISTER='NO';
      SIGNAL_INTEGRITY='NONE';
      IOB_DELAY='NONE';
      INPUT_LOAD='(-0.01,0.01)';
    'SFP_RXN_I'<1>:
      PIN_NUMBER='(0,C7,0,0,0,0,0,0)';
      CONSTRAINT='LOCATED';
      IO_REGISTER='NO';
      SIGNAL_INTEGRITY='NONE';
      IOB_DELAY='NONE';
      INPUT_LOAD='(-0.01,0.01)';
    'SFP_RXP_I'<0>:
      PIN_NUMBER='(0,D15,0,0,0,0,0,0)';
      CONSTRAINT='LOCATED';
      IO_REGISTER='NO';
      SIGNAL_INTEGRITY='NONE';
      IOB_DELAY='NONE';
      INPUT_LOAD='(-0.01,0.01)';
    'SFP_RXP_I'<1>:
      PIN_NUMBER='(0,D7,0,0,0,0,0,0)';
      CONSTRAINT='LOCATED';
      IO_REGISTER='NO';
      SIGNAL_INTEGRITY='NONE';
      IOB_DELAY='NONE';
      INPUT_LOAD='(-0.01,0.01)';
    'SFP_TXN_O'<0>:
      PIN_NUMBER='(0,A16,0,0,0,0,0,0)';
      CONSTRAINT='LOCATED';
      IO_REGISTER='NO';
      SIGNAL_INTEGRITY='NONE';
      OUTPUT_LOAD='(1.0,-1.0)';
    'SFP_TXN_O'<1>:
      PIN_NUMBER='(0,A6,0,0,0,0,0,0)';
      CONSTRAINT='LOCATED';
      IO_REGISTER='NO';
      SIGNAL_INTEGRITY='NONE';
      OUTPUT_LOAD='(1.0,-1.0)';
    'SFP_TXP_O'<0>:
      PIN_NUMBER='(0,B16,0,0,0,0,0,0)';
      CONSTRAINT='LOCATED';
      IO_REGISTER='NO';
      SIGNAL_INTEGRITY='NONE';
      OUTPUT_LOAD='(1.0,-1.0)';
    'SFP_TXP_O'<1>:
      PIN_NUMBER='(0,B6,0,0,0,0,0,0)';
      CONSTRAINT='LOCATED';
      IO_REGISTER='NO';
      SIGNAL_INTEGRITY='NONE';
      OUTPUT_LOAD='(1.0,-1.0)';
    'SFP_TX_DISABLE_O'<0>:
      PIN_NUMBER='(0,K5,0,0,0,0,0,0)';
      CONSTRAINT='LOCATED';
      IO_REGISTER='NO';
      SIGNAL_INTEGRITY='NONE';
      IO_STANDARD='LVCMOS33';
      IO_BANK_NUMBER='3';
      DRIVE__MA_='12';
      SLEW_RATE='SLOW';
      OUTPUT_LOAD='(1.0,-1.0)';
    'SFP_TX_DISABLE_O'<1>:
      PIN_NUMBER='(0,K6,0,0,0,0,0,0)';
      CONSTRAINT='LOCATED';
      IO_REGISTER='NO';
      SIGNAL_INTEGRITY='NONE';
      IO_STANDARD='LVCMOS33';
      IO_BANK_NUMBER='3';
      DRIVE__MA_='12';
      SLEW_RATE='SLOW';
      OUTPUT_LOAD='(1.0,-1.0)';
    'SFP_TX_FAULT_I'<0>:
      PIN_NUMBER='(0,K3,0,0,0,0,0,0)';
      CONSTRAINT='LOCATED';
      IO_REGISTER='NO';
      SIGNAL_INTEGRITY='NONE';
      IOB_DELAY='NONE';
      IO_STANDARD='LVCMOS33';
      IO_BANK_NUMBER='3';
      INPUT_LOAD='(-0.01,0.01)';
    'SFP_TX_FAULT_I'<1>:
      PIN_NUMBER='(0,L6,0,0,0,0,0,0)';
      CONSTRAINT='LOCATED';
      IO_REGISTER='NO';
      SIGNAL_INTEGRITY='NONE';
      IOB_DELAY='NONE';
      IO_STANDARD='LVCMOS33';
      IO_BANK_NUMBER='3';
      INPUT_LOAD='(-0.01,0.01)';
    'ADC_DAV_I':
      PIN_NUMBER='(0,0,W1,0,0,0,0,0)';
      CONSTRAINT='LOCATED';
      IO_REGISTER='NO';
      SIGNAL_INTEGRITY='NONE';
      IOB_DELAY='NONE';
      IO_STANDARD='SSTL2_I';
      IO_BANK_NUMBER='3';
      INPUT_LOAD='(-0.01,0.01)';
    'CK_40M_N_O':
      PIN_NUMBER='(0,0,AB4,0,0,0,0,0)';
      CONSTRAINT='LOCATED';
      IO_REGISTER='NO';
      IO_STANDARD='LVDS_25';
      IO_BANK_NUMBER='2';
      OUTPUT_LOAD='(1.0,-1.0)';
    'CK_40M_P_O':
      PIN_NUMBER='(0,0,AA4,0,0,0,0,0)';
      CONSTRAINT='LOCATED';
      IO_REGISTER='NO';
      SIGNAL_INTEGRITY='NONE';
      IO_STANDARD='LVDS_25';
      IO_BANK_NUMBER='2';
      OUTPUT_LOAD='(1.0,-1.0)';
    'CK_R_O':
      PIN_NUMBER='(0,0,W4,0,0,0,0,0)';
      CONSTRAINT='LOCATED';
      IO_REGISTER='NO';
      SIGNAL_INTEGRITY='NONE';
      IO_STANDARD='LVCMOS33';
      IO_BANK_NUMBER='3';
      DRIVE__MA_='12';
      SLEW_RATE='SLOW';
      OUTPUT_LOAD='(1.0,-1.0)';
    'CK_SC_O':
      PIN_NUMBER='(0,0,V1,0,0,0,0,0)';
      CONSTRAINT='LOCATED';
      IO_REGISTER='NO';
      SIGNAL_INTEGRITY='NONE';
      IO_STANDARD='LVCMOS33';
      IO_BANK_NUMBER='3';
      DRIVE__MA_='12';
      SLEW_RATE='SLOW';
      OUTPUT_LOAD='(1.0,-1.0)';
    'D_R_O':
      PIN_NUMBER='(0,0,V2,0,0,0,0,0)';
      CONSTRAINT='LOCATED';
      IO_REGISTER='NO';
      SIGNAL_INTEGRITY='NONE';
      IO_STANDARD='LVCMOS33';
      IO_BANK_NUMBER='3';
      DRIVE__MA_='12';
      SLEW_RATE='SLOW';
      OUTPUT_LOAD='(1.0,-1.0)';
    'D_SC_O':
      PIN_NUMBER='(0,0,V3,0,0,0,0,0)';
      CONSTRAINT='LOCATED';
      IO_REGISTER='NO';
      SIGNAL_INTEGRITY='NONE';
      IO_STANDARD='LVCMOS33';
      IO_BANK_NUMBER='3';
      DRIVE__MA_='12';
      SLEW_RATE='SLOW';
      OUTPUT_LOAD='(1.0,-1.0)';
    'EN_OTAQ_O':
      PIN_NUMBER='(0,0,V5,0,0,0,0,0)';
      CONSTRAINT='LOCATED';
      IO_REGISTER='NO';
      SIGNAL_INTEGRITY='NONE';
      IO_STANDARD='LVCMOS33';
      IO_BANK_NUMBER='3';
      DRIVE__MA_='12';
      SLEW_RATE='SLOW';
      OUTPUT_LOAD='(1.0,-1.0)';
    'HOLD1_O':
      PIN_NUMBER='(0,0,Y2,0,0,0,0,0)';
      CONSTRAINT='LOCATED';
      IO_REGISTER='NO';
      SIGNAL_INTEGRITY='NONE';
      IO_STANDARD='LVCMOS33';
      IO_BANK_NUMBER='3';
      DRIVE__MA_='12';
      SLEW_RATE='SLOW';
      OUTPUT_LOAD='(1.0,-1.0)';
    'HOLD2_O':
      PIN_NUMBER='(0,0,AA2,0,0,0,0,0)';
      CONSTRAINT='LOCATED';
      IO_REGISTER='NO';
      SIGNAL_INTEGRITY='NONE';
      IO_STANDARD='LVCMOS33';
      IO_BANK_NUMBER='3';
      DRIVE__MA_='12';
      SLEW_RATE='SLOW';
      OUTPUT_LOAD='(1.0,-1.0)';
    'MAROC_TRIGGER_I'<0>:
      PIN_NUMBER='(0,0,Y21,0,0,0,0,0)';
      CONSTRAINT='LOCATED';
      IO_REGISTER='NO';
      SIGNAL_INTEGRITY='NONE';
      IOB_DELAY='NONE';
      IO_STANDARD='SSTL2_I';
      IO_BANK_NUMBER='1';
      INPUT_LOAD='(-0.01,0.01)';
    'MAROC_TRIGGER_I'<1>:
      PIN_NUMBER='(0,0,Y22,0,0,0,0,0)';
      CONSTRAINT='LOCATED';
      IO_REGISTER='NO';
      SIGNAL_INTEGRITY='NONE';
      IOB_DELAY='NONE';
      IO_STANDARD='SSTL2_I';
      IO_BANK_NUMBER='1';
      INPUT_LOAD='(-0.01,0.01)';
    'MAROC_TRIGGER_I'<2>:
      PIN_NUMBER='(0,0,W20,0,0,0,0,0)';
      CONSTRAINT='LOCATED';
      IO_REGISTER='NO';
      SIGNAL_INTEGRITY='NONE';
      IOB_DELAY='NONE';
      IO_STANDARD='SSTL2_I';
      IO_BANK_NUMBER='1';
      INPUT_LOAD='(-0.01,0.01)';
    'MAROC_TRIGGER_I'<3>:
      PIN_NUMBER='(0,0,W22,0,0,0,0,0)';
      CONSTRAINT='LOCATED';
      IO_REGISTER='NO';
      SIGNAL_INTEGRITY='NONE';
      IOB_DELAY='NONE';
      IO_STANDARD='SSTL2_I';
      IO_BANK_NUMBER='1';
      INPUT_LOAD='(-0.01,0.01)';
    'MAROC_TRIGGER_I'<4>:
      PIN_NUMBER='(0,0,V21,0,0,0,0,0)';
      CONSTRAINT='LOCATED';
      IO_REGISTER='NO';
      SIGNAL_INTEGRITY='NONE';
      IOB_DELAY='NONE';
      IO_STANDARD='SSTL2_I';
      IO_BANK_NUMBER='1';
      INPUT_LOAD='(-0.01,0.01)';
    'MAROC_TRIGGER_I'<5>:
      PIN_NUMBER='(0,0,V22,0,0,0,0,0)';
      CONSTRAINT='LOCATED';
      IO_REGISTER='NO';
      SIGNAL_INTEGRITY='NONE';
      IOB_DELAY='NONE';
      IO_STANDARD='SSTL2_I';
      IO_BANK_NUMBER='1';
      INPUT_LOAD='(-0.01,0.01)';
    'MAROC_TRIGGER_I'<6>:
      PIN_NUMBER='(0,0,U19,0,0,0,0,0)';
      CONSTRAINT='LOCATED';
      IO_REGISTER='NO';
      SIGNAL_INTEGRITY='NONE';
      IOB_DELAY='NONE';
      IO_STANDARD='SSTL2_I';
      IO_BANK_NUMBER='1';
      INPUT_LOAD='(-0.01,0.01)';
    'MAROC_TRIGGER_I'<7>:
      PIN_NUMBER='(0,0,U20,0,0,0,0,0)';
      CONSTRAINT='LOCATED';
      IO_REGISTER='NO';
      SIGNAL_INTEGRITY='NONE';
      IOB_DELAY='NONE';
      IO_STANDARD='SSTL2_I';
      IO_BANK_NUMBER='1';
      INPUT_LOAD='(-0.01,0.01)';
    'MAROC_TRIGGER_I'<8>:
      PIN_NUMBER='(0,0,U22,0,0,0,0,0)';
      CONSTRAINT='LOCATED';
      IO_REGISTER='NO';
      SIGNAL_INTEGRITY='NONE';
      IOB_DELAY='NONE';
      IO_STANDARD='SSTL2_I';
      IO_BANK_NUMBER='1';
      INPUT_LOAD='(-0.01,0.01)';
    'MAROC_TRIGGER_I'<9>:
      PIN_NUMBER='(0,0,T17,0,0,0,0,0)';
      CONSTRAINT='LOCATED';
      IO_REGISTER='NO';
      SIGNAL_INTEGRITY='NONE';
      IOB_DELAY='NONE';
      IO_STANDARD='SSTL2_I';
      IO_BANK_NUMBER='1';
      INPUT_LOAD='(-0.01,0.01)';
    'MAROC_TRIGGER_I'<10>:
      PIN_NUMBER='(0,0,T18,0,0,0,0,0)';
      CONSTRAINT='LOCATED';
      IO_REGISTER='NO';
      SIGNAL_INTEGRITY='NONE';
      IOB_DELAY='NONE';
      IO_STANDARD='SSTL2_I';
      IO_BANK_NUMBER='1';
      INPUT_LOAD='(-0.01,0.01)';
    'MAROC_TRIGGER_I'<11>:
      PIN_NUMBER='(0,0,T19,0,0,0,0,0)';
      CONSTRAINT='LOCATED';
      IO_REGISTER='NO';
      SIGNAL_INTEGRITY='NONE';
      IOB_DELAY='NONE';
      IO_STANDARD='SSTL2_I';
      IO_BANK_NUMBER='1';
      INPUT_LOAD='(-0.01,0.01)';
    'MAROC_TRIGGER_I'<12>:
      PIN_NUMBER='(0,0,T20,0,0,0,0,0)';
      CONSTRAINT='LOCATED';
      IO_REGISTER='NO';
      SIGNAL_INTEGRITY='NONE';
      IOB_DELAY='NONE';
      IO_STANDARD='SSTL2_I';
      IO_BANK_NUMBER='1';
      INPUT_LOAD='(-0.01,0.01)';
    'MAROC_TRIGGER_I'<13>:
      PIN_NUMBER='(0,0,T21,0,0,0,0,0)';
      CONSTRAINT='LOCATED';
      IO_REGISTER='NO';
      SIGNAL_INTEGRITY='NONE';
      IOB_DELAY='NONE';
      IO_STANDARD='SSTL2_I';
      IO_BANK_NUMBER='1';
      INPUT_LOAD='(-0.01,0.01)';
    'MAROC_TRIGGER_I'<14>:
      PIN_NUMBER='(0,0,T22,0,0,0,0,0)';
      CONSTRAINT='LOCATED';
      IO_REGISTER='NO';
      SIGNAL_INTEGRITY='NONE';
      IOB_DELAY='NONE';
      IO_STANDARD='SSTL2_I';
      IO_BANK_NUMBER='1';
      INPUT_LOAD='(-0.01,0.01)';
    'MAROC_TRIGGER_I'<15>:
      PIN_NUMBER='(0,0,R20,0,0,0,0,0)';
      CONSTRAINT='LOCATED';
      IO_REGISTER='NO';
      SIGNAL_INTEGRITY='NONE';
      IOB_DELAY='NONE';
      IO_STANDARD='SSTL2_I';
      IO_BANK_NUMBER='1';
      INPUT_LOAD='(-0.01,0.01)';
    'MAROC_TRIGGER_I'<16>:
      PIN_NUMBER='(0,0,R22,0,0,0,0,0)';
      CONSTRAINT='LOCATED';
      IO_REGISTER='NO';
      SIGNAL_INTEGRITY='NONE';
      IOB_DELAY='NONE';
      IO_STANDARD='SSTL2_I';
      IO_BANK_NUMBER='1';
      INPUT_LOAD='(-0.01,0.01)';
    'MAROC_TRIGGER_I'<17>:
      PIN_NUMBER='(0,0,P17,0,0,0,0,0)';
      CONSTRAINT='LOCATED';
      IO_REGISTER='NO';
      SIGNAL_INTEGRITY='NONE';
      IOB_DELAY='NONE';
      IO_STANDARD='SSTL2_I';
      IO_BANK_NUMBER='1';
      INPUT_LOAD='(-0.01,0.01)';
    'MAROC_TRIGGER_I'<18>:
      PIN_NUMBER='(0,0,P18,0,0,0,0,0)';
      CONSTRAINT='LOCATED';
      IO_REGISTER='NO';
      SIGNAL_INTEGRITY='NONE';
      IOB_DELAY='NONE';
      IO_STANDARD='SSTL2_I';
      IO_BANK_NUMBER='1';
      INPUT_LOAD='(-0.01,0.01)';
    'MAROC_TRIGGER_I'<19>:
      PIN_NUMBER='(0,0,P19,0,0,0,0,0)';
      CONSTRAINT='LOCATED';
      IO_REGISTER='NO';
      SIGNAL_INTEGRITY='NONE';
      IOB_DELAY='NONE';
      IO_STANDARD='SSTL2_I';
      IO_BANK_NUMBER='1';
      INPUT_LOAD='(-0.01,0.01)';
    'MAROC_TRIGGER_I'<20>:
      PIN_NUMBER='(0,0,P20,0,0,0,0,0)';
      CONSTRAINT='LOCATED';
      IO_REGISTER='NO';
      SIGNAL_INTEGRITY='NONE';
      IOB_DELAY='NONE';
      IO_STANDARD='SSTL2_I';
      IO_BANK_NUMBER='1';
      INPUT_LOAD='(-0.01,0.01)';
    'MAROC_TRIGGER_I'<21>:
      PIN_NUMBER='(0,0,P21,0,0,0,0,0)';
      CONSTRAINT='LOCATED';
      IO_REGISTER='NO';
      SIGNAL_INTEGRITY='NONE';
      IOB_DELAY='NONE';
      IO_STANDARD='SSTL2_I';
      IO_BANK_NUMBER='1';
      INPUT_LOAD='(-0.01,0.01)';
    'MAROC_TRIGGER_I'<22>:
      PIN_NUMBER='(0,0,P22,0,0,0,0,0)';
      CONSTRAINT='LOCATED';
      IO_REGISTER='NO';
      SIGNAL_INTEGRITY='NONE';
      IOB_DELAY='NONE';
      IO_STANDARD='SSTL2_I';
      IO_BANK_NUMBER='1';
      INPUT_LOAD='(-0.01,0.01)';
    'MAROC_TRIGGER_I'<23>:
      PIN_NUMBER='(0,0,N19,0,0,0,0,0)';
      CONSTRAINT='LOCATED';
      IO_REGISTER='NO';
      SIGNAL_INTEGRITY='NONE';
      IOB_DELAY='NONE';
      IO_STANDARD='SSTL2_I';
      IO_BANK_NUMBER='1';
      INPUT_LOAD='(-0.01,0.01)';
    'MAROC_TRIGGER_I'<24>:
      PIN_NUMBER='(0,0,N20,0,0,0,0,0)';
      CONSTRAINT='LOCATED';
      IO_REGISTER='NO';
      SIGNAL_INTEGRITY='NONE';
      IOB_DELAY='NONE';
      IO_STANDARD='SSTL2_I';
      IO_BANK_NUMBER='1';
      INPUT_LOAD='(-0.01,0.01)';
    'MAROC_TRIGGER_I'<25>:
      PIN_NUMBER='(0,0,N22,0,0,0,0,0)';
      CONSTRAINT='LOCATED';
      IO_REGISTER='NO';
      SIGNAL_INTEGRITY='NONE';
      IOB_DELAY='NONE';
      IO_STANDARD='SSTL2_I';
      IO_BANK_NUMBER='1';
      INPUT_LOAD='(-0.01,0.01)';
    'MAROC_TRIGGER_I'<26>:
      PIN_NUMBER='(0,0,M17,0,0,0,0,0)';
      CONSTRAINT='LOCATED';
      IO_REGISTER='NO';
      SIGNAL_INTEGRITY='NONE';
      IOB_DELAY='NONE';
      IO_STANDARD='SSTL2_I';
      IO_BANK_NUMBER='1';
      INPUT_LOAD='(-0.01,0.01)';
    'MAROC_TRIGGER_I'<27>:
      PIN_NUMBER='(0,0,M18,0,0,0,0,0)';
      CONSTRAINT='LOCATED';
      IO_REGISTER='NO';
      SIGNAL_INTEGRITY='NONE';
      IOB_DELAY='NONE';
      IO_STANDARD='SSTL2_I';
      IO_BANK_NUMBER='1';
      INPUT_LOAD='(-0.01,0.01)';
    'MAROC_TRIGGER_I'<28>:
      PIN_NUMBER='(0,0,M19,0,0,0,0,0)';
      CONSTRAINT='LOCATED';
      IO_REGISTER='NO';
      SIGNAL_INTEGRITY='NONE';
      IOB_DELAY='NONE';
      IO_STANDARD='SSTL2_I';
      IO_BANK_NUMBER='1';
      INPUT_LOAD='(-0.01,0.01)';
    'MAROC_TRIGGER_I'<29>:
      PIN_NUMBER='(0,0,M20,0,0,0,0,0)';
      CONSTRAINT='LOCATED';
      IO_REGISTER='NO';
      SIGNAL_INTEGRITY='NONE';
      IOB_DELAY='NONE';
      IO_STANDARD='SSTL2_I';
      IO_BANK_NUMBER='1';
      INPUT_LOAD='(-0.01,0.01)';
    'MAROC_TRIGGER_I'<30>:
      PIN_NUMBER='(0,0,M21,0,0,0,0,0)';
      CONSTRAINT='LOCATED';
      IO_REGISTER='NO';
      SIGNAL_INTEGRITY='NONE';
      IOB_DELAY='NONE';
      IO_STANDARD='SSTL2_I';
      IO_BANK_NUMBER='1';
      INPUT_LOAD='(-0.01,0.01)';
    'MAROC_TRIGGER_I'<31>:
      PIN_NUMBER='(0,0,M22,0,0,0,0,0)';
      CONSTRAINT='LOCATED';
      IO_REGISTER='NO';
      SIGNAL_INTEGRITY='NONE';
      IOB_DELAY='NONE';
      IO_STANDARD='SSTL2_I';
      IO_BANK_NUMBER='1';
      INPUT_LOAD='(-0.01,0.01)';
    'MAROC_TRIGGER_I'<32>:
      PIN_NUMBER='(0,0,L17,0,0,0,0,0)';
      CONSTRAINT='LOCATED';
      IO_REGISTER='NO';
      SIGNAL_INTEGRITY='NONE';
      IOB_DELAY='NONE';
      IO_STANDARD='SSTL2_I';
      IO_BANK_NUMBER='1';
      INPUT_LOAD='(-0.01,0.01)';
    'MAROC_TRIGGER_I'<33>:
      PIN_NUMBER='(0,0,L19,0,0,0,0,0)';
      CONSTRAINT='LOCATED';
      IO_REGISTER='NO';
      SIGNAL_INTEGRITY='NONE';
      IOB_DELAY='NONE';
      IO_STANDARD='SSTL2_I';
      IO_BANK_NUMBER='1';
      INPUT_LOAD='(-0.01,0.01)';
    'MAROC_TRIGGER_I'<34>:
      PIN_NUMBER='(0,0,L20,0,0,0,0,0)';
      CONSTRAINT='LOCATED';
      IO_REGISTER='NO';
      SIGNAL_INTEGRITY='NONE';
      IOB_DELAY='NONE';
      IO_STANDARD='SSTL2_I';
      IO_BANK_NUMBER='1';
      INPUT_LOAD='(-0.01,0.01)';
    'MAROC_TRIGGER_I'<35>:
      PIN_NUMBER='(0,0,L22,0,0,0,0,0)';
      CONSTRAINT='LOCATED';
      IO_REGISTER='NO';
      SIGNAL_INTEGRITY='NONE';
      IOB_DELAY='NONE';
      IO_STANDARD='SSTL2_I';
      IO_BANK_NUMBER='1';
      INPUT_LOAD='(-0.01,0.01)';
    'MAROC_TRIGGER_I'<36>:
      PIN_NUMBER='(0,0,K17,0,0,0,0,0)';
      CONSTRAINT='LOCATED';
      IO_REGISTER='NO';
      SIGNAL_INTEGRITY='NONE';
      IOB_DELAY='NONE';
      IO_STANDARD='SSTL2_I';
      IO_BANK_NUMBER='1';
      INPUT_LOAD='(-0.01,0.01)';
    'MAROC_TRIGGER_I'<37>:
      PIN_NUMBER='(0,0,K18,0,0,0,0,0)';
      CONSTRAINT='LOCATED';
      IO_REGISTER='NO';
      SIGNAL_INTEGRITY='NONE';
      IOB_DELAY='NONE';
      IO_STANDARD='SSTL2_I';
      IO_BANK_NUMBER='1';
      INPUT_LOAD='(-0.01,0.01)';
    'MAROC_TRIGGER_I'<38>:
      PIN_NUMBER='(0,0,K19,0,0,0,0,0)';
      CONSTRAINT='LOCATED';
      IO_REGISTER='NO';
      SIGNAL_INTEGRITY='NONE';
      IOB_DELAY='NONE';
      IO_STANDARD='SSTL2_I';
      IO_BANK_NUMBER='1';
      INPUT_LOAD='(-0.01,0.01)';
    'MAROC_TRIGGER_I'<39>:
      PIN_NUMBER='(0,0,K20,0,0,0,0,0)';
      CONSTRAINT='LOCATED';
      IO_REGISTER='NO';
      SIGNAL_INTEGRITY='NONE';
      IOB_DELAY='NONE';
      IO_STANDARD='SSTL2_I';
      IO_BANK_NUMBER='1';
      INPUT_LOAD='(-0.01,0.01)';
    'MAROC_TRIGGER_I'<40>:
      PIN_NUMBER='(0,0,J17,0,0,0,0,0)';
      CONSTRAINT='LOCATED';
      IO_REGISTER='NO';
      SIGNAL_INTEGRITY='NONE';
      IOB_DELAY='NONE';
      IO_STANDARD='SSTL2_I';
      IO_BANK_NUMBER='1';
      INPUT_LOAD='(-0.01,0.01)';
    'MAROC_TRIGGER_I'<41>:
      PIN_NUMBER='(0,0,J19,0,0,0,0,0)';
      CONSTRAINT='LOCATED';
      IO_REGISTER='NO';
      SIGNAL_INTEGRITY='NONE';
      IOB_DELAY='NONE';
      IO_STANDARD='SSTL2_I';
      IO_BANK_NUMBER='1';
      INPUT_LOAD='(-0.01,0.01)';
    'MAROC_TRIGGER_I'<42>:
      PIN_NUMBER='(0,0,J20,0,0,0,0,0)';
      CONSTRAINT='LOCATED';
      IO_REGISTER='NO';
      SIGNAL_INTEGRITY='NONE';
      IOB_DELAY='NONE';
      IO_STANDARD='SSTL2_I';
      IO_BANK_NUMBER='1';
      INPUT_LOAD='(-0.01,0.01)';
    'MAROC_TRIGGER_I'<43>:
      PIN_NUMBER='(0,0,J22,0,0,0,0,0)';
      CONSTRAINT='LOCATED';
      IO_REGISTER='NO';
      SIGNAL_INTEGRITY='NONE';
      IOB_DELAY='NONE';
      IO_STANDARD='SSTL2_I';
      IO_BANK_NUMBER='1';
      INPUT_LOAD='(-0.01,0.01)';
    'MAROC_TRIGGER_I'<44>:
      PIN_NUMBER='(0,0,H17,0,0,0,0,0)';
      CONSTRAINT='LOCATED';
      IO_REGISTER='NO';
      SIGNAL_INTEGRITY='NONE';
      IOB_DELAY='NONE';
      IO_STANDARD='SSTL2_I';
      IO_BANK_NUMBER='1';
      INPUT_LOAD='(-0.01,0.01)';
    'MAROC_TRIGGER_I'<45>:
      PIN_NUMBER='(0,0,H18,0,0,0,0,0)';
      CONSTRAINT='LOCATED';
      IO_REGISTER='NO';
      SIGNAL_INTEGRITY='NONE';
      IOB_DELAY='NONE';
      IO_STANDARD='SSTL2_I';
      IO_BANK_NUMBER='1';
      INPUT_LOAD='(-0.01,0.01)';
    'MAROC_TRIGGER_I'<46>:
      PIN_NUMBER='(0,0,H19,0,0,0,0,0)';
      CONSTRAINT='LOCATED';
      IO_REGISTER='NO';
      SIGNAL_INTEGRITY='NONE';
      IOB_DELAY='NONE';
      IO_STANDARD='SSTL2_I';
      IO_BANK_NUMBER='1';
      INPUT_LOAD='(-0.01,0.01)';
    'MAROC_TRIGGER_I'<47>:
      PIN_NUMBER='(0,0,H20,0,0,0,0,0)';
      CONSTRAINT='LOCATED';
      IO_REGISTER='NO';
      SIGNAL_INTEGRITY='NONE';
      IOB_DELAY='NONE';
      IO_STANDARD='SSTL2_I';
      IO_BANK_NUMBER='1';
      INPUT_LOAD='(-0.01,0.01)';
    'MAROC_TRIGGER_I'<48>:
      PIN_NUMBER='(0,0,H21,0,0,0,0,0)';
      CONSTRAINT='LOCATED';
      IO_REGISTER='NO';
      SIGNAL_INTEGRITY='NONE';
      IOB_DELAY='NONE';
      IO_STANDARD='SSTL2_I';
      IO_BANK_NUMBER='1';
      INPUT_LOAD='(-0.01,0.01)';
    'MAROC_TRIGGER_I'<49>:
      PIN_NUMBER='(0,0,H22,0,0,0,0,0)';
      CONSTRAINT='LOCATED';
      IO_REGISTER='NO';
      SIGNAL_INTEGRITY='NONE';
      IOB_DELAY='NONE';
      IO_STANDARD='SSTL2_I';
      IO_BANK_NUMBER='1';
      INPUT_LOAD='(-0.01,0.01)';
    'MAROC_TRIGGER_I'<50>:
      PIN_NUMBER='(0,0,G19,0,0,0,0,0)';
      CONSTRAINT='LOCATED';
      IO_REGISTER='NO';
      SIGNAL_INTEGRITY='NONE';
      IOB_DELAY='NONE';
      IO_STANDARD='SSTL2_I';
      IO_BANK_NUMBER='1';
      INPUT_LOAD='(-0.01,0.01)';
    'MAROC_TRIGGER_I'<51>:
      PIN_NUMBER='(0,0,G20,0,0,0,0,0)';
      CONSTRAINT='LOCATED';
      IO_REGISTER='NO';
      SIGNAL_INTEGRITY='NONE';
      IOB_DELAY='NONE';
      IO_STANDARD='SSTL2_I';
      IO_BANK_NUMBER='1';
      INPUT_LOAD='(-0.01,0.01)';
    'MAROC_TRIGGER_I'<52>:
      PIN_NUMBER='(0,0,G22,0,0,0,0,0)';
      CONSTRAINT='LOCATED';
      IO_REGISTER='NO';
      SIGNAL_INTEGRITY='NONE';
      IOB_DELAY='NONE';
      IO_STANDARD='SSTL2_I';
      IO_BANK_NUMBER='1';
      INPUT_LOAD='(-0.01,0.01)';
    'MAROC_TRIGGER_I'<53>:
      PIN_NUMBER='(0,0,F18,0,0,0,0,0)';
      CONSTRAINT='LOCATED';
      IO_REGISTER='NO';
      SIGNAL_INTEGRITY='NONE';
      IOB_DELAY='NONE';
      IO_STANDARD='SSTL2_I';
      IO_BANK_NUMBER='1';
      INPUT_LOAD='(-0.01,0.01)';
    'MAROC_TRIGGER_I'<54>:
      PIN_NUMBER='(0,0,F20,0,0,0,0,0)';
      CONSTRAINT='LOCATED';
      IO_REGISTER='NO';
      SIGNAL_INTEGRITY='NONE';
      IOB_DELAY='NONE';
      IO_STANDARD='SSTL2_I';
      IO_BANK_NUMBER='1';
      INPUT_LOAD='(-0.01,0.01)';
    'MAROC_TRIGGER_I'<55>:
      PIN_NUMBER='(0,0,F21,0,0,0,0,0)';
      CONSTRAINT='LOCATED';
      IO_REGISTER='NO';
      SIGNAL_INTEGRITY='NONE';
      IOB_DELAY='NONE';
      IO_STANDARD='SSTL2_I';
      IO_BANK_NUMBER='1';
      INPUT_LOAD='(-0.01,0.01)';
    'MAROC_TRIGGER_I'<56>:
      PIN_NUMBER='(0,0,F22,0,0,0,0,0)';
      CONSTRAINT='LOCATED';
      IO_REGISTER='NO';
      SIGNAL_INTEGRITY='NONE';
      IOB_DELAY='NONE';
      IO_STANDARD='SSTL2_I';
      IO_BANK_NUMBER='1';
      INPUT_LOAD='(-0.01,0.01)';
    'MAROC_TRIGGER_I'<57>:
      PIN_NUMBER='(0,0,E20,0,0,0,0,0)';
      CONSTRAINT='LOCATED';
      IO_REGISTER='NO';
      SIGNAL_INTEGRITY='NONE';
      IOB_DELAY='NONE';
      IO_STANDARD='SSTL2_I';
      IO_BANK_NUMBER='1';
      INPUT_LOAD='(-0.01,0.01)';
    'MAROC_TRIGGER_I'<58>:
      PIN_NUMBER='(0,0,E22,0,0,0,0,0)';
      CONSTRAINT='LOCATED';
      IO_REGISTER='NO';
      SIGNAL_INTEGRITY='NONE';
      IOB_DELAY='NONE';
      IO_STANDARD='SSTL2_I';
      IO_BANK_NUMBER='1';
      INPUT_LOAD='(-0.01,0.01)';
    'MAROC_TRIGGER_I'<59>:
      PIN_NUMBER='(0,0,D21,0,0,0,0,0)';
      CONSTRAINT='LOCATED';
      IO_REGISTER='NO';
      SIGNAL_INTEGRITY='NONE';
      IOB_DELAY='NONE';
      IO_STANDARD='SSTL2_I';
      IO_BANK_NUMBER='1';
      INPUT_LOAD='(-0.01,0.01)';
    'MAROC_TRIGGER_I'<60>:
      PIN_NUMBER='(0,0,C20,0,0,0,0,0)';
      CONSTRAINT='LOCATED';
      IO_REGISTER='NO';
      SIGNAL_INTEGRITY='NONE';
      IOB_DELAY='NONE';
      IO_STANDARD='SSTL2_I';
      IO_BANK_NUMBER='1';
      INPUT_LOAD='(-0.01,0.01)';
    'MAROC_TRIGGER_I'<61>:
      PIN_NUMBER='(0,0,C22,0,0,0,0,0)';
      CONSTRAINT='LOCATED';
      IO_REGISTER='NO';
      SIGNAL_INTEGRITY='NONE';
      IOB_DELAY='NONE';
      IO_STANDARD='SSTL2_I';
      IO_BANK_NUMBER='1';
      INPUT_LOAD='(-0.01,0.01)';
    'MAROC_TRIGGER_I'<62>:
      PIN_NUMBER='(0,0,B21,0,0,0,0,0)';
      CONSTRAINT='LOCATED';
      IO_REGISTER='NO';
      SIGNAL_INTEGRITY='NONE';
      IOB_DELAY='NONE';
      IO_STANDARD='SSTL2_I';
      IO_BANK_NUMBER='1';
      INPUT_LOAD='(-0.01,0.01)';
    'MAROC_TRIGGER_I'<63>:
      PIN_NUMBER='(0,0,B22,0,0,0,0,0)';
      CONSTRAINT='LOCATED';
      IO_REGISTER='NO';
      SIGNAL_INTEGRITY='NONE';
      IOB_DELAY='NONE';
      IO_STANDARD='SSTL2_I';
      IO_BANK_NUMBER='1';
      INPUT_LOAD='(-0.01,0.01)';
    'OR_I'<0>:
      PIN_NUMBER='(0,0,N6,0,0,0,0,0)';
      CONSTRAINT='LOCATED';
      IO_REGISTER='NO';
      SIGNAL_INTEGRITY='NONE';
      IOB_DELAY='NONE';
      IO_STANDARD='SSTL2_I';
      IO_BANK_NUMBER='3';
      INPUT_LOAD='(-0.01,0.01)';
    'OR_I'<1>:
      PIN_NUMBER='(0,0,P6,0,0,0,0,0)';
      CONSTRAINT='LOCATED';
      IO_REGISTER='NO';
      SIGNAL_INTEGRITY='NONE';
      IOB_DELAY='NONE';
      IO_STANDARD='SSTL2_I';
      IO_BANK_NUMBER='3';
      INPUT_LOAD='(-0.01,0.01)';
    'OUT_ADC_I':
      PIN_NUMBER='(0,0,W3,0,0,0,0,0)';
      CONSTRAINT='LOCATED';
      IO_REGISTER='NO';
      SIGNAL_INTEGRITY='NONE';
      IOB_DELAY='NONE';
      IO_STANDARD='SSTL2_I';
      IO_BANK_NUMBER='3';
      INPUT_LOAD='(-0.01,0.01)';
    'Q_R_I':
      PIN_NUMBER='(0,0,U1,0,0,0,0,0)';
      CONSTRAINT='LOCATED';
      IO_REGISTER='NO';
      SIGNAL_INTEGRITY='NONE';
      IOB_DELAY='NONE';
      IO_STANDARD='LVCMOS33';
      IO_BANK_NUMBER='3';
      INPUT_LOAD='(-0.01,0.01)';
    'Q_SC_I':
      PIN_NUMBER='(0,0,U3,0,0,0,0,0)';
      CONSTRAINT='LOCATED';
      IO_REGISTER='NO';
      SIGNAL_INTEGRITY='NONE';
      IOB_DELAY='NONE';
      IO_STANDARD='LVCMOS33';
      IO_BANK_NUMBER='3';
      INPUT_LOAD='(-0.01,0.01)';
    'RST_ADC_N_O':
      PIN_NUMBER='(0,0,AA1,0,0,0,0,0)';
      CONSTRAINT='LOCATED';
      IO_REGISTER='NO';
      SIGNAL_INTEGRITY='NONE';
      IO_STANDARD='LVCMOS33';
      IO_BANK_NUMBER='3';
      DRIVE__MA_='12';
      SLEW_RATE='SLOW';
      OUTPUT_LOAD='(1.0,-1.0)';
    'RST_R_N_O':
      PIN_NUMBER='(0,0,Y1,0,0,0,0,0)';
      CONSTRAINT='LOCATED';
      IO_REGISTER='NO';
      SIGNAL_INTEGRITY='NONE';
      IO_STANDARD='LVCMOS33';
      IO_BANK_NUMBER='3';
      DRIVE__MA_='12';
      SLEW_RATE='SLOW';
      OUTPUT_LOAD='(1.0,-1.0)';
    'RST_SC_N_O':
      PIN_NUMBER='(0,0,U4,0,0,0,0,0)';
      CONSTRAINT='LOCATED';
      IO_REGISTER='NO';
      SIGNAL_INTEGRITY='NONE';
      IO_STANDARD='LVCMOS33';
      IO_BANK_NUMBER='3';
      DRIVE__MA_='12';
      SLEW_RATE='SLOW';
      OUTPUT_LOAD='(1.0,-1.0)';
    'START_ADC_N_O':
      PIN_NUMBER='(0,0,Y3,0,0,0,0,0)';
      CONSTRAINT='LOCATED';
      IO_REGISTER='NO';
      SIGNAL_INTEGRITY='NONE';
      IO_STANDARD='LVCMOS33';
      IO_BANK_NUMBER='3';
      DRIVE__MA_='12';
      SLEW_RATE='SLOW';
      OUTPUT_LOAD='(1.0,-1.0)';
    'GND'<0>:
      PIN_NUMBER='(0,0,0,A1,0,0,0,0)';
      PINUSE='GROUND';
      NO_LOAD_CHECK='Both';
      NO_IO_CHECK='Both';
      NO_ASSERT_CHECK='TRUE';
      NO_DIR_CHECK='TRUE';
      ALLOW_CONNECT='TRUE';
    'GND'<1>:
      PIN_NUMBER='(0,0,0,A9,0,0,0,0)';
      PINUSE='GROUND';
      NO_LOAD_CHECK='Both';
      NO_IO_CHECK='Both';
      NO_ASSERT_CHECK='TRUE';
      NO_DIR_CHECK='TRUE';
      ALLOW_CONNECT='TRUE';
    'GND'<2>:
      PIN_NUMBER='(0,0,0,A11,0,0,0,0)';
      PINUSE='GROUND';
      NO_LOAD_CHECK='Both';
      NO_IO_CHECK='Both';
      NO_ASSERT_CHECK='TRUE';
      NO_DIR_CHECK='TRUE';
      ALLOW_CONNECT='TRUE';
    'GND'<3>:
      PIN_NUMBER='(0,0,0,A13,0,0,0,0)';
      PINUSE='GROUND';
      NO_LOAD_CHECK='Both';
      NO_IO_CHECK='Both';
      NO_ASSERT_CHECK='TRUE';
      NO_DIR_CHECK='TRUE';
      ALLOW_CONNECT='TRUE';
    'GND'<4>:
      PIN_NUMBER='(0,0,0,A22,0,0,0,0)';
      PINUSE='GROUND';
      NO_LOAD_CHECK='Both';
      NO_IO_CHECK='Both';
      NO_ASSERT_CHECK='TRUE';
      NO_DIR_CHECK='TRUE';
      ALLOW_CONNECT='TRUE';
    'GND'<5>:
      PIN_NUMBER='(0,0,0,AA5,0,0,0,0)';
      PINUSE='GROUND';
      NO_LOAD_CHECK='Both';
      NO_IO_CHECK='Both';
      NO_ASSERT_CHECK='TRUE';
      NO_DIR_CHECK='TRUE';
      ALLOW_CONNECT='TRUE';
    'GND'<6>:
      PIN_NUMBER='(0,0,0,AA9,0,0,0,0)';
      PINUSE='GROUND';
      NO_LOAD_CHECK='Both';
      NO_IO_CHECK='Both';
      NO_ASSERT_CHECK='TRUE';
      NO_DIR_CHECK='TRUE';
      ALLOW_CONNECT='TRUE';
    'GND'<7>:
      PIN_NUMBER='(0,0,0,AA13,0,0,0,0)';
      PINUSE='GROUND';
      NO_LOAD_CHECK='Both';
      NO_IO_CHECK='Both';
      NO_ASSERT_CHECK='TRUE';
      NO_DIR_CHECK='TRUE';
      ALLOW_CONNECT='TRUE';
    'GND'<8>:
      PIN_NUMBER='(0,0,0,AA17,0,0,0,0)';
      PINUSE='GROUND';
      NO_LOAD_CHECK='Both';
      NO_IO_CHECK='Both';
      NO_ASSERT_CHECK='TRUE';
      NO_DIR_CHECK='TRUE';
      ALLOW_CONNECT='TRUE';
    'GND'<9>:
      PIN_NUMBER='(0,0,0,AB1,0,0,0,0)';
      PINUSE='GROUND';
      NO_LOAD_CHECK='Both';
      NO_IO_CHECK='Both';
      NO_ASSERT_CHECK='TRUE';
      NO_DIR_CHECK='TRUE';
      ALLOW_CONNECT='TRUE';
    'GND'<10>:
      PIN_NUMBER='(0,0,0,AB22,0,0,0,0)';
      PINUSE='GROUND';
      NO_LOAD_CHECK='Both';
      NO_IO_CHECK='Both';
      NO_ASSERT_CHECK='TRUE';
      NO_DIR_CHECK='TRUE';
      ALLOW_CONNECT='TRUE';
    'GND'<11>:
      PIN_NUMBER='(0,0,0,B5,0,0,0,0)';
      PINUSE='GROUND';
      NO_LOAD_CHECK='Both';
      NO_IO_CHECK='Both';
      NO_ASSERT_CHECK='TRUE';
      NO_DIR_CHECK='TRUE';
      ALLOW_CONNECT='TRUE';
    'GND'<12>:
      PIN_NUMBER='(0,0,0,B7,0,0,0,0)';
      PINUSE='GROUND';
      NO_LOAD_CHECK='Both';
      NO_IO_CHECK='Both';
      NO_ASSERT_CHECK='TRUE';
      NO_DIR_CHECK='TRUE';
      ALLOW_CONNECT='TRUE';
    'GND'<13>:
      PIN_NUMBER='(0,0,0,B11,0,0,0,0)';
      PINUSE='GROUND';
      NO_LOAD_CHECK='Both';
      NO_IO_CHECK='Both';
      NO_ASSERT_CHECK='TRUE';
      NO_DIR_CHECK='TRUE';
      ALLOW_CONNECT='TRUE';
    'GND'<14>:
      PIN_NUMBER='(0,0,0,B15,0,0,0,0)';
      PINUSE='GROUND';
      NO_LOAD_CHECK='Both';
      NO_IO_CHECK='Both';
      NO_ASSERT_CHECK='TRUE';
      NO_DIR_CHECK='TRUE';
      ALLOW_CONNECT='TRUE';
    'GND'<15>:
      PIN_NUMBER='(0,0,0,B17,0,0,0,0)';
      PINUSE='GROUND';
      NO_LOAD_CHECK='Both';
      NO_IO_CHECK='Both';
      NO_ASSERT_CHECK='TRUE';
      NO_DIR_CHECK='TRUE';
      ALLOW_CONNECT='TRUE';
    'GND'<16>:
      PIN_NUMBER='(0,0,0,C6,0,0,0,0)';
      PINUSE='GROUND';
      NO_LOAD_CHECK='Both';
      NO_IO_CHECK='Both';
      NO_ASSERT_CHECK='TRUE';
      NO_DIR_CHECK='TRUE';
      ALLOW_CONNECT='TRUE';
    'GND'<17>:
      PIN_NUMBER='(0,0,0,C8,0,0,0,0)';
      PINUSE='GROUND';
      NO_LOAD_CHECK='Both';
      NO_IO_CHECK='Both';
      NO_ASSERT_CHECK='TRUE';
      NO_DIR_CHECK='TRUE';
      ALLOW_CONNECT='TRUE';
    'GND'<18>:
      PIN_NUMBER='(0,0,0,C12,0,0,0,0)';
      PINUSE='GROUND';
      NO_LOAD_CHECK='Both';
      NO_IO_CHECK='Both';
      NO_ASSERT_CHECK='TRUE';
      NO_DIR_CHECK='TRUE';
      ALLOW_CONNECT='TRUE';
    'GND'<19>:
      PIN_NUMBER='(0,0,0,C14,0,0,0,0)';
      PINUSE='GROUND';
      NO_LOAD_CHECK='Both';
      NO_IO_CHECK='Both';
      NO_ASSERT_CHECK='TRUE';
      NO_DIR_CHECK='TRUE';
      ALLOW_CONNECT='TRUE';
    'GND'<20>:
      PIN_NUMBER='(0,0,0,C16,0,0,0,0)';
      PINUSE='GROUND';
      NO_LOAD_CHECK='Both';
      NO_IO_CHECK='Both';
      NO_ASSERT_CHECK='TRUE';
      NO_DIR_CHECK='TRUE';
      ALLOW_CONNECT='TRUE';
    'GND'<21>:
      PIN_NUMBER='(0,0,0,D6,0,0,0,0)';
      PINUSE='GROUND';
      NO_LOAD_CHECK='Both';
      NO_IO_CHECK='Both';
      NO_ASSERT_CHECK='TRUE';
      NO_DIR_CHECK='TRUE';
      ALLOW_CONNECT='TRUE';
    'GND'<22>:
      PIN_NUMBER='(0,0,0,D10,0,0,0,0)';
      PINUSE='GROUND';
      NO_LOAD_CHECK='Both';
      NO_IO_CHECK='Both';
      NO_ASSERT_CHECK='TRUE';
      NO_DIR_CHECK='TRUE';
      ALLOW_CONNECT='TRUE';
    'GND'<23>:
      PIN_NUMBER='(0,0,0,D16,0,0,0,0)';
      PINUSE='GROUND';
      NO_LOAD_CHECK='Both';
      NO_IO_CHECK='Both';
      NO_ASSERT_CHECK='TRUE';
      NO_DIR_CHECK='TRUE';
      ALLOW_CONNECT='TRUE';
    'GND'<24>:
      PIN_NUMBER='(0,0,0,E2,0,0,0,0)';
      PINUSE='GROUND';
      NO_LOAD_CHECK='Both';
      NO_IO_CHECK='Both';
      NO_ASSERT_CHECK='TRUE';
      NO_DIR_CHECK='TRUE';
      ALLOW_CONNECT='TRUE';
    'GND'<25>:
      PIN_NUMBER='(0,0,0,E7,0,0,0,0)';
      PINUSE='GROUND';
      NO_LOAD_CHECK='Both';
      NO_IO_CHECK='Both';
      NO_ASSERT_CHECK='TRUE';
      NO_DIR_CHECK='TRUE';
      ALLOW_CONNECT='TRUE';
    'GND'<26>:
      PIN_NUMBER='(0,0,0,E11,0,0,0,0)';
      PINUSE='GROUND';
      NO_LOAD_CHECK='Both';
      NO_IO_CHECK='Both';
      NO_ASSERT_CHECK='TRUE';
      NO_DIR_CHECK='TRUE';
      ALLOW_CONNECT='TRUE';
    'GND'<27>:
      PIN_NUMBER='(0,0,0,E14,0,0,0,0)';
      PINUSE='GROUND';
      NO_LOAD_CHECK='Both';
      NO_IO_CHECK='Both';
      NO_ASSERT_CHECK='TRUE';
      NO_DIR_CHECK='TRUE';
      ALLOW_CONNECT='TRUE';
    'GND'<28>:
      PIN_NUMBER='(0,0,0,E15,0,0,0,0)';
      PINUSE='GROUND';
      NO_LOAD_CHECK='Both';
      NO_IO_CHECK='Both';
      NO_ASSERT_CHECK='TRUE';
      NO_DIR_CHECK='TRUE';
      ALLOW_CONNECT='TRUE';
    'GND'<29>:
      PIN_NUMBER='(0,0,0,E21,0,0,0,0)';
      PINUSE='GROUND';
      NO_LOAD_CHECK='Both';
      NO_IO_CHECK='Both';
      NO_ASSERT_CHECK='TRUE';
      NO_DIR_CHECK='TRUE';
      ALLOW_CONNECT='TRUE';
    'GND'<30>:
      PIN_NUMBER='(0,0,0,F13,0,0,0,0)';
      PINUSE='GROUND';
      NO_LOAD_CHECK='Both';
      NO_IO_CHECK='Both';
      NO_ASSERT_CHECK='TRUE';
      NO_DIR_CHECK='TRUE';
      ALLOW_CONNECT='TRUE';
    'GND'<31>:
      PIN_NUMBER='(0,0,0,G5,0,0,0,0)';
      PINUSE='GROUND';
      NO_LOAD_CHECK='Both';
      NO_IO_CHECK='Both';
      NO_ASSERT_CHECK='TRUE';
      NO_DIR_CHECK='TRUE';
      ALLOW_CONNECT='TRUE';
    'GND'<32>:
      PIN_NUMBER='(0,0,0,G18,0,0,0,0)';
      PINUSE='GROUND';
      NO_LOAD_CHECK='Both';
      NO_IO_CHECK='Both';
      NO_ASSERT_CHECK='TRUE';
      NO_DIR_CHECK='TRUE';
      ALLOW_CONNECT='TRUE';
    'GND'<33>:
      PIN_NUMBER='(0,0,0,H7,0,0,0,0)';
      PINUSE='GROUND';
      NO_LOAD_CHECK='Both';
      NO_IO_CHECK='Both';
      NO_ASSERT_CHECK='TRUE';
      NO_DIR_CHECK='TRUE';
      ALLOW_CONNECT='TRUE';
    'GND'<34>:
      PIN_NUMBER='(0,0,0,J2,0,0,0,0)';
      PINUSE='GROUND';
      NO_LOAD_CHECK='Both';
      NO_IO_CHECK='Both';
      NO_ASSERT_CHECK='TRUE';
      NO_DIR_CHECK='TRUE';
      ALLOW_CONNECT='TRUE';
    'GND'<35>:
      PIN_NUMBER='(0,0,0,J9,0,0,0,0)';
      PINUSE='GROUND';
      NO_LOAD_CHECK='Both';
      NO_IO_CHECK='Both';
      NO_ASSERT_CHECK='TRUE';
      NO_DIR_CHECK='TRUE';
      ALLOW_CONNECT='TRUE';
    'GND'<36>:
      PIN_NUMBER='(0,0,0,J11,0,0,0,0)';
      PINUSE='GROUND';
      NO_LOAD_CHECK='Both';
      NO_IO_CHECK='Both';
      NO_ASSERT_CHECK='TRUE';
      NO_DIR_CHECK='TRUE';
      ALLOW_CONNECT='TRUE';
    'GND'<37>:
      PIN_NUMBER='(0,0,0,J13,0,0,0,0)';
      PINUSE='GROUND';
      NO_LOAD_CHECK='Both';
      NO_IO_CHECK='Both';
      NO_ASSERT_CHECK='TRUE';
      NO_DIR_CHECK='TRUE';
      ALLOW_CONNECT='TRUE';
    'GND'<38>:
      PIN_NUMBER='(0,0,0,J15,0,0,0,0)';
      PINUSE='GROUND';
      NO_LOAD_CHECK='Both';
      NO_IO_CHECK='Both';
      NO_ASSERT_CHECK='TRUE';
      NO_DIR_CHECK='TRUE';
      ALLOW_CONNECT='TRUE';
    'GND'<39>:
      PIN_NUMBER='(0,0,0,J21,0,0,0,0)';
      PINUSE='GROUND';
      NO_LOAD_CHECK='Both';
      NO_IO_CHECK='Both';
      NO_ASSERT_CHECK='TRUE';
      NO_DIR_CHECK='TRUE';
      ALLOW_CONNECT='TRUE';
    'GND'<40>:
      PIN_NUMBER='(0,0,0,K10,0,0,0,0)';
      PINUSE='GROUND';
      NO_LOAD_CHECK='Both';
      NO_IO_CHECK='Both';
      NO_ASSERT_CHECK='TRUE';
      NO_DIR_CHECK='TRUE';
      ALLOW_CONNECT='TRUE';
    'GND'<41>:
      PIN_NUMBER='(0,0,0,K12,0,0,0,0)';
      PINUSE='GROUND';
      NO_LOAD_CHECK='Both';
      NO_IO_CHECK='Both';
      NO_ASSERT_CHECK='TRUE';
      NO_DIR_CHECK='TRUE';
      ALLOW_CONNECT='TRUE';
    'GND'<42>:
      PIN_NUMBER='(0,0,0,K14,0,0,0,0)';
      PINUSE='GROUND';
      NO_LOAD_CHECK='Both';
      NO_IO_CHECK='Both';
      NO_ASSERT_CHECK='TRUE';
      NO_DIR_CHECK='TRUE';
      ALLOW_CONNECT='TRUE';
    'GND'<43>:
      PIN_NUMBER='(0,0,0,L5,0,0,0,0)';
      PINUSE='GROUND';
      NO_LOAD_CHECK='Both';
      NO_IO_CHECK='Both';
      NO_ASSERT_CHECK='TRUE';
      NO_DIR_CHECK='TRUE';
      ALLOW_CONNECT='TRUE';
    'GND'<44>:
      PIN_NUMBER='(0,0,0,L9,0,0,0,0)';
      PINUSE='GROUND';
      NO_LOAD_CHECK='Both';
      NO_IO_CHECK='Both';
      NO_ASSERT_CHECK='TRUE';
      NO_DIR_CHECK='TRUE';
      ALLOW_CONNECT='TRUE';
    'GND'<45>:
      PIN_NUMBER='(0,0,0,L11,0,0,0,0)';
      PINUSE='GROUND';
      NO_LOAD_CHECK='Both';
      NO_IO_CHECK='Both';
      NO_ASSERT_CHECK='TRUE';
      NO_DIR_CHECK='TRUE';
      ALLOW_CONNECT='TRUE';
    'GND'<46>:
      PIN_NUMBER='(0,0,0,L13,0,0,0,0)';
      PINUSE='GROUND';
      NO_LOAD_CHECK='Both';
      NO_IO_CHECK='Both';
      NO_ASSERT_CHECK='TRUE';
      NO_DIR_CHECK='TRUE';
      ALLOW_CONNECT='TRUE';
    'GND'<47>:
      PIN_NUMBER='(0,0,0,L18,0,0,0,0)';
      PINUSE='GROUND';
      NO_LOAD_CHECK='Both';
      NO_IO_CHECK='Both';
      NO_ASSERT_CHECK='TRUE';
      NO_DIR_CHECK='TRUE';
      ALLOW_CONNECT='TRUE';
    'GND'<48>:
      PIN_NUMBER='(0,0,0,M10,0,0,0,0)';
      PINUSE='GROUND';
      NO_LOAD_CHECK='Both';
      NO_IO_CHECK='Both';
      NO_ASSERT_CHECK='TRUE';
      NO_DIR_CHECK='TRUE';
      ALLOW_CONNECT='TRUE';
    'GND'<49>:
      PIN_NUMBER='(0,0,0,M12,0,0,0,0)';
      PINUSE='GROUND';
      NO_LOAD_CHECK='Both';
      NO_IO_CHECK='Both';
      NO_ASSERT_CHECK='TRUE';
      NO_DIR_CHECK='TRUE';
      ALLOW_CONNECT='TRUE';
    'GND'<50>:
      PIN_NUMBER='(0,0,0,M14,0,0,0,0)';
      PINUSE='GROUND';
      NO_LOAD_CHECK='Both';
      NO_IO_CHECK='Both';
      NO_ASSERT_CHECK='TRUE';
      NO_DIR_CHECK='TRUE';
      ALLOW_CONNECT='TRUE';
    'GND'<51>:
      PIN_NUMBER='(0,0,0,N2,0,0,0,0)';
      PINUSE='GROUND';
      NO_LOAD_CHECK='Both';
      NO_IO_CHECK='Both';
      NO_ASSERT_CHECK='TRUE';
      NO_DIR_CHECK='TRUE';
      ALLOW_CONNECT='TRUE';
    'GND'<52>:
      PIN_NUMBER='(0,0,0,N9,0,0,0,0)';
      PINUSE='GROUND';
      NO_LOAD_CHECK='Both';
      NO_IO_CHECK='Both';
      NO_ASSERT_CHECK='TRUE';
      NO_DIR_CHECK='TRUE';
      ALLOW_CONNECT='TRUE';
    'GND'<53>:
      PIN_NUMBER='(0,0,0,N11,0,0,0,0)';
      PINUSE='GROUND';
      NO_LOAD_CHECK='Both';
      NO_IO_CHECK='Both';
      NO_ASSERT_CHECK='TRUE';
      NO_DIR_CHECK='TRUE';
      ALLOW_CONNECT='TRUE';
    'GND'<54>:
      PIN_NUMBER='(0,0,0,N13,0,0,0,0)';
      PINUSE='GROUND';
      NO_LOAD_CHECK='Both';
      NO_IO_CHECK='Both';
      NO_ASSERT_CHECK='TRUE';
      NO_DIR_CHECK='TRUE';
      ALLOW_CONNECT='TRUE';
    'GND'<55>:
      PIN_NUMBER='(0,0,0,N17,0,0,0,0)';
      PINUSE='GROUND';
      NO_LOAD_CHECK='Both';
      NO_IO_CHECK='Both';
      NO_ASSERT_CHECK='TRUE';
      NO_DIR_CHECK='TRUE';
      ALLOW_CONNECT='TRUE';
    'GND'<56>:
      PIN_NUMBER='(0,0,0,N21,0,0,0,0)';
      PINUSE='GROUND';
      NO_LOAD_CHECK='Both';
      NO_IO_CHECK='Both';
      NO_ASSERT_CHECK='TRUE';
      NO_DIR_CHECK='TRUE';
      ALLOW_CONNECT='TRUE';
    'GND'<57>:
      PIN_NUMBER='(0,0,0,P10,0,0,0,0)';
      PINUSE='GROUND';
      NO_LOAD_CHECK='Both';
      NO_IO_CHECK='Both';
      NO_ASSERT_CHECK='TRUE';
      NO_DIR_CHECK='TRUE';
      ALLOW_CONNECT='TRUE';
    'GND'<58>:
      PIN_NUMBER='(0,0,0,P12,0,0,0,0)';
      PINUSE='GROUND';
      NO_LOAD_CHECK='Both';
      NO_IO_CHECK='Both';
      NO_ASSERT_CHECK='TRUE';
      NO_DIR_CHECK='TRUE';
      ALLOW_CONNECT='TRUE';
    'GND'<59>:
      PIN_NUMBER='(0,0,0,P14,0,0,0,0)';
      PINUSE='GROUND';
      NO_LOAD_CHECK='Both';
      NO_IO_CHECK='Both';
      NO_ASSERT_CHECK='TRUE';
      NO_DIR_CHECK='TRUE';
      ALLOW_CONNECT='TRUE';
    'GND'<60>:
      PIN_NUMBER='(0,0,0,R5,0,0,0,0)';
      PINUSE='GROUND';
      NO_LOAD_CHECK='Both';
      NO_IO_CHECK='Both';
      NO_ASSERT_CHECK='TRUE';
      NO_DIR_CHECK='TRUE';
      ALLOW_CONNECT='TRUE';
    'GND'<61>:
      PIN_NUMBER='(0,0,0,R18,0,0,0,0)';
      PINUSE='GROUND';
      NO_LOAD_CHECK='Both';
      NO_IO_CHECK='Both';
      NO_ASSERT_CHECK='TRUE';
      NO_DIR_CHECK='TRUE';
      ALLOW_CONNECT='TRUE';
    'GND'<62>:
      PIN_NUMBER='(0,0,0,U2,0,0,0,0)';
      PINUSE='GROUND';
      NO_LOAD_CHECK='Both';
      NO_IO_CHECK='Both';
      NO_ASSERT_CHECK='TRUE';
      NO_DIR_CHECK='TRUE';
      ALLOW_CONNECT='TRUE';
    'GND'<63>:
      PIN_NUMBER='(0,0,0,U7,0,0,0,0)';
      PINUSE='GROUND';
      NO_LOAD_CHECK='Both';
      NO_IO_CHECK='Both';
      NO_ASSERT_CHECK='TRUE';
      NO_DIR_CHECK='TRUE';
      ALLOW_CONNECT='TRUE';
    'GND'<64>:
      PIN_NUMBER='(0,0,0,U21,0,0,0,0)';
      PINUSE='GROUND';
      NO_LOAD_CHECK='Both';
      NO_IO_CHECK='Both';
      NO_ASSERT_CHECK='TRUE';
      NO_DIR_CHECK='TRUE';
      ALLOW_CONNECT='TRUE';
    'GND'<65>:
      PIN_NUMBER='(0,0,0,V4,0,0,0,0)';
      PINUSE='GROUND';
      NO_LOAD_CHECK='Both';
      NO_IO_CHECK='Both';
      NO_ASSERT_CHECK='TRUE';
      NO_DIR_CHECK='TRUE';
      ALLOW_CONNECT='TRUE';
    'GND'<66>:
      PIN_NUMBER='(0,0,0,V10,0,0,0,0)';
      PINUSE='GROUND';
      NO_LOAD_CHECK='Both';
      NO_IO_CHECK='Both';
      NO_ASSERT_CHECK='TRUE';
      NO_DIR_CHECK='TRUE';
      ALLOW_CONNECT='TRUE';
    'GND'<67>:
      PIN_NUMBER='(0,0,0,V14,0,0,0,0)';
      PINUSE='GROUND';
      NO_LOAD_CHECK='Both';
      NO_IO_CHECK='Both';
      NO_ASSERT_CHECK='TRUE';
      NO_DIR_CHECK='TRUE';
      ALLOW_CONNECT='TRUE';
    'GND'<68>:
      PIN_NUMBER='(0,0,0,W7,0,0,0,0)';
      PINUSE='GROUND';
      NO_LOAD_CHECK='Both';
      NO_IO_CHECK='Both';
      NO_ASSERT_CHECK='TRUE';
      NO_DIR_CHECK='TRUE';
      ALLOW_CONNECT='TRUE';
    'GND'<69>:
      PIN_NUMBER='(0,0,0,W16,0,0,0,0)';
      PINUSE='GROUND';
      NO_LOAD_CHECK='Both';
      NO_IO_CHECK='Both';
      NO_ASSERT_CHECK='TRUE';
      NO_DIR_CHECK='TRUE';
      ALLOW_CONNECT='TRUE';
    'GND'<70>:
      PIN_NUMBER='(0,0,0,W19,0,0,0,0)';
      PINUSE='GROUND';
      NO_LOAD_CHECK='Both';
      NO_IO_CHECK='Both';
      NO_ASSERT_CHECK='TRUE';
      NO_DIR_CHECK='TRUE';
      ALLOW_CONNECT='TRUE';
    'IO_L1N_A24_VREF_1':
      PIN_NUMBER='(0,0,0,F19,0,0,0,0)';
      PINUSE='POWER';
      NO_LOAD_CHECK='Both';
      NO_IO_CHECK='Both';
      NO_ASSERT_CHECK='TRUE';
      NO_DIR_CHECK='TRUE';
      ALLOW_CONNECT='TRUE';
    'IO_L1N_VREF_3':
      PIN_NUMBER='(0,0,0,P8,0,0,0,0)';
      PINUSE='POWER';
      NO_LOAD_CHECK='Both';
      NO_IO_CHECK='Both';
      NO_ASSERT_CHECK='TRUE';
      NO_DIR_CHECK='TRUE';
      ALLOW_CONNECT='TRUE';
    'IO_L28N_VREF_1':
      PIN_NUMBER='(0,0,0,D22,0,0,0,0)';
      PINUSE='POWER';
      NO_LOAD_CHECK='Both';
      NO_IO_CHECK='Both';
      NO_ASSERT_CHECK='TRUE';
      NO_DIR_CHECK='TRUE';
      ALLOW_CONNECT='TRUE';
    'IO_L31N_VREF_3':
      PIN_NUMBER='(0,0,0,M8,0,0,0,0)';
      PINUSE='POWER';
      NO_LOAD_CHECK='Both';
      NO_IO_CHECK='Both';
      NO_ASSERT_CHECK='TRUE';
      NO_DIR_CHECK='TRUE';
      ALLOW_CONNECT='TRUE';
    'IO_L53N_VREF_1':
      PIN_NUMBER='(0,0,0,R19,0,0,0,0)';
      PINUSE='POWER';
      NO_LOAD_CHECK='Both';
      NO_IO_CHECK='Both';
      NO_ASSERT_CHECK='TRUE';
      NO_DIR_CHECK='TRUE';
      ALLOW_CONNECT='TRUE';
    'IO_L57N_VREF_3':
      PIN_NUMBER='(0,0,0,K8,0,0,0,0)';
      PINUSE='POWER';
      NO_LOAD_CHECK='Both';
      NO_IO_CHECK='Both';
      NO_ASSERT_CHECK='TRUE';
      NO_DIR_CHECK='TRUE';
      ALLOW_CONNECT='TRUE';
    'IO_L83N_VREF_3':
      PIN_NUMBER='(0,0,0,B1,0,0,0,0)';
      PINUSE='POWER';
      NO_LOAD_CHECK='Both';
      NO_IO_CHECK='Both';
      NO_ASSERT_CHECK='TRUE';
      NO_DIR_CHECK='TRUE';
      ALLOW_CONNECT='TRUE';
    'VBATT':
      PIN_NUMBER='(0,0,0,T16,0,0,0,0)';
      BIDIRECTIONAL='TRUE';
      INPUT_LOAD='(-0.01,0.01)';
      OUTPUT_LOAD='(1.0,-1.0)';
    'VCCAUX'<0>:
      PIN_NUMBER='(0,0,0,F11,0,0,0,0)';
      PINUSE='POWER';
      NO_LOAD_CHECK='Both';
      NO_IO_CHECK='Both';
      NO_ASSERT_CHECK='TRUE';
      NO_DIR_CHECK='TRUE';
      ALLOW_CONNECT='TRUE';
    'VCCAUX'<1>:
      PIN_NUMBER='(0,0,0,G12,0,0,0,0)';
      PINUSE='POWER';
      NO_LOAD_CHECK='Both';
      NO_IO_CHECK='Both';
      NO_ASSERT_CHECK='TRUE';
      NO_DIR_CHECK='TRUE';
      ALLOW_CONNECT='TRUE';
    'VCCAUX'<2>:
      PIN_NUMBER='(0,0,0,H9,0,0,0,0)';
      PINUSE='POWER';
      NO_LOAD_CHECK='Both';
      NO_IO_CHECK='Both';
      NO_ASSERT_CHECK='TRUE';
      NO_DIR_CHECK='TRUE';
      ALLOW_CONNECT='TRUE';
    'VCCAUX'<3>:
      PIN_NUMBER='(0,0,0,H15,0,0,0,0)';
      PINUSE='POWER';
      NO_LOAD_CHECK='Both';
      NO_IO_CHECK='Both';
      NO_ASSERT_CHECK='TRUE';
      NO_DIR_CHECK='TRUE';
      ALLOW_CONNECT='TRUE';
    'VCCAUX'<4>:
      PIN_NUMBER='(0,0,0,K15,0,0,0,0)';
      PINUSE='POWER';
      NO_LOAD_CHECK='Both';
      NO_IO_CHECK='Both';
      NO_ASSERT_CHECK='TRUE';
      NO_DIR_CHECK='TRUE';
      ALLOW_CONNECT='TRUE';
    'VCCAUX'<5>:
      PIN_NUMBER='(0,0,0,L8,0,0,0,0)';
      PINUSE='POWER';
      NO_LOAD_CHECK='Both';
      NO_IO_CHECK='Both';
      NO_ASSERT_CHECK='TRUE';
      NO_DIR_CHECK='TRUE';
      ALLOW_CONNECT='TRUE';
    'VCCAUX'<6>:
      PIN_NUMBER='(0,0,0,M15,0,0,0,0)';
      PINUSE='POWER';
      NO_LOAD_CHECK='Both';
      NO_IO_CHECK='Both';
      NO_ASSERT_CHECK='TRUE';
      NO_DIR_CHECK='TRUE';
      ALLOW_CONNECT='TRUE';
    'VCCAUX'<7>:
      PIN_NUMBER='(0,0,0,N8,0,0,0,0)';
      PINUSE='POWER';
      NO_LOAD_CHECK='Both';
      NO_IO_CHECK='Both';
      NO_ASSERT_CHECK='TRUE';
      NO_DIR_CHECK='TRUE';
      ALLOW_CONNECT='TRUE';
    'VCCAUX'<8>:
      PIN_NUMBER='(0,0,0,R6,0,0,0,0)';
      PINUSE='POWER';
      NO_LOAD_CHECK='Both';
      NO_IO_CHECK='Both';
      NO_ASSERT_CHECK='TRUE';
      NO_DIR_CHECK='TRUE';
      ALLOW_CONNECT='TRUE';
    'VCCAUX'<9>:
      PIN_NUMBER='(0,0,0,R10,0,0,0,0)';
      PINUSE='POWER';
      NO_LOAD_CHECK='Both';
      NO_IO_CHECK='Both';
      NO_ASSERT_CHECK='TRUE';
      NO_DIR_CHECK='TRUE';
      ALLOW_CONNECT='TRUE';
    'VCCAUX'<10>:
      PIN_NUMBER='(0,0,0,R12,0,0,0,0)';
      PINUSE='POWER';
      NO_LOAD_CHECK='Both';
      NO_IO_CHECK='Both';
      NO_ASSERT_CHECK='TRUE';
      NO_DIR_CHECK='TRUE';
      ALLOW_CONNECT='TRUE';
    'VCCAUX'<11>:
      PIN_NUMBER='(0,0,0,U11,0,0,0,0)';
      PINUSE='POWER';
      NO_LOAD_CHECK='Both';
      NO_IO_CHECK='Both';
      NO_ASSERT_CHECK='TRUE';
      NO_DIR_CHECK='TRUE';
      ALLOW_CONNECT='TRUE';
    'VCCAUX'<12>:
      PIN_NUMBER='(0,0,0,V6,0,0,0,0)';
      PINUSE='POWER';
      NO_LOAD_CHECK='Both';
      NO_IO_CHECK='Both';
      NO_ASSERT_CHECK='TRUE';
      NO_DIR_CHECK='TRUE';
      ALLOW_CONNECT='TRUE';
    'VCCINT'<0>:
      PIN_NUMBER='(0,0,0,J8,0,0,0,0)';
      PINUSE='POWER';
      NO_LOAD_CHECK='Both';
      NO_IO_CHECK='Both';
      NO_ASSERT_CHECK='TRUE';
      NO_DIR_CHECK='TRUE';
      ALLOW_CONNECT='TRUE';
    'VCCINT'<1>:
      PIN_NUMBER='(0,0,0,J10,0,0,0,0)';
      PINUSE='POWER';
      NO_LOAD_CHECK='Both';
      NO_IO_CHECK='Both';
      NO_ASSERT_CHECK='TRUE';
      NO_DIR_CHECK='TRUE';
      ALLOW_CONNECT='TRUE';
    'VCCINT'<2>:
      PIN_NUMBER='(0,0,0,J12,0,0,0,0)';
      PINUSE='POWER';
      NO_LOAD_CHECK='Both';
      NO_IO_CHECK='Both';
      NO_ASSERT_CHECK='TRUE';
      NO_DIR_CHECK='TRUE';
      ALLOW_CONNECT='TRUE';
    'VCCINT'<3>:
      PIN_NUMBER='(0,0,0,J14,0,0,0,0)';
      PINUSE='POWER';
      NO_LOAD_CHECK='Both';
      NO_IO_CHECK='Both';
      NO_ASSERT_CHECK='TRUE';
      NO_DIR_CHECK='TRUE';
      ALLOW_CONNECT='TRUE';
    'VCCINT'<4>:
      PIN_NUMBER='(0,0,0,K9,0,0,0,0)';
      PINUSE='POWER';
      NO_LOAD_CHECK='Both';
      NO_IO_CHECK='Both';
      NO_ASSERT_CHECK='TRUE';
      NO_DIR_CHECK='TRUE';
      ALLOW_CONNECT='TRUE';
    'VCCINT'<5>:
      PIN_NUMBER='(0,0,0,K11,0,0,0,0)';
      PINUSE='POWER';
      NO_LOAD_CHECK='Both';
      NO_IO_CHECK='Both';
      NO_ASSERT_CHECK='TRUE';
      NO_DIR_CHECK='TRUE';
      ALLOW_CONNECT='TRUE';
    'VCCINT'<6>:
      PIN_NUMBER='(0,0,0,K13,0,0,0,0)';
      PINUSE='POWER';
      NO_LOAD_CHECK='Both';
      NO_IO_CHECK='Both';
      NO_ASSERT_CHECK='TRUE';
      NO_DIR_CHECK='TRUE';
      ALLOW_CONNECT='TRUE';
    'VCCINT'<7>:
      PIN_NUMBER='(0,0,0,L10,0,0,0,0)';
      PINUSE='POWER';
      NO_LOAD_CHECK='Both';
      NO_IO_CHECK='Both';
      NO_ASSERT_CHECK='TRUE';
      NO_DIR_CHECK='TRUE';
      ALLOW_CONNECT='TRUE';
    'VCCINT'<8>:
      PIN_NUMBER='(0,0,0,L12,0,0,0,0)';
      PINUSE='POWER';
      NO_LOAD_CHECK='Both';
      NO_IO_CHECK='Both';
      NO_ASSERT_CHECK='TRUE';
      NO_DIR_CHECK='TRUE';
      ALLOW_CONNECT='TRUE';
    'VCCINT'<9>:
      PIN_NUMBER='(0,0,0,L14,0,0,0,0)';
      PINUSE='POWER';
      NO_LOAD_CHECK='Both';
      NO_IO_CHECK='Both';
      NO_ASSERT_CHECK='TRUE';
      NO_DIR_CHECK='TRUE';
      ALLOW_CONNECT='TRUE';
    'VCCINT'<10>:
      PIN_NUMBER='(0,0,0,M9,0,0,0,0)';
      PINUSE='POWER';
      NO_LOAD_CHECK='Both';
      NO_IO_CHECK='Both';
      NO_ASSERT_CHECK='TRUE';
      NO_DIR_CHECK='TRUE';
      ALLOW_CONNECT='TRUE';
    'VCCINT'<11>:
      PIN_NUMBER='(0,0,0,M11,0,0,0,0)';
      PINUSE='POWER';
      NO_LOAD_CHECK='Both';
      NO_IO_CHECK='Both';
      NO_ASSERT_CHECK='TRUE';
      NO_DIR_CHECK='TRUE';
      ALLOW_CONNECT='TRUE';
    'VCCINT'<12>:
      PIN_NUMBER='(0,0,0,M13,0,0,0,0)';
      PINUSE='POWER';
      NO_LOAD_CHECK='Both';
      NO_IO_CHECK='Both';
      NO_ASSERT_CHECK='TRUE';
      NO_DIR_CHECK='TRUE';
      ALLOW_CONNECT='TRUE';
    'VCCINT'<13>:
      PIN_NUMBER='(0,0,0,N10,0,0,0,0)';
      PINUSE='POWER';
      NO_LOAD_CHECK='Both';
      NO_IO_CHECK='Both';
      NO_ASSERT_CHECK='TRUE';
      NO_DIR_CHECK='TRUE';
      ALLOW_CONNECT='TRUE';
    'VCCINT'<14>:
      PIN_NUMBER='(0,0,0,N12,0,0,0,0)';
      PINUSE='POWER';
      NO_LOAD_CHECK='Both';
      NO_IO_CHECK='Both';
      NO_ASSERT_CHECK='TRUE';
      NO_DIR_CHECK='TRUE';
      ALLOW_CONNECT='TRUE';
    'VCCINT'<15>:
      PIN_NUMBER='(0,0,0,N14,0,0,0,0)';
      PINUSE='POWER';
      NO_LOAD_CHECK='Both';
      NO_IO_CHECK='Both';
      NO_ASSERT_CHECK='TRUE';
      NO_DIR_CHECK='TRUE';
      ALLOW_CONNECT='TRUE';
    'VCCINT'<16>:
      PIN_NUMBER='(0,0,0,P9,0,0,0,0)';
      PINUSE='POWER';
      NO_LOAD_CHECK='Both';
      NO_IO_CHECK='Both';
      NO_ASSERT_CHECK='TRUE';
      NO_DIR_CHECK='TRUE';
      ALLOW_CONNECT='TRUE';
    'VCCINT'<17>:
      PIN_NUMBER='(0,0,0,P11,0,0,0,0)';
      PINUSE='POWER';
      NO_LOAD_CHECK='Both';
      NO_IO_CHECK='Both';
      NO_ASSERT_CHECK='TRUE';
      NO_DIR_CHECK='TRUE';
      ALLOW_CONNECT='TRUE';
    'VCCINT'<18>:
      PIN_NUMBER='(0,0,0,P13,0,0,0,0)';
      PINUSE='POWER';
      NO_LOAD_CHECK='Both';
      NO_IO_CHECK='Both';
      NO_ASSERT_CHECK='TRUE';
      NO_DIR_CHECK='TRUE';
      ALLOW_CONNECT='TRUE';
    'VCCINT'<19>:
      PIN_NUMBER='(0,0,0,R14,0,0,0,0)';
      PINUSE='POWER';
      NO_LOAD_CHECK='Both';
      NO_IO_CHECK='Both';
      NO_ASSERT_CHECK='TRUE';
      NO_DIR_CHECK='TRUE';
      ALLOW_CONNECT='TRUE';
    'VCCO_0'<0>:
      PIN_NUMBER='(0,0,0,B4,0,0,0,0)';
      PINUSE='POWER';
      NO_LOAD_CHECK='Both';
      NO_IO_CHECK='Both';
      NO_ASSERT_CHECK='TRUE';
      NO_DIR_CHECK='TRUE';
      ALLOW_CONNECT='TRUE';
    'VCCO_0'<1>:
      PIN_NUMBER='(0,0,0,B19,0,0,0,0)';
      PINUSE='POWER';
      NO_LOAD_CHECK='Both';
      NO_IO_CHECK='Both';
      NO_ASSERT_CHECK='TRUE';
      NO_DIR_CHECK='TRUE';
      ALLOW_CONNECT='TRUE';
    'VCCO_0'<2>:
      PIN_NUMBER='(0,0,0,E17,0,0,0,0)';
      PINUSE='POWER';
      NO_LOAD_CHECK='Both';
      NO_IO_CHECK='Both';
      NO_ASSERT_CHECK='TRUE';
      NO_DIR_CHECK='TRUE';
      ALLOW_CONNECT='TRUE';
    'VCCO_0'<3>:
      PIN_NUMBER='(0,0,0,F6,0,0,0,0)';
      PINUSE='POWER';
      NO_LOAD_CHECK='Both';
      NO_IO_CHECK='Both';
      NO_ASSERT_CHECK='TRUE';
      NO_DIR_CHECK='TRUE';
      ALLOW_CONNECT='TRUE';
    'VCCO_0'<4>:
      PIN_NUMBER='(0,0,0,G10,0,0,0,0)';
      PINUSE='POWER';
      NO_LOAD_CHECK='Both';
      NO_IO_CHECK='Both';
      NO_ASSERT_CHECK='TRUE';
      NO_DIR_CHECK='TRUE';
      ALLOW_CONNECT='TRUE';
    'VCCO_0'<5>:
      PIN_NUMBER='(0,0,0,G14,0,0,0,0)';
      PINUSE='POWER';
      NO_LOAD_CHECK='Both';
      NO_IO_CHECK='Both';
      NO_ASSERT_CHECK='TRUE';
      NO_DIR_CHECK='TRUE';
      ALLOW_CONNECT='TRUE';
    'VCCO_1'<0>:
      PIN_NUMBER='(0,0,0,C21,0,0,0,0)';
      PINUSE='POWER';
      NO_LOAD_CHECK='Both';
      NO_IO_CHECK='Both';
      NO_ASSERT_CHECK='TRUE';
      NO_DIR_CHECK='TRUE';
      ALLOW_CONNECT='TRUE';
    'VCCO_1'<1>:
      PIN_NUMBER='(0,0,0,E19,0,0,0,0)';
      PINUSE='POWER';
      NO_LOAD_CHECK='Both';
      NO_IO_CHECK='Both';
      NO_ASSERT_CHECK='TRUE';
      NO_DIR_CHECK='TRUE';
      ALLOW_CONNECT='TRUE';
    'VCCO_1'<2>:
      PIN_NUMBER='(0,0,0,G21,0,0,0,0)';
      PINUSE='POWER';
      NO_LOAD_CHECK='Both';
      NO_IO_CHECK='Both';
      NO_ASSERT_CHECK='TRUE';
      NO_DIR_CHECK='TRUE';
      ALLOW_CONNECT='TRUE';
    'VCCO_1'<3>:
      PIN_NUMBER='(0,0,0,J18,0,0,0,0)';
      PINUSE='POWER';
      NO_LOAD_CHECK='Both';
      NO_IO_CHECK='Both';
      NO_ASSERT_CHECK='TRUE';
      NO_DIR_CHECK='TRUE';
      ALLOW_CONNECT='TRUE';
    'VCCO_1'<4>:
      PIN_NUMBER='(0,0,0,L16,0,0,0,0)';
      PINUSE='POWER';
      NO_LOAD_CHECK='Both';
      NO_IO_CHECK='Both';
      NO_ASSERT_CHECK='TRUE';
      NO_DIR_CHECK='TRUE';
      ALLOW_CONNECT='TRUE';
    'VCCO_1'<5>:
      PIN_NUMBER='(0,0,0,L21,0,0,0,0)';
      PINUSE='POWER';
      NO_LOAD_CHECK='Both';
      NO_IO_CHECK='Both';
      NO_ASSERT_CHECK='TRUE';
      NO_DIR_CHECK='TRUE';
      ALLOW_CONNECT='TRUE';
    'VCCO_1'<6>:
      PIN_NUMBER='(0,0,0,N18,0,0,0,0)';
      PINUSE='POWER';
      NO_LOAD_CHECK='Both';
      NO_IO_CHECK='Both';
      NO_ASSERT_CHECK='TRUE';
      NO_DIR_CHECK='TRUE';
      ALLOW_CONNECT='TRUE';
    'VCCO_1'<7>:
      PIN_NUMBER='(0,0,0,R21,0,0,0,0)';
      PINUSE='POWER';
      NO_LOAD_CHECK='Both';
      NO_IO_CHECK='Both';
      NO_ASSERT_CHECK='TRUE';
      NO_DIR_CHECK='TRUE';
      ALLOW_CONNECT='TRUE';
    'VCCO_1'<8>:
      PIN_NUMBER='(0,0,0,U18,0,0,0,0)';
      PINUSE='POWER';
      NO_LOAD_CHECK='Both';
      NO_IO_CHECK='Both';
      NO_ASSERT_CHECK='TRUE';
      NO_DIR_CHECK='TRUE';
      ALLOW_CONNECT='TRUE';
    'VCCO_1'<9>:
      PIN_NUMBER='(0,0,0,W21,0,0,0,0)';
      PINUSE='POWER';
      NO_LOAD_CHECK='Both';
      NO_IO_CHECK='Both';
      NO_ASSERT_CHECK='TRUE';
      NO_DIR_CHECK='TRUE';
      ALLOW_CONNECT='TRUE';
    'VCCO_2'<0>:
      PIN_NUMBER='(0,0,0,AA7,0,0,0,0)';
      PINUSE='POWER';
      NO_LOAD_CHECK='Both';
      NO_IO_CHECK='Both';
      NO_ASSERT_CHECK='TRUE';
      NO_DIR_CHECK='TRUE';
      ALLOW_CONNECT='TRUE';
    'VCCO_2'<1>:
      PIN_NUMBER='(0,0,0,AA11,0,0,0,0)';
      PINUSE='POWER';
      NO_LOAD_CHECK='Both';
      NO_IO_CHECK='Both';
      NO_ASSERT_CHECK='TRUE';
      NO_DIR_CHECK='TRUE';
      ALLOW_CONNECT='TRUE';
    'VCCO_2'<2>:
      PIN_NUMBER='(0,0,0,AA15,0,0,0,0)';
      PINUSE='POWER';
      NO_LOAD_CHECK='Both';
      NO_IO_CHECK='Both';
      NO_ASSERT_CHECK='TRUE';
      NO_DIR_CHECK='TRUE';
      ALLOW_CONNECT='TRUE';
    'VCCO_2'<3>:
      PIN_NUMBER='(0,0,0,AA19,0,0,0,0)';
      PINUSE='POWER';
      NO_LOAD_CHECK='Both';
      NO_IO_CHECK='Both';
      NO_ASSERT_CHECK='TRUE';
      NO_DIR_CHECK='TRUE';
      ALLOW_CONNECT='TRUE';
    'VCCO_2'<4>:
      PIN_NUMBER='(0,0,0,AB3,0,0,0,0)';
      PINUSE='POWER';
      NO_LOAD_CHECK='Both';
      NO_IO_CHECK='Both';
      NO_ASSERT_CHECK='TRUE';
      NO_DIR_CHECK='TRUE';
      ALLOW_CONNECT='TRUE';
    'VCCO_2'<5>:
      PIN_NUMBER='(0,0,0,T9,0,0,0,0)';
      PINUSE='POWER';
      NO_LOAD_CHECK='Both';
      NO_IO_CHECK='Both';
      NO_ASSERT_CHECK='TRUE';
      NO_DIR_CHECK='TRUE';
      ALLOW_CONNECT='TRUE';
    'VCCO_2'<6>:
      PIN_NUMBER='(0,0,0,T13,0,0,0,0)';
      PINUSE='POWER';
      NO_LOAD_CHECK='Both';
      NO_IO_CHECK='Both';
      NO_ASSERT_CHECK='TRUE';
      NO_DIR_CHECK='TRUE';
      ALLOW_CONNECT='TRUE';
    'VCCO_2'<7>:
      PIN_NUMBER='(0,0,0,V8,0,0,0,0)';
      PINUSE='POWER';
      NO_LOAD_CHECK='Both';
      NO_IO_CHECK='Both';
      NO_ASSERT_CHECK='TRUE';
      NO_DIR_CHECK='TRUE';
      ALLOW_CONNECT='TRUE';
    'VCCO_2'<8>:
      PIN_NUMBER='(0,0,0,V12,0,0,0,0)';
      PINUSE='POWER';
      NO_LOAD_CHECK='Both';
      NO_IO_CHECK='Both';
      NO_ASSERT_CHECK='TRUE';
      NO_DIR_CHECK='TRUE';
      ALLOW_CONNECT='TRUE';
    'VCCO_2'<9>:
      PIN_NUMBER='(0,0,0,V16,0,0,0,0)';
      PINUSE='POWER';
      NO_LOAD_CHECK='Both';
      NO_IO_CHECK='Both';
      NO_ASSERT_CHECK='TRUE';
      NO_DIR_CHECK='TRUE';
      ALLOW_CONNECT='TRUE';
    'VCCO_2'<10>:
      PIN_NUMBER='(0,0,0,W5,0,0,0,0)';
      PINUSE='POWER';
      NO_LOAD_CHECK='Both';
      NO_IO_CHECK='Both';
      NO_ASSERT_CHECK='TRUE';
      NO_DIR_CHECK='TRUE';
      ALLOW_CONNECT='TRUE';
    'VCCO_3'<0>:
      PIN_NUMBER='(0,0,0,C2,0,0,0,0)';
      PINUSE='POWER';
      NO_LOAD_CHECK='Both';
      NO_IO_CHECK='Both';
      NO_ASSERT_CHECK='TRUE';
      NO_DIR_CHECK='TRUE';
      ALLOW_CONNECT='TRUE';
    'VCCO_3'<1>:
      PIN_NUMBER='(0,0,0,F4,0,0,0,0)';
      PINUSE='POWER';
      NO_LOAD_CHECK='Both';
      NO_IO_CHECK='Both';
      NO_ASSERT_CHECK='TRUE';
      NO_DIR_CHECK='TRUE';
      ALLOW_CONNECT='TRUE';
    'VCCO_3'<2>:
      PIN_NUMBER='(0,0,0,G2,0,0,0,0)';
      PINUSE='POWER';
      NO_LOAD_CHECK='Both';
      NO_IO_CHECK='Both';
      NO_ASSERT_CHECK='TRUE';
      NO_DIR_CHECK='TRUE';
      ALLOW_CONNECT='TRUE';
    'VCCO_3'<3>:
      PIN_NUMBER='(0,0,0,J5,0,0,0,0)';
      PINUSE='POWER';
      NO_LOAD_CHECK='Both';
      NO_IO_CHECK='Both';
      NO_ASSERT_CHECK='TRUE';
      NO_DIR_CHECK='TRUE';
      ALLOW_CONNECT='TRUE';
    'VCCO_3'<4>:
      PIN_NUMBER='(0,0,0,L2,0,0,0,0)';
      PINUSE='POWER';
      NO_LOAD_CHECK='Both';
      NO_IO_CHECK='Both';
      NO_ASSERT_CHECK='TRUE';
      NO_DIR_CHECK='TRUE';
      ALLOW_CONNECT='TRUE';
    'VCCO_3'<5>:
      PIN_NUMBER='(0,0,0,L7,0,0,0,0)';
      PINUSE='POWER';
      NO_LOAD_CHECK='Both';
      NO_IO_CHECK='Both';
      NO_ASSERT_CHECK='TRUE';
      NO_DIR_CHECK='TRUE';
      ALLOW_CONNECT='TRUE';
    'VCCO_3'<6>:
      PIN_NUMBER='(0,0,0,N5,0,0,0,0)';
      PINUSE='POWER';
      NO_LOAD_CHECK='Both';
      NO_IO_CHECK='Both';
      NO_ASSERT_CHECK='TRUE';
      NO_DIR_CHECK='TRUE';
      ALLOW_CONNECT='TRUE';
    'VCCO_3'<7>:
      PIN_NUMBER='(0,0,0,R2,0,0,0,0)';
      PINUSE='POWER';
      NO_LOAD_CHECK='Both';
      NO_IO_CHECK='Both';
      NO_ASSERT_CHECK='TRUE';
      NO_DIR_CHECK='TRUE';
      ALLOW_CONNECT='TRUE';
    'VCCO_3'<8>:
      PIN_NUMBER='(0,0,0,U5,0,0,0,0)';
      PINUSE='POWER';
      NO_LOAD_CHECK='Both';
      NO_IO_CHECK='Both';
      NO_ASSERT_CHECK='TRUE';
      NO_DIR_CHECK='TRUE';
      ALLOW_CONNECT='TRUE';
    'VCCO_3'<9>:
      PIN_NUMBER='(0,0,0,W2,0,0,0,0)';
      PINUSE='POWER';
      NO_LOAD_CHECK='Both';
      NO_IO_CHECK='Both';
      NO_ASSERT_CHECK='TRUE';
      NO_DIR_CHECK='TRUE';
      ALLOW_CONNECT='TRUE';
    'VFS':
      PIN_NUMBER='(0,0,0,U17,0,0,0,0)';
      BIDIRECTIONAL='TRUE';
      INPUT_LOAD='(-0.01,0.01)';
      OUTPUT_LOAD='(1.0,-1.0)';
    'LVDS_LEFT_CLK_N_B':
      PIN_NUMBER='(0,0,0,0,F15,0,0,0)';
      CONSTRAINT='LOCATED';
      IO_REGISTER='NO';
      SIGNAL_INTEGRITY='DIFF_TERM';
      IO_STANDARD='LVDS_25';
      IO_BANK_NUMBER='0';
      INPUT_LOAD='(-0.01,0.01)';
    'LVDS_LEFT_CLK_P_B':
      PIN_NUMBER='(0,0,0,0,F14,0,0,0)';
      CONSTRAINT='LOCATED';
      IO_REGISTER='NO';
      SIGNAL_INTEGRITY='DIFF_TERM';
      IOB_DELAY='NONE';
      IO_STANDARD='LVDS_25';
      IO_BANK_NUMBER='0';
      INPUT_LOAD='(-0.01,0.01)';
    'LVDS_LEFT_DATA_N_B'<0>:
      PIN_NUMBER='(0,0,0,0,A20,0,0,0)';
      BIDIRECTIONAL='TRUE';
      CONSTRAINT='LOCATED';
      IO_REGISTER='NO';
      IO_STANDARD='LVDS_25';
      IO_BANK_NUMBER='0';
      INPUT_LOAD='(-0.01,0.01)';
      OUTPUT_LOAD='(1.0,-1.0)';
    'LVDS_LEFT_DATA_N_B'<1>:
      PIN_NUMBER='(0,0,0,0,A19,0,0,0)';
      BIDIRECTIONAL='TRUE';
      CONSTRAINT='LOCATED';
      IO_REGISTER='NO';
      IO_STANDARD='LVDS_25';
      IO_BANK_NUMBER='0';
      INPUT_LOAD='(-0.01,0.01)';
      OUTPUT_LOAD='(1.0,-1.0)';
    'LVDS_LEFT_DATA_N_B'<2>:
      PIN_NUMBER='(0,0,0,0,D19,0,0,0)';
      BIDIRECTIONAL='TRUE';
      CONSTRAINT='LOCATED';
      IO_REGISTER='NO';
      IO_STANDARD='LVDS_25';
      IO_BANK_NUMBER='0';
      INPUT_LOAD='(-0.01,0.01)';
      OUTPUT_LOAD='(1.0,-1.0)';
    'LVDS_LEFT_DATA_N_B'<3>:
      PIN_NUMBER='(0,0,0,0,A18,0,0,0)';
      BIDIRECTIONAL='TRUE';
      CONSTRAINT='LOCATED';
      IO_REGISTER='NO';
      IO_STANDARD='LVDS_25';
      IO_BANK_NUMBER='0';
      INPUT_LOAD='(-0.01,0.01)';
      OUTPUT_LOAD='(1.0,-1.0)';
    'LVDS_LEFT_DATA_N_B'<4>:
      PIN_NUMBER='(0,0,0,0,A17,0,0,0)';
      BIDIRECTIONAL='TRUE';
      CONSTRAINT='LOCATED';
      IO_REGISTER='NO';
      IO_STANDARD='LVDS_25';
      IO_BANK_NUMBER='0';
      INPUT_LOAD='(-0.01,0.01)';
      OUTPUT_LOAD='(1.0,-1.0)';
    'LVDS_LEFT_DATA_N_B'<5>:
      PIN_NUMBER='(0,0,0,0,C18,0,0,0)';
      BIDIRECTIONAL='TRUE';
      CONSTRAINT='LOCATED';
      IO_REGISTER='NO';
      IO_STANDARD='LVDS_25';
      IO_BANK_NUMBER='0';
      INPUT_LOAD='(-0.01,0.01)';
      OUTPUT_LOAD='(1.0,-1.0)';
    'LVDS_LEFT_DATA_N_B'<6>:
      PIN_NUMBER='(0,0,0,0,F17,0,0,0)';
      BIDIRECTIONAL='TRUE';
      CONSTRAINT='LOCATED';
      IO_REGISTER='NO';
      IO_STANDARD='LVDS_25';
      IO_BANK_NUMBER='0';
      INPUT_LOAD='(-0.01,0.01)';
      OUTPUT_LOAD='(1.0,-1.0)';
    'LVDS_LEFT_DATA_N_B'<7>:
      PIN_NUMBER='(0,0,0,0,F16,0,0,0)';
      BIDIRECTIONAL='TRUE';
      CONSTRAINT='LOCATED';
      IO_REGISTER='NO';
      IO_STANDARD='LVDS_25';
      IO_BANK_NUMBER='0';
      INPUT_LOAD='(-0.01,0.01)';
      OUTPUT_LOAD='(1.0,-1.0)';
    'LVDS_LEFT_DATA_N_B'<8>:
      PIN_NUMBER='(0,0,0,0,F9,0,0,0)';
      BIDIRECTIONAL='TRUE';
      CONSTRAINT='LOCATED';
      IO_REGISTER='NO';
      IO_STANDARD='LVDS_25';
      IO_BANK_NUMBER='0';
      INPUT_LOAD='(-0.01,0.01)';
      OUTPUT_LOAD='(1.0,-1.0)';
    'LVDS_LEFT_DATA_N_B'<9>:
      PIN_NUMBER='(0,0,0,0,F8,0,0,0)';
      BIDIRECTIONAL='TRUE';
      CONSTRAINT='LOCATED';
      IO_REGISTER='NO';
      IO_STANDARD='LVDS_25';
      IO_BANK_NUMBER='0';
      INPUT_LOAD='(-0.01,0.01)';
      OUTPUT_LOAD='(1.0,-1.0)';
    'LVDS_LEFT_DATA_N_B'<10>:
      PIN_NUMBER='(0,0,0,0,E6,0,0,0)';
      BIDIRECTIONAL='TRUE';
      CONSTRAINT='LOCATED';
      IO_REGISTER='NO';
      IO_STANDARD='LVDS_25';
      IO_BANK_NUMBER='0';
      INPUT_LOAD='(-0.01,0.01)';
      OUTPUT_LOAD='(1.0,-1.0)';
    'LVDS_LEFT_DATA_N_B'<11>:
      PIN_NUMBER='(0,0,0,0,D5,0,0,0)';
      BIDIRECTIONAL='TRUE';
      CONSTRAINT='LOCATED';
      IO_REGISTER='NO';
      IO_STANDARD='LVDS_25';
      IO_BANK_NUMBER='0';
      INPUT_LOAD='(-0.01,0.01)';
      OUTPUT_LOAD='(1.0,-1.0)';
    'LVDS_LEFT_DATA_N_B'<12>:
      PIN_NUMBER='(0,0,0,0,A5,0,0,0)';
      BIDIRECTIONAL='TRUE';
      CONSTRAINT='LOCATED';
      IO_REGISTER='NO';
      IO_STANDARD='LVDS_25';
      IO_BANK_NUMBER='0';
      INPUT_LOAD='(-0.01,0.01)';
      OUTPUT_LOAD='(1.0,-1.0)';
    'LVDS_LEFT_DATA_N_B'<13>:
      PIN_NUMBER='(0,0,0,0,A4,0,0,0)';
      BIDIRECTIONAL='TRUE';
      CONSTRAINT='LOCATED';
      IO_REGISTER='NO';
      IO_STANDARD='LVDS_25';
      IO_BANK_NUMBER='0';
      INPUT_LOAD='(-0.01,0.01)';
      OUTPUT_LOAD='(1.0,-1.0)';
    'LVDS_LEFT_DATA_N_B'<14>:
      PIN_NUMBER='(0,0,0,0,A3,0,0,0)';
      BIDIRECTIONAL='TRUE';
      CONSTRAINT='LOCATED';
      IO_REGISTER='NO';
      IO_STANDARD='LVDS_25';
      IO_BANK_NUMBER='0';
      INPUT_LOAD='(-0.01,0.01)';
      OUTPUT_LOAD='(1.0,-1.0)';
    'LVDS_LEFT_DATA_N_B'<15>:
      PIN_NUMBER='(0,0,0,0,A2,0,0,0)';
      BIDIRECTIONAL='TRUE';
      CONSTRAINT='LOCATED';
      IO_REGISTER='NO';
      IO_STANDARD='LVDS_25';
      IO_BANK_NUMBER='0';
      INPUT_LOAD='(-0.01,0.01)';
      OUTPUT_LOAD='(1.0,-1.0)';
    'LVDS_LEFT_DATA_P_B'<0>:
      PIN_NUMBER='(0,0,0,0,B20,0,0,0)';
      CONSTRAINT='LOCATED';
      IO_REGISTER='NO';
      SIGNAL_INTEGRITY='NONE';
      IO_STANDARD='LVDS_25';
      IO_BANK_NUMBER='0';
      OUTPUT_LOAD='(1.0,-1.0)';
    'LVDS_LEFT_DATA_P_B'<1>:
      PIN_NUMBER='(0,0,0,0,C19,0,0,0)';
      CONSTRAINT='LOCATED';
      IO_REGISTER='NO';
      SIGNAL_INTEGRITY='NONE';
      IO_STANDARD='LVDS_25';
      IO_BANK_NUMBER='0';
      OUTPUT_LOAD='(1.0,-1.0)';
    'LVDS_LEFT_DATA_P_B'<2>:
      PIN_NUMBER='(0,0,0,0,D18,0,0,0)';
      CONSTRAINT='LOCATED';
      IO_REGISTER='NO';
      SIGNAL_INTEGRITY='NONE';
      IO_STANDARD='LVDS_25';
      IO_BANK_NUMBER='0';
      OUTPUT_LOAD='(1.0,-1.0)';
    'LVDS_LEFT_DATA_P_B'<3>:
      PIN_NUMBER='(0,0,0,0,B18,0,0,0)';
      CONSTRAINT='LOCATED';
      IO_REGISTER='NO';
      SIGNAL_INTEGRITY='NONE';
      IO_STANDARD='LVDS_25';
      IO_BANK_NUMBER='0';
      OUTPUT_LOAD='(1.0,-1.0)';
    'LVDS_LEFT_DATA_P_B'<4>:
      PIN_NUMBER='(0,0,0,0,C17,0,0,0)';
      CONSTRAINT='LOCATED';
      IO_REGISTER='NO';
      SIGNAL_INTEGRITY='NONE';
      IO_STANDARD='LVDS_25';
      IO_BANK_NUMBER='0';
      OUTPUT_LOAD='(1.0,-1.0)';
    'LVDS_LEFT_DATA_P_B'<5>:
      PIN_NUMBER='(0,0,0,0,D17,0,0,0)';
      CONSTRAINT='LOCATED';
      IO_REGISTER='NO';
      SIGNAL_INTEGRITY='NONE';
      IO_STANDARD='LVDS_25';
      IO_BANK_NUMBER='0';
      OUTPUT_LOAD='(1.0,-1.0)';
    'LVDS_LEFT_DATA_P_B'<6>:
      PIN_NUMBER='(0,0,0,0,G16,0,0,0)';
      CONSTRAINT='LOCATED';
      IO_REGISTER='NO';
      SIGNAL_INTEGRITY='NONE';
      IO_STANDARD='LVDS_25';
      IO_BANK_NUMBER='0';
      OUTPUT_LOAD='(1.0,-1.0)';
    'LVDS_LEFT_DATA_P_B'<7>:
      PIN_NUMBER='(0,0,0,0,E16,0,0,0)';
      CONSTRAINT='LOCATED';
      IO_REGISTER='NO';
      SIGNAL_INTEGRITY='NONE';
      IO_STANDARD='LVDS_25';
      IO_BANK_NUMBER='0';
      OUTPUT_LOAD='(1.0,-1.0)';
    'LVDS_LEFT_DATA_P_B'<8>:
      PIN_NUMBER='(0,0,0,0,G8,0,0,0)';
      CONSTRAINT='LOCATED';
      IO_REGISTER='NO';
      SIGNAL_INTEGRITY='NONE';
      IO_STANDARD='LVDS_25';
      IO_BANK_NUMBER='0';
      OUTPUT_LOAD='(1.0,-1.0)';
    'LVDS_LEFT_DATA_P_B'<9>:
      PIN_NUMBER='(0,0,0,0,F7,0,0,0)';
      CONSTRAINT='LOCATED';
      IO_REGISTER='NO';
      SIGNAL_INTEGRITY='NONE';
      IO_STANDARD='LVDS_25';
      IO_BANK_NUMBER='0';
      OUTPUT_LOAD='(1.0,-1.0)';
    'LVDS_LEFT_DATA_P_B'<10>:
      PIN_NUMBER='(0,0,0,0,E5,0,0,0)';
      CONSTRAINT='LOCATED';
      IO_REGISTER='NO';
      SIGNAL_INTEGRITY='NONE';
      IO_STANDARD='LVDS_25';
      IO_BANK_NUMBER='0';
      OUTPUT_LOAD='(1.0,-1.0)';
    'LVDS_LEFT_DATA_P_B'<11>:
      PIN_NUMBER='(0,0,0,0,D4,0,0,0)';
      CONSTRAINT='LOCATED';
      IO_REGISTER='NO';
      SIGNAL_INTEGRITY='NONE';
      IO_STANDARD='LVDS_25';
      IO_BANK_NUMBER='0';
      OUTPUT_LOAD='(1.0,-1.0)';
    'LVDS_LEFT_DATA_P_B'<12>:
      PIN_NUMBER='(0,0,0,0,C5,0,0,0)';
      CONSTRAINT='LOCATED';
      IO_REGISTER='NO';
      SIGNAL_INTEGRITY='NONE';
      IO_STANDARD='LVDS_25';
      IO_BANK_NUMBER='0';
      OUTPUT_LOAD='(1.0,-1.0)';
    'LVDS_LEFT_DATA_P_B'<13>:
      PIN_NUMBER='(0,0,0,0,C4,0,0,0)';
      CONSTRAINT='LOCATED';
      IO_REGISTER='NO';
      SIGNAL_INTEGRITY='NONE';
      IO_STANDARD='LVDS_25';
      IO_BANK_NUMBER='0';
      OUTPUT_LOAD='(1.0,-1.0)';
    'LVDS_LEFT_DATA_P_B'<14>:
      PIN_NUMBER='(0,0,0,0,B3,0,0,0)';
      CONSTRAINT='LOCATED';
      IO_REGISTER='NO';
      SIGNAL_INTEGRITY='NONE';
      IO_STANDARD='LVDS_25';
      IO_BANK_NUMBER='0';
      OUTPUT_LOAD='(1.0,-1.0)';
    'LVDS_LEFT_DATA_P_B'<15>:
      PIN_NUMBER='(0,0,0,0,B2,0,0,0)';
      CONSTRAINT='LOCATED';
      IO_REGISTER='NO';
      SIGNAL_INTEGRITY='NONE';
      IO_STANDARD='LVDS_25';
      IO_BANK_NUMBER='0';
      OUTPUT_LOAD='(1.0,-1.0)';
    'LVDS_RIGHT_CLK_N_B':
      PIN_NUMBER='(0,0,0,0,AB11,0,0,0)';
      CONSTRAINT='LOCATED';
      IO_REGISTER='NO';
      SIGNAL_INTEGRITY='DIFF_TERM';
      IO_STANDARD='LVDS_25';
      IO_BANK_NUMBER='2';
      INPUT_LOAD='(-0.01,0.01)';
    'LVDS_RIGHT_CLK_P_B':
      PIN_NUMBER='(0,0,0,0,Y11,0,0,0)';
      CONSTRAINT='LOCATED';
      IO_REGISTER='NO';
      SIGNAL_INTEGRITY='DIFF_TERM';
      IOB_DELAY='NONE';
      IO_STANDARD='LVDS_25';
      IO_BANK_NUMBER='2';
      INPUT_LOAD='(-0.01,0.01)';
    'LVDS_RIGHT_DATA_N_B'<0>:
      PIN_NUMBER='(0,0,0,0,AB15,0,0,0)';
      BIDIRECTIONAL='TRUE';
      CONSTRAINT='LOCATED';
      IO_REGISTER='NO';
      IO_STANDARD='LVDS_25';
      IO_BANK_NUMBER='2';
      INPUT_LOAD='(-0.01,0.01)';
      OUTPUT_LOAD='(1.0,-1.0)';
    'LVDS_RIGHT_DATA_N_B'<1>:
      PIN_NUMBER='(0,0,0,0,AB14,0,0,0)';
      BIDIRECTIONAL='TRUE';
      CONSTRAINT='LOCATED';
      IO_REGISTER='NO';
      IO_STANDARD='LVDS_25';
      IO_BANK_NUMBER='2';
      INPUT_LOAD='(-0.01,0.01)';
      OUTPUT_LOAD='(1.0,-1.0)';
    'LVDS_RIGHT_DATA_N_B'<2>:
      PIN_NUMBER='(0,0,0,0,Y14,0,0,0)';
      BIDIRECTIONAL='TRUE';
      CONSTRAINT='LOCATED';
      IO_REGISTER='NO';
      IO_STANDARD='LVDS_25';
      IO_BANK_NUMBER='2';
      INPUT_LOAD='(-0.01,0.01)';
      OUTPUT_LOAD='(1.0,-1.0)';
    'LVDS_RIGHT_DATA_N_B'<3>:
      PIN_NUMBER='(0,0,0,0,W13,0,0,0)';
      BIDIRECTIONAL='TRUE';
      CONSTRAINT='LOCATED';
      IO_REGISTER='NO';
      IO_STANDARD='LVDS_25';
      IO_BANK_NUMBER='2';
      INPUT_LOAD='(-0.01,0.01)';
      OUTPUT_LOAD='(1.0,-1.0)';
    'LVDS_RIGHT_DATA_N_B'<4>:
      PIN_NUMBER='(0,0,0,0,Y12,0,0,0)';
      BIDIRECTIONAL='TRUE';
      CONSTRAINT='LOCATED';
      IO_REGISTER='NO';
      IO_STANDARD='LVDS_25';
      IO_BANK_NUMBER='2';
      INPUT_LOAD='(-0.01,0.01)';
      OUTPUT_LOAD='(1.0,-1.0)';
    'LVDS_RIGHT_DATA_N_B'<5>:
      PIN_NUMBER='(0,0,0,0,W11,0,0,0)';
      BIDIRECTIONAL='TRUE';
      CONSTRAINT='LOCATED';
      IO_REGISTER='NO';
      IO_STANDARD='LVDS_25';
      IO_BANK_NUMBER='2';
      INPUT_LOAD='(-0.01,0.01)';
      OUTPUT_LOAD='(1.0,-1.0)';
    'LVDS_RIGHT_DATA_N_B'<6>:
      PIN_NUMBER='(0,0,0,0,Y10,0,0,0)';
      BIDIRECTIONAL='TRUE';
      CONSTRAINT='LOCATED';
      IO_REGISTER='NO';
      IO_STANDARD='LVDS_25';
      IO_BANK_NUMBER='2';
      INPUT_LOAD='(-0.01,0.01)';
      OUTPUT_LOAD='(1.0,-1.0)';
    'LVDS_RIGHT_DATA_N_B'<7>:
      PIN_NUMBER='(0,0,0,0,AB10,0,0,0)';
      BIDIRECTIONAL='TRUE';
      CONSTRAINT='LOCATED';
      IO_REGISTER='NO';
      IO_STANDARD='LVDS_25';
      IO_BANK_NUMBER='2';
      INPUT_LOAD='(-0.01,0.01)';
      OUTPUT_LOAD='(1.0,-1.0)';
    'LVDS_RIGHT_DATA_N_B'<8>:
      PIN_NUMBER='(0,0,0,0,AB9,0,0,0)';
      BIDIRECTIONAL='TRUE';
      CONSTRAINT='LOCATED';
      IO_REGISTER='NO';
      IO_STANDARD='LVDS_25';
      IO_BANK_NUMBER='2';
      INPUT_LOAD='(-0.01,0.01)';
      OUTPUT_LOAD='(1.0,-1.0)';
    'LVDS_RIGHT_DATA_N_B'<9>:
      PIN_NUMBER='(0,0,0,0,Y8,0,0,0)';
      BIDIRECTIONAL='TRUE';
      CONSTRAINT='LOCATED';
      IO_REGISTER='NO';
      IO_STANDARD='LVDS_25';
      IO_BANK_NUMBER='2';
      INPUT_LOAD='(-0.01,0.01)';
      OUTPUT_LOAD='(1.0,-1.0)';
    'LVDS_RIGHT_DATA_N_B'<10>:
      PIN_NUMBER='(0,0,0,0,AB8,0,0,0)';
      BIDIRECTIONAL='TRUE';
      CONSTRAINT='LOCATED';
      IO_REGISTER='NO';
      IO_STANDARD='LVDS_25';
      IO_BANK_NUMBER='2';
      INPUT_LOAD='(-0.01,0.01)';
      OUTPUT_LOAD='(1.0,-1.0)';
    'LVDS_RIGHT_DATA_N_B'<11>:
      PIN_NUMBER='(0,0,0,0,AB7,0,0,0)';
      BIDIRECTIONAL='TRUE';
      CONSTRAINT='LOCATED';
      IO_REGISTER='NO';
      IO_STANDARD='LVDS_25';
      IO_BANK_NUMBER='2';
      INPUT_LOAD='(-0.01,0.01)';
      OUTPUT_LOAD='(1.0,-1.0)';
    'LVDS_RIGHT_DATA_N_B'<12>:
      PIN_NUMBER='(0,0,0,0,W8,0,0,0)';
      BIDIRECTIONAL='TRUE';
      CONSTRAINT='LOCATED';
      IO_REGISTER='NO';
      IO_STANDARD='LVDS_25';
      IO_BANK_NUMBER='2';
      INPUT_LOAD='(-0.01,0.01)';
      OUTPUT_LOAD='(1.0,-1.0)';
    'LVDS_RIGHT_DATA_N_B'<13>:
      PIN_NUMBER='(0,0,0,0,Y6,0,0,0)';
      BIDIRECTIONAL='TRUE';
      CONSTRAINT='LOCATED';
      IO_REGISTER='NO';
      IO_STANDARD='LVDS_25';
      IO_BANK_NUMBER='2';
      INPUT_LOAD='(-0.01,0.01)';
      OUTPUT_LOAD='(1.0,-1.0)';
    'LVDS_RIGHT_DATA_N_B'<14>:
      PIN_NUMBER='(0,0,0,0,AB6,0,0,0)';
      BIDIRECTIONAL='TRUE';
      CONSTRAINT='LOCATED';
      IO_REGISTER='NO';
      IO_STANDARD='LVDS_25';
      IO_BANK_NUMBER='2';
      INPUT_LOAD='(-0.01,0.01)';
      OUTPUT_LOAD='(1.0,-1.0)';
    'LVDS_RIGHT_DATA_N_B'<15>:
      PIN_NUMBER='(0,0,0,0,AB5,0,0,0)';
      BIDIRECTIONAL='TRUE';
      CONSTRAINT='LOCATED';
      IO_REGISTER='NO';
      IO_STANDARD='LVDS_25';
      IO_BANK_NUMBER='2';
      INPUT_LOAD='(-0.01,0.01)';
      OUTPUT_LOAD='(1.0,-1.0)';
    'LVDS_RIGHT_DATA_P_B'<0>:
      PIN_NUMBER='(0,0,0,0,Y15,0,0,0)';
      CONSTRAINT='LOCATED';
      IO_REGISTER='NO';
      SIGNAL_INTEGRITY='NONE';
      IO_STANDARD='LVDS_25';
      IO_BANK_NUMBER='2';
      OUTPUT_LOAD='(1.0,-1.0)';
    'LVDS_RIGHT_DATA_P_B'<1>:
      PIN_NUMBER='(0,0,0,0,AA14,0,0,0)';
      CONSTRAINT='LOCATED';
      IO_REGISTER='NO';
      SIGNAL_INTEGRITY='NONE';
      IO_STANDARD='LVDS_25';
      IO_BANK_NUMBER='2';
      OUTPUT_LOAD='(1.0,-1.0)';
    'LVDS_RIGHT_DATA_P_B'<2>:
      PIN_NUMBER='(0,0,0,0,W14,0,0,0)';
      CONSTRAINT='LOCATED';
      IO_REGISTER='NO';
      SIGNAL_INTEGRITY='NONE';
      IO_STANDARD='LVDS_25';
      IO_BANK_NUMBER='2';
      OUTPUT_LOAD='(1.0,-1.0)';
    'LVDS_RIGHT_DATA_P_B'<3>:
      PIN_NUMBER='(0,0,0,0,V13,0,0,0)';
      CONSTRAINT='LOCATED';
      IO_REGISTER='NO';
      SIGNAL_INTEGRITY='NONE';
      IO_STANDARD='LVDS_25';
      IO_BANK_NUMBER='2';
      OUTPUT_LOAD='(1.0,-1.0)';
    'LVDS_RIGHT_DATA_P_B'<4>:
      PIN_NUMBER='(0,0,0,0,W12,0,0,0)';
      CONSTRAINT='LOCATED';
      IO_REGISTER='NO';
      SIGNAL_INTEGRITY='NONE';
      IO_STANDARD='LVDS_25';
      IO_BANK_NUMBER='2';
      OUTPUT_LOAD='(1.0,-1.0)';
    'LVDS_RIGHT_DATA_P_B'<5>:
      PIN_NUMBER='(0,0,0,0,V11,0,0,0)';
      CONSTRAINT='LOCATED';
      IO_REGISTER='NO';
      SIGNAL_INTEGRITY='NONE';
      IO_STANDARD='LVDS_25';
      IO_BANK_NUMBER='2';
      OUTPUT_LOAD='(1.0,-1.0)';
    'LVDS_RIGHT_DATA_P_B'<6>:
      PIN_NUMBER='(0,0,0,0,W10,0,0,0)';
      CONSTRAINT='LOCATED';
      IO_REGISTER='NO';
      SIGNAL_INTEGRITY='NONE';
      IO_STANDARD='LVDS_25';
      IO_BANK_NUMBER='2';
      OUTPUT_LOAD='(1.0,-1.0)';
    'LVDS_RIGHT_DATA_P_B'<7>:
      PIN_NUMBER='(0,0,0,0,AA10,0,0,0)';
      CONSTRAINT='LOCATED';
      IO_REGISTER='NO';
      SIGNAL_INTEGRITY='NONE';
      IO_STANDARD='LVDS_25';
      IO_BANK_NUMBER='2';
      OUTPUT_LOAD='(1.0,-1.0)';
    'LVDS_RIGHT_DATA_P_B'<8>:
      PIN_NUMBER='(0,0,0,0,Y9,0,0,0)';
      CONSTRAINT='LOCATED';
      IO_REGISTER='NO';
      SIGNAL_INTEGRITY='NONE';
      IO_STANDARD='LVDS_25';
      IO_BANK_NUMBER='2';
      OUTPUT_LOAD='(1.0,-1.0)';
    'LVDS_RIGHT_DATA_P_B'<9>:
      PIN_NUMBER='(0,0,0,0,W9,0,0,0)';
      CONSTRAINT='LOCATED';
      IO_REGISTER='NO';
      SIGNAL_INTEGRITY='NONE';
      IO_STANDARD='LVDS_25';
      IO_BANK_NUMBER='2';
      OUTPUT_LOAD='(1.0,-1.0)';
    'LVDS_RIGHT_DATA_P_B'<10>:
      PIN_NUMBER='(0,0,0,0,AA8,0,0,0)';
      CONSTRAINT='LOCATED';
      IO_REGISTER='NO';
      SIGNAL_INTEGRITY='NONE';
      IO_STANDARD='LVDS_25';
      IO_BANK_NUMBER='2';
      OUTPUT_LOAD='(1.0,-1.0)';
    'LVDS_RIGHT_DATA_P_B'<11>:
      PIN_NUMBER='(0,0,0,0,Y7,0,0,0)';
      CONSTRAINT='LOCATED';
      IO_REGISTER='NO';
      SIGNAL_INTEGRITY='NONE';
      IO_STANDARD='LVDS_25';
      IO_BANK_NUMBER='2';
      OUTPUT_LOAD='(1.0,-1.0)';
    'LVDS_RIGHT_DATA_P_B'<12>:
      PIN_NUMBER='(0,0,0,0,V7,0,0,0)';
      CONSTRAINT='LOCATED';
      IO_REGISTER='NO';
      SIGNAL_INTEGRITY='NONE';
      IO_STANDARD='LVDS_25';
      IO_BANK_NUMBER='2';
      OUTPUT_LOAD='(1.0,-1.0)';
    'LVDS_RIGHT_DATA_P_B'<13>:
      PIN_NUMBER='(0,0,0,0,W6,0,0,0)';
      CONSTRAINT='LOCATED';
      IO_REGISTER='NO';
      SIGNAL_INTEGRITY='NONE';
      IO_STANDARD='LVDS_25';
      IO_BANK_NUMBER='2';
      OUTPUT_LOAD='(1.0,-1.0)';
    'LVDS_RIGHT_DATA_P_B'<14>:
      PIN_NUMBER='(0,0,0,0,AA6,0,0,0)';
      CONSTRAINT='LOCATED';
      IO_REGISTER='NO';
      SIGNAL_INTEGRITY='NONE';
      IO_STANDARD='LVDS_25';
      IO_BANK_NUMBER='2';
      OUTPUT_LOAD='(1.0,-1.0)';
    'LVDS_RIGHT_DATA_P_B'<15>:
      PIN_NUMBER='(0,0,0,0,Y5,0,0,0)';
      CONSTRAINT='LOCATED';
      IO_REGISTER='NO';
      SIGNAL_INTEGRITY='NONE';
      IO_STANDARD='LVDS_25';
      IO_BANK_NUMBER='2';
      OUTPUT_LOAD='(1.0,-1.0)';
    'CLK_20M_VCXO_I':
      PIN_NUMBER='(0,0,0,0,0,L3,0,0)';
      CONSTRAINT='LOCATED';
      IO_REGISTER='NO';
      SIGNAL_INTEGRITY='NONE';
      IOB_DELAY='NONE';
      IO_STANDARD='LVCMOS33';
      IO_BANK_NUMBER='3';
      INPUT_LOAD='(-0.01,0.01)';
    'CLK_125M_PLLREF_N_I':
      PIN_NUMBER='(0,0,0,0,0,K22,0,0)';
      CONSTRAINT='LOCATED';
      IO_REGISTER='NO';
      SIGNAL_INTEGRITY='DIFF_TERM';
      IO_STANDARD='LVDS_25';
      IO_BANK_NUMBER='1';
      INPUT_LOAD='(-0.01,0.01)';
    'CLK_125M_PLLREF_P_I':
      PIN_NUMBER='(0,0,0,0,0,K21,0,0)';
      CONSTRAINT='LOCATED';
      IO_REGISTER='NO';
      SIGNAL_INTEGRITY='DIFF_TERM';
      IOB_DELAY='NONE';
      IO_STANDARD='LVDS_25';
      IO_BANK_NUMBER='1';
      INPUT_LOAD='(-0.01,0.01)';
    'PLL25DAC1_SYNC_N_O':
      PIN_NUMBER='(0,0,0,0,0,R1,0,0)';
      CONSTRAINT='LOCATED';
      IO_REGISTER='NO';
      SIGNAL_INTEGRITY='NONE';
      IO_STANDARD='LVCMOS33';
      IO_BANK_NUMBER='3';
      DRIVE__MA_='12';
      SLEW_RATE='SLOW';
      OUTPUT_LOAD='(1.0,-1.0)';
    'PLL25DAC2_SYNC_N_O':
      PIN_NUMBER='(0,0,0,0,0,R3,0,0)';
      CONSTRAINT='LOCATED';
      IO_REGISTER='NO';
      SIGNAL_INTEGRITY='NONE';
      IO_STANDARD='LVCMOS33';
      IO_BANK_NUMBER='3';
      DRIVE__MA_='12';
      SLEW_RATE='SLOW';
      OUTPUT_LOAD='(1.0,-1.0)';
    'PLL25DAC_DIN_O':
      PIN_NUMBER='(0,0,0,0,0,R4,0,0)';
      CONSTRAINT='LOCATED';
      IO_REGISTER='NO';
      SIGNAL_INTEGRITY='NONE';
      IO_STANDARD='LVCMOS33';
      IO_BANK_NUMBER='3';
      DRIVE__MA_='12';
      SLEW_RATE='SLOW';
      OUTPUT_LOAD='(1.0,-1.0)';
    'PLL25DAC_SCLK_O':
      PIN_NUMBER='(0,0,0,0,0,P1,0,0)';
      CONSTRAINT='LOCATED';
      IO_REGISTER='NO';
      SIGNAL_INTEGRITY='NONE';
      IO_STANDARD='LVCMOS33';
      IO_BANK_NUMBER='3';
      DRIVE__MA_='12';
      SLEW_RATE='SLOW';
      OUTPUT_LOAD='(1.0,-1.0)';
    'SI57X_CLK_N_I':
      PIN_NUMBER='(0,0,0,0,0,L4,0,0)';
      PINUSE='UNSPEC';
      CONSTRAINT='LOCATED';
      IO_REGISTER='NO';
      SIGNAL_INTEGRITY='DIFF_TERM';
      IO_STANDARD='LVDS_25';
      IO_BANK_NUMBER='3';
      NO_LOAD_CHECK='Both';
      NO_IO_CHECK='Both';
      NO_ASSERT_CHECK='TRUE';
      NO_DIR_CHECK='TRUE';
      ALLOW_CONNECT='TRUE';
    'SI57X_CLK_P_I':
      PIN_NUMBER='(0,0,0,0,0,M3,0,0)';
      CONSTRAINT='LOCATED';
      IO_REGISTER='NO';
      SIGNAL_INTEGRITY='DIFF_TERM';
      IOB_DELAY='NONE';
      IO_STANDARD='LVDS_25';
      IO_BANK_NUMBER='3';
      INPUT_LOAD='(-0.01,0.01)';
    'SI57X_OE_O':
      PIN_NUMBER='(0,0,0,0,0,P2,0,0)';
      CONSTRAINT='LOCATED';
      IO_REGISTER='NO';
      SIGNAL_INTEGRITY='NONE';
      IO_STANDARD='LVCMOS33';
      IO_BANK_NUMBER='3';
      DRIVE__MA_='12';
      SLEW_RATE='SLOW';
      OUTPUT_LOAD='(1.0,-1.0)';
    'BUTTON1_I':
      PIN_NUMBER='(0,0,0,0,0,0,H5,0)';
      CONSTRAINT='LOCATED';
      IO_REGISTER='NO';
      SIGNAL_INTEGRITY='NONE';
      IOB_DELAY='NONE';
      IO_STANDARD='LVCMOS33';
      IO_BANK_NUMBER='3';
      INPUT_LOAD='(-0.01,0.01)';
    'BUTTON2_I':
      PIN_NUMBER='(0,0,0,0,0,0,H6,0)';
      CONSTRAINT='LOCATED';
      IO_REGISTER='NO';
      SIGNAL_INTEGRITY='NONE';
      IOB_DELAY='NONE';
      IO_STANDARD='LVCMOS33';
      IO_BANK_NUMBER='3';
      INPUT_LOAD='(-0.01,0.01)';
    'CTEST_O'<0>:
      PIN_NUMBER='(0,0,0,0,0,0,E3,0)';
      CONSTRAINT='LOCATED';
      IO_REGISTER='NO';
      SIGNAL_INTEGRITY='NONE';
      IO_STANDARD='LVCMOS33';
      IO_BANK_NUMBER='3';
      DRIVE__MA_='12';
      SLEW_RATE='SLOW';
      OUTPUT_LOAD='(1.0,-1.0)';
    'CTEST_O'<1>:
      PIN_NUMBER='(0,0,0,0,0,0,E1,0)';
      CONSTRAINT='LOCATED';
      IO_REGISTER='NO';
      SIGNAL_INTEGRITY='NONE';
      IO_STANDARD='LVCMOS33';
      IO_BANK_NUMBER='3';
      DRIVE__MA_='12';
      SLEW_RATE='SLOW';
      OUTPUT_LOAD='(1.0,-1.0)';
    'CTEST_O'<2>:
      PIN_NUMBER='(0,0,0,0,0,0,D2,0)';
      CONSTRAINT='LOCATED';
      IO_REGISTER='NO';
      SIGNAL_INTEGRITY='NONE';
      IO_STANDARD='LVCMOS33';
      IO_BANK_NUMBER='3';
      DRIVE__MA_='12';
      SLEW_RATE='SLOW';
      OUTPUT_LOAD='(1.0,-1.0)';
    'CTEST_O'<3>:
      PIN_NUMBER='(0,0,0,0,0,0,D1,0)';
      CONSTRAINT='LOCATED';
      IO_REGISTER='NO';
      SIGNAL_INTEGRITY='NONE';
      IO_STANDARD='LVCMOS33';
      IO_BANK_NUMBER='3';
      DRIVE__MA_='12';
      SLEW_RATE='SLOW';
      OUTPUT_LOAD='(1.0,-1.0)';
    'CTEST_O'<4>:
      PIN_NUMBER='(0,0,0,0,0,0,C1,0)';
      CONSTRAINT='LOCATED';
      IO_REGISTER='NO';
      SIGNAL_INTEGRITY='NONE';
      IO_STANDARD='LVCMOS33';
      IO_BANK_NUMBER='3';
      DRIVE__MA_='12';
      SLEW_RATE='SLOW';
      OUTPUT_LOAD='(1.0,-1.0)';
    'CTEST_O'<5>:
      PIN_NUMBER='(0,0,0,0,0,0,E4,0)';
      CONSTRAINT='LOCATED';
      IO_REGISTER='NO';
      SIGNAL_INTEGRITY='NONE';
      IO_STANDARD='LVCMOS33';
      IO_BANK_NUMBER='3';
      DRIVE__MA_='12';
      SLEW_RATE='SLOW';
      OUTPUT_LOAD='(1.0,-1.0)';
    'DIP_SWITCH_I'<0>:
      PIN_NUMBER='(0,0,0,0,0,0,J6,0)';
      CONSTRAINT='LOCATED';
      IO_REGISTER='NO';
      SIGNAL_INTEGRITY='NONE';
      IOB_DELAY='NONE';
      IO_STANDARD='LVCMOS33';
      IO_BANK_NUMBER='3';
      INPUT_LOAD='(-0.01,0.01)';
    'DIP_SWITCH_I'<1>:
      PIN_NUMBER='(0,0,0,0,0,0,J4,0)';
      CONSTRAINT='LOCATED';
      IO_REGISTER='NO';
      SIGNAL_INTEGRITY='NONE';
      IOB_DELAY='NONE';
      IO_STANDARD='LVCMOS33';
      IO_BANK_NUMBER='3';
      INPUT_LOAD='(-0.01,0.01)';
    'DIP_SWITCH_I'<2>:
      PIN_NUMBER='(0,0,0,0,0,0,J3,0)';
      CONSTRAINT='LOCATED';
      IO_REGISTER='NO';
      SIGNAL_INTEGRITY='NONE';
      IOB_DELAY='NONE';
      IO_STANDARD='LVCMOS33';
      IO_BANK_NUMBER='3';
      INPUT_LOAD='(-0.01,0.01)';
    'DIP_SWITCH_I'<3>:
      PIN_NUMBER='(0,0,0,0,0,0,K1,0)';
      CONSTRAINT='LOCATED';
      IO_REGISTER='NO';
      SIGNAL_INTEGRITY='NONE';
      IOB_DELAY='NONE';
      IO_STANDARD='LVCMOS33';
      IO_BANK_NUMBER='3';
      INPUT_LOAD='(-0.01,0.01)';
    'FPGA_SCL_B':
      PIN_NUMBER='(0,0,0,0,0,0,T3,0)';
      BIDIRECTIONAL='TRUE';
      CONSTRAINT='LOCATED';
      IO_REGISTER='NO';
      SIGNAL_INTEGRITY='NONE';
      IOB_DELAY='NONE';
      IO_STANDARD='LVCMOS33';
      IO_BANK_NUMBER='3';
      DRIVE__MA_='12';
      SLEW_RATE='SLOW';
      INPUT_LOAD='(-0.01,0.01)';
      OUTPUT_LOAD='(1.0,-1.0)';
    'FPGA_SDA_B':
      PIN_NUMBER='(0,0,0,0,0,0,T4,0)';
      BIDIRECTIONAL='TRUE';
      CONSTRAINT='LOCATED';
      IO_REGISTER='NO';
      SIGNAL_INTEGRITY='NONE';
      IOB_DELAY='NONE';
      IO_STANDARD='LVCMOS33';
      IO_BANK_NUMBER='3';
      DRIVE__MA_='12';
      SLEW_RATE='SLOW';
      INPUT_LOAD='(-0.01,0.01)';
      OUTPUT_LOAD='(1.0,-1.0)';
    'GPIO'<0>:
      PIN_NUMBER='(0,0,0,0,0,0,G4,0)';
      CONSTRAINT='LOCATED';
      IO_REGISTER='NO';
      SIGNAL_INTEGRITY='NONE';
      IO_STANDARD='LVCMOS33';
      IO_BANK_NUMBER='3';
      DRIVE__MA_='12';
      SLEW_RATE='SLOW';
      OUTPUT_LOAD='(1.0,-1.0)';
    'GPIO'<1>:
      PIN_NUMBER='(0,0,0,0,0,0,G3,0)';
      CONSTRAINT='LOCATED';
      IO_REGISTER='NO';
      SIGNAL_INTEGRITY='NONE';
      IO_STANDARD='LVCMOS33';
      IO_BANK_NUMBER='3';
      DRIVE__MA_='12';
      SLEW_RATE='SLOW';
      OUTPUT_LOAD='(1.0,-1.0)';
    'GPIO'<2>:
      PIN_NUMBER='(0,0,0,0,0,0,G1,0)';
      CONSTRAINT='LOCATED';
      IO_REGISTER='NO';
      SIGNAL_INTEGRITY='NONE';
      IO_STANDARD='LVCMOS33';
      IO_BANK_NUMBER='3';
      DRIVE__MA_='12';
      SLEW_RATE='SLOW';
      OUTPUT_LOAD='(1.0,-1.0)';
    'GPIO'<3>:
      PIN_NUMBER='(0,0,0,0,0,0,G6,0)';
      CONSTRAINT='LOCATED';
      IO_REGISTER='NO';
      SIGNAL_INTEGRITY='NONE';
      IO_STANDARD='LVCMOS33';
      IO_BANK_NUMBER='3';
      DRIVE__MA_='12';
      SLEW_RATE='SLOW';
      OUTPUT_LOAD='(1.0,-1.0)';
    'GPIO'<4>:
      PIN_NUMBER='(0,0,0,0,0,0,F3,0)';
      CONSTRAINT='LOCATED';
      IO_REGISTER='NO';
      SIGNAL_INTEGRITY='NONE';
      IO_STANDARD='LVCMOS33';
      IO_BANK_NUMBER='3';
      DRIVE__MA_='12';
      SLEW_RATE='SLOW';
      OUTPUT_LOAD='(1.0,-1.0)';
    'GPIO'<5>:
      PIN_NUMBER='(0,0,0,0,0,0,F2,0)';
      CONSTRAINT='LOCATED';
      IO_REGISTER='NO';
      SIGNAL_INTEGRITY='NONE';
      IO_STANDARD='LVCMOS33';
      IO_BANK_NUMBER='3';
      DRIVE__MA_='12';
      SLEW_RATE='SLOW';
      OUTPUT_LOAD='(1.0,-1.0)';
    'GPIO'<6>:
      PIN_NUMBER='(0,0,0,0,0,0,F1,0)';
      CONSTRAINT='LOCATED';
      IO_REGISTER='NO';
      SIGNAL_INTEGRITY='NONE';
      IO_STANDARD='LVCMOS33';
      IO_BANK_NUMBER='3';
      DRIVE__MA_='12';
      SLEW_RATE='SLOW';
      OUTPUT_LOAD='(1.0,-1.0)';
    'GPIO'<7>:
      PIN_NUMBER='(0,0,0,0,0,0,F5,0)';
      CONSTRAINT='LOCATED';
      IO_REGISTER='NO';
      SIGNAL_INTEGRITY='NONE';
      IOB_DELAY='NONE';
      IO_STANDARD='LVCMOS33';
      IO_BANK_NUMBER='3';
      OUTPUT_LOAD='(1.0,-1.0)';
    'LEDS_O'<0>:
      PIN_NUMBER='(0,0,0,0,0,0,H4,0)';
      CONSTRAINT='LOCATED';
      IO_REGISTER='NO';
      SIGNAL_INTEGRITY='NONE';
      IO_STANDARD='LVCMOS33';
      IO_BANK_NUMBER='3';
      DRIVE__MA_='12';
      SLEW_RATE='SLOW';
      OUTPUT_LOAD='(1.0,-1.0)';
    'LEDS_O'<1>:
      PIN_NUMBER='(0,0,0,0,0,0,H3,0)';
      CONSTRAINT='LOCATED';
      IO_REGISTER='NO';
      SIGNAL_INTEGRITY='NONE';
      IO_STANDARD='LVCMOS33';
      IO_BANK_NUMBER='3';
      DRIVE__MA_='12';
      SLEW_RATE='SLOW';
      OUTPUT_LOAD='(1.0,-1.0)';
    'LEDS_O'<2>:
      PIN_NUMBER='(0,0,0,0,0,0,H2,0)';
      CONSTRAINT='LOCATED';
      IO_REGISTER='NO';
      SIGNAL_INTEGRITY='NONE';
      IO_STANDARD='LVCMOS33';
      IO_BANK_NUMBER='3';
      DRIVE__MA_='12';
      SLEW_RATE='SLOW';
      OUTPUT_LOAD='(1.0,-1.0)';
    'LEDS_O'<3>:
      PIN_NUMBER='(0,0,0,0,0,0,H1,0)';
      CONSTRAINT='LOCATED';
      IO_REGISTER='NO';
      SIGNAL_INTEGRITY='NONE';
      IO_STANDARD='LVCMOS33';
      IO_BANK_NUMBER='3';
      DRIVE__MA_='12';
      SLEW_RATE='SLOW';
      OUTPUT_LOAD='(1.0,-1.0)';
    'LEDS_O'<4>:
      PIN_NUMBER='(0,0,0,0,0,0,J1,0)';
      CONSTRAINT='LOCATED';
      IO_REGISTER='NO';
      SIGNAL_INTEGRITY='NONE';
      IO_STANDARD='LVCMOS33';
      IO_BANK_NUMBER='3';
      DRIVE__MA_='12';
      SLEW_RATE='SLOW';
      OUTPUT_LOAD='(1.0,-1.0)';
    'ONE_WIRE_B':
      PIN_NUMBER='(0,0,0,0,0,0,t5,0)';
      BIDIRECTIONAL='TRUE';
      CONSTRAINT='LOCATED';
      IO_REGISTER='NO';
      SIGNAL_INTEGRITY='NONE';
      IOB_DELAY='NONE';
      IO_STANDARD='LVCMOS33';
      IO_BANK_NUMBER='3';
      DRIVE__MA_='12';
      SLEW_RATE='SLOW';
      INPUT_LOAD='(-0.01,0.01)';
      OUTPUT_LOAD='(1.0,-1.0)';
    'ENABLE_GCLK_DRIVE_O':
      PIN_NUMBER='(0,0,0,0,0,0,0,T1)';
      CONSTRAINT='LOCATED';
      IO_REGISTER='NO';
      SIGNAL_INTEGRITY='NONE';
      IO_STANDARD='LVCMOS33';
      IO_BANK_NUMBER='3';
      DRIVE__MA_='12';
      SLEW_RATE='SLOW';
      OUTPUT_LOAD='(1.0,-1.0)';
    'ENABLE_GLOBALTRIG_DRIVE_O':
      PIN_NUMBER='(0,0,0,0,0,0,0,T2)';
      CONSTRAINT='LOCATED';
      IO_REGISTER='NO';
      SIGNAL_INTEGRITY='NONE';
      IO_STANDARD='LVCMOS33';
      IO_BANK_NUMBER='3';
      DRIVE__MA_='12';
      SLEW_RATE='SLOW';
      OUTPUT_LOAD='(1.0,-1.0)';
    'LVDS_GCLK_FROM_FPGA_N_O':
      PIN_NUMBER='(0,0,0,0,0,0,0,AB17)';
      CONSTRAINT='LOCATED';
      IO_REGISTER='NO';
      IO_STANDARD='LVDS_25';
      IO_BANK_NUMBER='2';
      OUTPUT_LOAD='(1.0,-1.0)';
    'LVDS_GCLK_FROM_FPGA_P_O':
      PIN_NUMBER='(0,0,0,0,0,0,0,Y17)';
      CONSTRAINT='LOCATED';
      IO_REGISTER='NO';
      SIGNAL_INTEGRITY='NONE';
      IO_STANDARD='LVDS_25';
      IO_BANK_NUMBER='2';
      OUTPUT_LOAD='(1.0,-1.0)';
    'LVDS_GCLK_TO_FPGA_N_I':
      PIN_NUMBER='(0,0,0,0,0,0,0,AB12)';
      CONSTRAINT='LOCATED';
      IO_REGISTER='NO';
      SIGNAL_INTEGRITY='DIFF_TERM';
      IO_STANDARD='LVDS_25';
      IO_BANK_NUMBER='2';
      INPUT_LOAD='(-0.01,0.01)';
    'LVDS_GCLK_TO_FPGA_P_I':
      PIN_NUMBER='(0,0,0,0,0,0,0,AA12)';
      CONSTRAINT='LOCATED';
      IO_REGISTER='NO';
      SIGNAL_INTEGRITY='DIFF_TERM';
      IOB_DELAY='NONE';
      IO_STANDARD='LVDS_25';
      IO_BANK_NUMBER='2';
      INPUT_LOAD='(-0.01,0.01)';
    'LVDS_GLOBALTRIG_FROM_FPGA_N_O':
      PIN_NUMBER='(0,0,0,0,0,0,0,AB18)';
      CONSTRAINT='LOCATED';
      IO_REGISTER='NO';
      IO_STANDARD='LVDS_25';
      IO_BANK_NUMBER='2';
      OUTPUT_LOAD='(1.0,-1.0)';
    'LVDS_GLOBALTRIG_FROM_FPGA_P_O':
      PIN_NUMBER='(0,0,0,0,0,0,0,AA18)';
      CONSTRAINT='LOCATED';
      IO_REGISTER='NO';
      SIGNAL_INTEGRITY='NONE';
      IO_STANDARD='LVDS_25';
      IO_BANK_NUMBER='2';
      OUTPUT_LOAD='(1.0,-1.0)';
    'LVDS_GLOBALTRIG_TO_FPGA_N_I':
      PIN_NUMBER='(0,0,0,0,0,0,0,AB13)';
      CONSTRAINT='LOCATED';
      IO_REGISTER='NO';
      SIGNAL_INTEGRITY='DIFF_TERM';
      IO_STANDARD='LVDS_25';
      IO_BANK_NUMBER='2';
      INPUT_LOAD='(-0.01,0.01)';
    'LVDS_GLOBALTRIG_TO_FPGA_P_I':
      PIN_NUMBER='(0,0,0,0,0,0,0,Y13)';
      CONSTRAINT='LOCATED';
      IO_REGISTER='NO';
      SIGNAL_INTEGRITY='DIFF_TERM';
      IOB_DELAY='NONE';
      IO_STANDARD='LVDS_25';
      IO_BANK_NUMBER='2';
      INPUT_LOAD='(-0.01,0.01)';
    'LVDS_OTRIG_FROM_FPGA_N_O':
      PIN_NUMBER='(0,0,0,0,0,0,0,AB16)';
      CONSTRAINT='LOCATED';
      IO_REGISTER='NO';
      IO_STANDARD='LVDS_25';
      IO_BANK_NUMBER='2';
      OUTPUT_LOAD='(1.0,-1.0)';
    'LVDS_OTRIG_FROM_FPGA_P_O':
      PIN_NUMBER='(0,0,0,0,0,0,0,AA16)';
      CONSTRAINT='LOCATED';
      IO_REGISTER='NO';
      SIGNAL_INTEGRITY='NONE';
      IO_STANDARD='LVDS_25';
      IO_BANK_NUMBER='2';
      OUTPUT_LOAD='(1.0,-1.0)';
    'LVDS_OTRIG_TO_FPGA_N_I':
      PIN_NUMBER='(0,0,0,0,0,0,0,Y18)';
      CONSTRAINT='LOCATED';
      IO_REGISTER='NO';
      SIGNAL_INTEGRITY='DIFF_TERM';
      IO_STANDARD='LVDS_25';
      IO_BANK_NUMBER='2';
      INPUT_LOAD='(-0.01,0.01)';
    'LVDS_OTRIG_TO_FPGA_P_I':
      PIN_NUMBER='(0,0,0,0,0,0,0,W17)';
      CONSTRAINT='LOCATED';
      IO_REGISTER='NO';
      SIGNAL_INTEGRITY='DIFF_TERM';
      IOB_DELAY='NONE';
      IO_STANDARD='LVDS_25';
      IO_BANK_NUMBER='2';
      INPUT_LOAD='(-0.01,0.01)';
  end_pin;
  body
    PART_NAME='PC049A_FPGA';
    POWER_VOLTAGE='VCCO_2=2.50;IO_L83N_VREF_3=1.25;VCCO_0=2.50;VCCO_3=3.30;VCCO_1=ANY******;IO_L28N_VREF_1=1.25;VCCAUX=2.5;IO_L1N_A24_VREF_1=1.25;VCCINT=1.2;IO_L57N_VREF_3=1.25;IO_L31N_VREF_3=1.25;IO_L1N_VREF_3=1.25;IO_L53N_VREF_1=1.25';
    BODY_NAME='PC049A_FPGA';
    JEDEC_TYPE='bga484c100p22x22_2300x2300x260';
    PHYS_DES_PREFIX='U';
    CLASS='IC';
    NC_PINS='(A10,A12,AB19,B10,B12,C3,D3,F10,G7,G9,G11,G13,G15,H8,H10,H11,H12)';
    NC_PINS='(H13,H14,H16,J7,J16,K7,K16,L1,L15,M4,M5,M6,M7,M16,N7,N15,N16,P7)';
    NC_PINS='(P16,R7,R8,R9,R11,R13,R15,R16,R17,T6,T7,T8,T10,T11,T12,T14,T15)';
    NC_PINS='(U6,U8,U9,U10,U12,U13,U14,U15,U16,V9,V15,V17,V19,V20,W15,W18,Y16)';
  end_body;
end_primitive;

END.
